<html>
<body>
<pre>
<h1>µVision Build Log</h1>
<h2>Tool Versions:</h2>
IDE-Version: ¦ÌVision V5.33.0.0
Copyright (C) 2020 ARM Ltd and ARM Germany GmbH. All rights reserved.
License Information: HAO XIAO, 123456, LIC=MPPLD-8LVL3-74YS0-BW8MI-EEBB5-14HTS
 
Tool Versions:
Toolchain:       MDK-ARM Plus  Version: 5.33.0.0
Toolchain Path:  D:\Keil_v5\ARM\ARMCC\Bin
C Compiler:      Armcc.exe V5.06 update 7 (build 960)
Assembler:       Armasm.exe V5.06 update 7 (build 960)
Linker/Locator:  ArmLink.exe V5.06 update 7 (build 960)
Library Manager: ArmAr.exe V5.06 update 7 (build 960)
Hex Converter:   FromElf.exe V5.06 update 7 (build 960)
CPU DLL:         SARMCM3.DLL V5.33.0.0
Dialog DLL:      DCM.DLL V1.17.3.0
Target DLL:      STLink\ST-LINKIII-KEIL_SWO.dll V3.0.8.0
Dialog DLL:      TCM.DLL V1.48.0.0
 
<h2>Project:</h2>
D:\keilcode\n32wb45_standard\project\n32.uvprojx
Project File Date:  12/17/2025

<h2>Output:</h2>
*** Using Compiler 'V5.06 update 7 (build 960)', folder: 'D:\Keil_v5\ARM\ARMCC\Bin'
Rebuild target 'Target 1'
assembling startup_n32wb452.s...
compiling misc.c...
compiling main.c...
..\user\main.c(8): warning:  #223-D: function "UART5_init" declared implicitly
  	UART5_init(115200);
..\user\main.c(24): warning:  #223-D: function "UART5_rx" declared implicitly
  	data=UART5_rx();
..\user\main.c(28): warning:  #223-D: function "UART5_tx" declared implicitly
  	UART5_tx(data);
..\user\main.c: 3 warnings, 0 errors
compiling usart.c...
compiling led.c...
..\drivers\src\led.c(33): warning:  #1-D: last line of file ends without a newline
  }
..\drivers\src\led.c: 1 warning, 0 errors
compiling n32wb452_dac.c...
compiling n32wb452_adc.c...
compiling n32wb452_can.c...
compiling n32wb452_it.c...
compiling system_n32wb452.c...
compiling n32wb452_bkp.c...
compiling systick.c...
compiling n32wb452_dvp.c...
compiling n32wb452_exti.c...
compiling n32wb452_dbg.c...
compiling n32wb452_crc.c...
compiling n32wb452_dma.c...
compiling n32wb452_flash.c...
compiling n32wb452_gpio.c...
compiling n32wb452_i2c.c...
compiling n32wb452_iwdg.c...
compiling n32wb452_pwr.c...
compiling n32wb452_rcc.c...
compiling n32wb452_rtc.c...
compiling n32wb452_sdio.c...
compiling n32wb452_spi.c...
compiling n32wb452_wwdg.c...
compiling n32wb452_tsc.c...
compiling n32wb452_usart.c...
compiling n32wb452_tim.c...
linking...
Program Size: Code=2814 RO-data=506 RW-data=16 ZI-data=7264  
FromELF: creating hex file...
".\Objects\n32.axf" - 0 Error(s), 4 Warning(s).

<h2>Software Packages used:</h2>

Package Vendor: Nationstech
                http://www.keil.com/pack/Nationstech.N32WB452_DFP.1.0.5.pack
                Nationstech.N32WB452_DFP.1.0.5
                Nationstech N32WB452 Series Device Support, Drivers and Examples

<h2>Collection of Component include folders:</h2>
  D:\Keil_v5\Arm\Packs\Nationstech\N32WB452_DFP\1.0.5\firmware\CMSIS\device

<h2>Collection of Component Files used:</h2>
Build Time Elapsed:  00:00:03
</pre>
</body>
</html>
