<!doctype html public "-//w3c//dtd html 4.0 transitional//en">
<html><head>
<title>Static Call Graph - [.\Objects\n32.axf]</title></head>
<body><HR>
<H1>Static Call Graph for image .\Objects\n32.axf</H1><HR>
<BR><P>#&#060CALLGRAPH&#062# ARM Linker, 5060960: Last Updated: Mon Dec 22 16:59:16 2025
<BR><P>
<H3>Maximum Stack Usage =        328 bytes + Unknown(Cycles, Untraceable Function Pointers)</H3><H3>
Call chain for Maximum Stack Depth:</H3>
main &rArr; module_MQTT &rArr; module_data &rArr; fat_send_wait_cmdres_nonblocking &rArr; __2printf
<P>
<H3>
Mutually Recursive functions
</H3> <LI><a href="#[8]">PendSV_Handler</a>&nbsp;&nbsp;&nbsp;&rArr;&nbsp;&nbsp;&nbsp;<a href="#[8]">PendSV_Handler</a><BR>
 <LI><a href="#[1f]">CAN1_RX1_IRQHandler</a>&nbsp;&nbsp;&nbsp;&rArr;&nbsp;&nbsp;&nbsp;<a href="#[1f]">CAN1_RX1_IRQHandler</a><BR>
</UL>
<P>
<H3>
Function Pointers
</H3><UL>
 <LI><a href="#[1c]">ADC1_2_IRQHandler</a> from n32wb452_it.o(i.ADC1_2_IRQHandler) referenced from startup_n32wb452.o(RESET)
 <LI><a href="#[4]">BusFault_Handler</a> from n32wb452_it.o(i.BusFault_Handler) referenced from startup_n32wb452.o(RESET)
 <LI><a href="#[1f]">CAN1_RX1_IRQHandler</a> from startup_n32wb452.o(.text) referenced from startup_n32wb452.o(RESET)
 <LI><a href="#[20]">CAN1_SCE_IRQHandler</a> from startup_n32wb452.o(.text) referenced from startup_n32wb452.o(RESET)
 <LI><a href="#[4a]">CAN2_RX0_IRQHandler</a> from startup_n32wb452.o(.text) referenced from startup_n32wb452.o(RESET)
 <LI><a href="#[4b]">CAN2_RX1_IRQHandler</a> from startup_n32wb452.o(.text) referenced from startup_n32wb452.o(RESET)
 <LI><a href="#[4c]">CAN2_SCE_IRQHandler</a> from startup_n32wb452.o(.text) referenced from startup_n32wb452.o(RESET)
 <LI><a href="#[49]">CAN2_TX_IRQHandler</a> from startup_n32wb452.o(.text) referenced from startup_n32wb452.o(RESET)
 <LI><a href="#[15]">DMA1_Channel1_IRQHandler</a> from startup_n32wb452.o(.text) referenced from startup_n32wb452.o(RESET)
 <LI><a href="#[16]">DMA1_Channel2_IRQHandler</a> from startup_n32wb452.o(.text) referenced from startup_n32wb452.o(RESET)
 <LI><a href="#[17]">DMA1_Channel3_IRQHandler</a> from startup_n32wb452.o(.text) referenced from startup_n32wb452.o(RESET)
 <LI><a href="#[18]">DMA1_Channel4_IRQHandler</a> from startup_n32wb452.o(.text) referenced from startup_n32wb452.o(RESET)
 <LI><a href="#[19]">DMA1_Channel5_IRQHandler</a> from startup_n32wb452.o(.text) referenced from startup_n32wb452.o(RESET)
 <LI><a href="#[1a]">DMA1_Channel6_IRQHandler</a> from startup_n32wb452.o(.text) referenced from startup_n32wb452.o(RESET)
 <LI><a href="#[1b]">DMA1_Channel7_IRQHandler</a> from startup_n32wb452.o(.text) referenced from startup_n32wb452.o(RESET)
 <LI><a href="#[56]">DMA1_Channel8_IRQHandler</a> from startup_n32wb452.o(.text) referenced from startup_n32wb452.o(RESET)
 <LI><a href="#[42]">DMA2_Channel1_IRQHandler</a> from startup_n32wb452.o(.text) referenced from startup_n32wb452.o(RESET)
 <LI><a href="#[43]">DMA2_Channel2_IRQHandler</a> from startup_n32wb452.o(.text) referenced from startup_n32wb452.o(RESET)
 <LI><a href="#[44]">DMA2_Channel3_IRQHandler</a> from startup_n32wb452.o(.text) referenced from startup_n32wb452.o(RESET)
 <LI><a href="#[45]">DMA2_Channel4_IRQHandler</a> from startup_n32wb452.o(.text) referenced from startup_n32wb452.o(RESET)
 <LI><a href="#[46]">DMA2_Channel5_IRQHandler</a> from startup_n32wb452.o(.text) referenced from startup_n32wb452.o(RESET)
 <LI><a href="#[4e]">DMA2_Channel6_IRQHandler</a> from startup_n32wb452.o(.text) referenced from startup_n32wb452.o(RESET)
 <LI><a href="#[4f]">DMA2_Channel7_IRQHandler</a> from startup_n32wb452.o(.text) referenced from startup_n32wb452.o(RESET)
 <LI><a href="#[57]">DMA2_Channel8_IRQHandler</a> from startup_n32wb452.o(.text) referenced from startup_n32wb452.o(RESET)
 <LI><a href="#[58]">DVP_IRQHandler</a> from startup_n32wb452.o(.text) referenced from startup_n32wb452.o(RESET)
 <LI><a href="#[7]">DebugMon_Handler</a> from n32wb452_it.o(i.DebugMon_Handler) referenced from startup_n32wb452.o(RESET)
 <LI><a href="#[10]">EXTI0_IRQHandler</a> from startup_n32wb452.o(.text) referenced from startup_n32wb452.o(RESET)
 <LI><a href="#[32]">EXTI15_10_IRQHandler</a> from startup_n32wb452.o(.text) referenced from startup_n32wb452.o(RESET)
 <LI><a href="#[11]">EXTI1_IRQHandler</a> from startup_n32wb452.o(.text) referenced from startup_n32wb452.o(RESET)
 <LI><a href="#[12]">EXTI2_IRQHandler</a> from startup_n32wb452.o(.text) referenced from startup_n32wb452.o(RESET)
 <LI><a href="#[13]">EXTI3_IRQHandler</a> from startup_n32wb452.o(.text) referenced from startup_n32wb452.o(RESET)
 <LI><a href="#[14]">EXTI4_IRQHandler</a> from startup_n32wb452.o(.text) referenced from startup_n32wb452.o(RESET)
 <LI><a href="#[21]">EXTI9_5_IRQHandler</a> from startup_n32wb452.o(.text) referenced from startup_n32wb452.o(RESET)
 <LI><a href="#[e]">FLASH_IRQHandler</a> from startup_n32wb452.o(.text) referenced from startup_n32wb452.o(RESET)
 <LI><a href="#[2]">HardFault_Handler</a> from n32wb452_it.o(i.HardFault_Handler) referenced from startup_n32wb452.o(RESET)
 <LI><a href="#[2a]">I2C1_ER_IRQHandler</a> from startup_n32wb452.o(.text) referenced from startup_n32wb452.o(RESET)
 <LI><a href="#[29]">I2C1_EV_IRQHandler</a> from startup_n32wb452.o(.text) referenced from startup_n32wb452.o(RESET)
 <LI><a href="#[2c]">I2C2_ER_IRQHandler</a> from startup_n32wb452.o(.text) referenced from startup_n32wb452.o(RESET)
 <LI><a href="#[2b]">I2C2_EV_IRQHandler</a> from startup_n32wb452.o(.text) referenced from startup_n32wb452.o(RESET)
 <LI><a href="#[51]">I2C3_ER_IRQHandler</a> from startup_n32wb452.o(.text) referenced from startup_n32wb452.o(RESET)
 <LI><a href="#[50]">I2C3_EV_IRQHandler</a> from startup_n32wb452.o(.text) referenced from startup_n32wb452.o(RESET)
 <LI><a href="#[53]">I2C4_ER_IRQHandler</a> from startup_n32wb452.o(.text) referenced from startup_n32wb452.o(RESET)
 <LI><a href="#[52]">I2C4_EV_IRQHandler</a> from startup_n32wb452.o(.text) referenced from startup_n32wb452.o(RESET)
 <LI><a href="#[5a]">MMU_IRQHandler</a> from startup_n32wb452.o(.text) referenced from startup_n32wb452.o(RESET)
 <LI><a href="#[3]">MemManage_Handler</a> from n32wb452_it.o(i.MemManage_Handler) referenced from startup_n32wb452.o(RESET)
 <LI><a href="#[1]">NMI_Handler</a> from n32wb452_it.o(i.NMI_Handler) referenced from startup_n32wb452.o(RESET)
 <LI><a href="#[b]">PVD_IRQHandler</a> from startup_n32wb452.o(.text) referenced from startup_n32wb452.o(RESET)
 <LI><a href="#[8]">PendSV_Handler</a> from startup_n32wb452.o(.text) referenced from startup_n32wb452.o(RESET)
 <LI><a href="#[f]">RCC_IRQHandler</a> from startup_n32wb452.o(.text) referenced from startup_n32wb452.o(RESET)
 <LI><a href="#[39]">RESERVE47_IRQHandler</a> from startup_n32wb452.o(.text) referenced from startup_n32wb452.o(RESET)
 <LI><a href="#[3a]">RESERVE48_IRQHandler</a> from startup_n32wb452.o(.text) referenced from startup_n32wb452.o(RESET)
 <LI><a href="#[47]">RESERVE61_IRQHandler</a> from startup_n32wb452.o(.text) referenced from startup_n32wb452.o(RESET)
 <LI><a href="#[48]">RESERVE62_IRQHandler</a> from startup_n32wb452.o(.text) referenced from startup_n32wb452.o(RESET)
 <LI><a href="#[4d]">RESERVE67_IRQHandler</a> from startup_n32wb452.o(.text) referenced from startup_n32wb452.o(RESET)
 <LI><a href="#[5c]">RESERVE82_IRQHandler</a> from startup_n32wb452.o(.text) referenced from startup_n32wb452.o(RESET)
 <LI><a href="#[5d]">RESERVE83_IRQHandler</a> from startup_n32wb452.o(.text) referenced from startup_n32wb452.o(RESET)
 <LI><a href="#[5e]">RESERVE84_IRQHandler</a> from startup_n32wb452.o(.text) referenced from startup_n32wb452.o(RESET)
 <LI><a href="#[5f]">RSRAM_IRQHandler</a> from startup_n32wb452.o(.text) referenced from startup_n32wb452.o(RESET)
 <LI><a href="#[33]">RTCAlarm_IRQHandler</a> from startup_n32wb452.o(.text) referenced from startup_n32wb452.o(RESET)
 <LI><a href="#[d]">RTC_WKUP_IRQHandler</a> from startup_n32wb452.o(.text) referenced from startup_n32wb452.o(RESET)
 <LI><a href="#[0]">Reset_Handler</a> from startup_n32wb452.o(.text) referenced from startup_n32wb452.o(RESET)
 <LI><a href="#[59]">SAC_IRQHandler</a> from startup_n32wb452.o(.text) referenced from startup_n32wb452.o(RESET)
 <LI><a href="#[3b]">SDIO_IRQHandler</a> from startup_n32wb452.o(.text) referenced from startup_n32wb452.o(RESET)
 <LI><a href="#[2d]">SPI1_IRQHandler</a> from startup_n32wb452.o(.text) referenced from startup_n32wb452.o(RESET)
 <LI><a href="#[2e]">SPI2_IRQHandler</a> from startup_n32wb452.o(.text) referenced from startup_n32wb452.o(RESET)
 <LI><a href="#[3d]">SPI3_IRQHandler</a> from startup_n32wb452.o(.text) referenced from startup_n32wb452.o(RESET)
 <LI><a href="#[6]">SVC_Handler</a> from n32wb452_it.o(i.SVC_Handler) referenced from startup_n32wb452.o(RESET)
 <LI><a href="#[9]">SysTick_Handler</a> from n32wb452_it.o(i.SysTick_Handler) referenced from startup_n32wb452.o(RESET)
 <LI><a href="#[61]">SystemInit</a> from system_n32wb452.o(i.SystemInit) referenced from startup_n32wb452.o(.text)
 <LI><a href="#[c]">TAMPER_IRQHandler</a> from startup_n32wb452.o(.text) referenced from startup_n32wb452.o(RESET)
 <LI><a href="#[22]">TIM1_BRK_IRQHandler</a> from startup_n32wb452.o(.text) referenced from startup_n32wb452.o(RESET)
 <LI><a href="#[25]">TIM1_CC_IRQHandler</a> from startup_n32wb452.o(.text) referenced from startup_n32wb452.o(RESET)
 <LI><a href="#[24]">TIM1_TRG_COM_IRQHandler</a> from startup_n32wb452.o(.text) referenced from startup_n32wb452.o(RESET)
 <LI><a href="#[23]">TIM1_UP_IRQHandler</a> from startup_n32wb452.o(.text) referenced from startup_n32wb452.o(RESET)
 <LI><a href="#[26]">TIM2_IRQHandler</a> from tim.o(i.TIM2_IRQHandler) referenced from startup_n32wb452.o(RESET)
 <LI><a href="#[27]">TIM3_IRQHandler</a> from startup_n32wb452.o(.text) referenced from startup_n32wb452.o(RESET)
 <LI><a href="#[28]">TIM4_IRQHandler</a> from startup_n32wb452.o(.text) referenced from startup_n32wb452.o(RESET)
 <LI><a href="#[3c]">TIM5_IRQHandler</a> from startup_n32wb452.o(.text) referenced from startup_n32wb452.o(RESET)
 <LI><a href="#[40]">TIM6_IRQHandler</a> from startup_n32wb452.o(.text) referenced from startup_n32wb452.o(RESET)
 <LI><a href="#[41]">TIM7_IRQHandler</a> from startup_n32wb452.o(.text) referenced from startup_n32wb452.o(RESET)
 <LI><a href="#[35]">TIM8_BRK_IRQHandler</a> from startup_n32wb452.o(.text) referenced from startup_n32wb452.o(RESET)
 <LI><a href="#[38]">TIM8_CC_IRQHandler</a> from startup_n32wb452.o(.text) referenced from startup_n32wb452.o(RESET)
 <LI><a href="#[37]">TIM8_TRG_COM_IRQHandler</a> from startup_n32wb452.o(.text) referenced from startup_n32wb452.o(RESET)
 <LI><a href="#[36]">TIM8_UP_IRQHandler</a> from startup_n32wb452.o(.text) referenced from startup_n32wb452.o(RESET)
 <LI><a href="#[5b]">TSC_IRQHandler</a> from startup_n32wb452.o(.text) referenced from startup_n32wb452.o(RESET)
 <LI><a href="#[3e]">UART4_IRQHandler</a> from startup_n32wb452.o(.text) referenced from startup_n32wb452.o(RESET)
 <LI><a href="#[3f]">UART5_IRQHandler</a> from startup_n32wb452.o(.text) referenced from startup_n32wb452.o(RESET)
 <LI><a href="#[54]">UART6_IRQHandler</a> from startup_n32wb452.o(.text) referenced from startup_n32wb452.o(RESET)
 <LI><a href="#[55]">UART7_IRQHandler</a> from startup_n32wb452.o(.text) referenced from startup_n32wb452.o(RESET)
 <LI><a href="#[2f]">USART1_IRQHandler</a> from usart_drv.o(i.USART1_IRQHandler) referenced from startup_n32wb452.o(RESET)
 <LI><a href="#[30]">USART2_IRQHandler</a> from uart.o(i.USART2_IRQHandler) referenced from startup_n32wb452.o(RESET)
 <LI><a href="#[31]">USART3_IRQHandler</a> from startup_n32wb452.o(.text) referenced from startup_n32wb452.o(RESET)
 <LI><a href="#[34]">USBWakeUp_IRQHandler</a> from startup_n32wb452.o(.text) referenced from startup_n32wb452.o(RESET)
 <LI><a href="#[1d]">USB_HP_CAN1_TX_IRQHandler</a> from startup_n32wb452.o(.text) referenced from startup_n32wb452.o(RESET)
 <LI><a href="#[1e]">USB_LP_CAN1_RX0_IRQHandler</a> from startup_n32wb452.o(.text) referenced from startup_n32wb452.o(RESET)
 <LI><a href="#[5]">UsageFault_Handler</a> from n32wb452_it.o(i.UsageFault_Handler) referenced from startup_n32wb452.o(RESET)
 <LI><a href="#[a]">WWDG_IRQHandler</a> from startup_n32wb452.o(.text) referenced from startup_n32wb452.o(RESET)
 <LI><a href="#[62]">__main</a> from entry.o(.ARM.Collect$$$$00000000) referenced from startup_n32wb452.o(.text)
 <LI><a href="#[64]">_sbackspace</a> from _sgetc.o(.text) referenced from strtod.o(.text)
 <LI><a href="#[63]">_sgetc</a> from _sgetc.o(.text) referenced from strtod.o(.text)
 <LI><a href="#[67]">_snputc</a> from printfa.o(i._snputc) referenced from printfa.o(i.__0snprintf)
 <LI><a href="#[69]">fat_uart_send_byte</a> from fat_core.o(i.fat_uart_send_byte) referenced from fat_core.o(.data)
 <LI><a href="#[66]">fputc</a> from uart.o(i.fputc) referenced from printfa.o(i.__0printf)
 <LI><a href="#[65]">isspace</a> from isspace_o.o(.text) referenced from strtod.o(.text)
 <LI><a href="#[60]">main</a> from main.o(i.main) referenced from entry9a.o(.ARM.Collect$$$$0000000B)
 <LI><a href="#[68]">uart2_send_byte</a> from uart.o(i.uart2_send_byte) referenced from main.o(i.headware_init)
</UL>
<P>
<H3>
Global Symbols
</H3>
<P><STRONG><a name="[62]"></a>__main</STRONG> (Thumb, 0 bytes, Stack size unknown bytes, entry.o(.ARM.Collect$$$$00000000))
<BR>[Address Reference Count : 1]<UL><LI> startup_n32wb452.o(.text)
</UL>
<P><STRONG><a name="[d7]"></a>_main_stk</STRONG> (Thumb, 0 bytes, Stack size unknown bytes, entry2.o(.ARM.Collect$$$$00000001))

<P><STRONG><a name="[6a]"></a>_main_scatterload</STRONG> (Thumb, 0 bytes, Stack size unknown bytes, entry5.o(.ARM.Collect$$$$00000004))
<BR><BR>[Calls]<UL><LI><a href="#[6b]">&gt;&gt;</a>&nbsp;&nbsp;&nbsp;__scatterload
</UL>

<P><STRONG><a name="[85]"></a>__main_after_scatterload</STRONG> (Thumb, 0 bytes, Stack size unknown bytes, entry5.o(.ARM.Collect$$$$00000004))
<BR><BR>[Called By]<UL><LI><a href="#[6b]">&gt;&gt;</a>&nbsp;&nbsp;&nbsp;__scatterload
</UL>

<P><STRONG><a name="[d8]"></a>_main_clock</STRONG> (Thumb, 0 bytes, Stack size unknown bytes, entry7b.o(.ARM.Collect$$$$00000008))

<P><STRONG><a name="[d9]"></a>_main_cpp_init</STRONG> (Thumb, 0 bytes, Stack size unknown bytes, entry8b.o(.ARM.Collect$$$$0000000A))

<P><STRONG><a name="[da]"></a>_main_init</STRONG> (Thumb, 0 bytes, Stack size unknown bytes, entry9a.o(.ARM.Collect$$$$0000000B))

<P><STRONG><a name="[db]"></a>__rt_lib_shutdown_fini</STRONG> (Thumb, 0 bytes, Stack size unknown bytes, entry12b.o(.ARM.Collect$$$$0000000E))

<P><STRONG><a name="[dc]"></a>__rt_final_cpp</STRONG> (Thumb, 0 bytes, Stack size unknown bytes, entry10a.o(.ARM.Collect$$$$0000000F))

<P><STRONG><a name="[dd]"></a>__rt_final_exit</STRONG> (Thumb, 0 bytes, Stack size unknown bytes, entry11a.o(.ARM.Collect$$$$00000011))

<P><STRONG><a name="[0]"></a>Reset_Handler</STRONG> (Thumb, 8 bytes, Stack size 0 bytes, startup_n32wb452.o(.text))
<BR>[Address Reference Count : 1]<UL><LI> startup_n32wb452.o(RESET)
</UL>
<P><STRONG><a name="[8]"></a>PendSV_Handler</STRONG> (Thumb, 2 bytes, Stack size 0 bytes, startup_n32wb452.o(.text))
<BR><BR>[Calls]<UL><LI><a href="#[8]">&gt;&gt;</a>&nbsp;&nbsp;&nbsp;PendSV_Handler
</UL>
<BR>[Called By]<UL><LI><a href="#[8]">&gt;&gt;</a>&nbsp;&nbsp;&nbsp;PendSV_Handler
</UL>
<BR>[Address Reference Count : 1]<UL><LI> startup_n32wb452.o(RESET)
</UL>
<P><STRONG><a name="[1f]"></a>CAN1_RX1_IRQHandler</STRONG> (Thumb, 0 bytes, Stack size 0 bytes, startup_n32wb452.o(.text))
<BR><BR>[Calls]<UL><LI><a href="#[1f]">&gt;&gt;</a>&nbsp;&nbsp;&nbsp;CAN1_RX1_IRQHandler
</UL>
<BR>[Called By]<UL><LI><a href="#[1f]">&gt;&gt;</a>&nbsp;&nbsp;&nbsp;CAN1_RX1_IRQHandler
</UL>
<BR>[Address Reference Count : 1]<UL><LI> startup_n32wb452.o(RESET)
</UL>
<P><STRONG><a name="[20]"></a>CAN1_SCE_IRQHandler</STRONG> (Thumb, 0 bytes, Stack size 0 bytes, startup_n32wb452.o(.text))
<BR>[Address Reference Count : 1]<UL><LI> startup_n32wb452.o(RESET)
</UL>
<P><STRONG><a name="[4a]"></a>CAN2_RX0_IRQHandler</STRONG> (Thumb, 0 bytes, Stack size 0 bytes, startup_n32wb452.o(.text))
<BR>[Address Reference Count : 1]<UL><LI> startup_n32wb452.o(RESET)
</UL>
<P><STRONG><a name="[4b]"></a>CAN2_RX1_IRQHandler</STRONG> (Thumb, 0 bytes, Stack size 0 bytes, startup_n32wb452.o(.text))
<BR>[Address Reference Count : 1]<UL><LI> startup_n32wb452.o(RESET)
</UL>
<P><STRONG><a name="[4c]"></a>CAN2_SCE_IRQHandler</STRONG> (Thumb, 0 bytes, Stack size 0 bytes, startup_n32wb452.o(.text))
<BR>[Address Reference Count : 1]<UL><LI> startup_n32wb452.o(RESET)
</UL>
<P><STRONG><a name="[49]"></a>CAN2_TX_IRQHandler</STRONG> (Thumb, 0 bytes, Stack size 0 bytes, startup_n32wb452.o(.text))
<BR>[Address Reference Count : 1]<UL><LI> startup_n32wb452.o(RESET)
</UL>
<P><STRONG><a name="[15]"></a>DMA1_Channel1_IRQHandler</STRONG> (Thumb, 0 bytes, Stack size 0 bytes, startup_n32wb452.o(.text))
<BR>[Address Reference Count : 1]<UL><LI> startup_n32wb452.o(RESET)
</UL>
<P><STRONG><a name="[16]"></a>DMA1_Channel2_IRQHandler</STRONG> (Thumb, 0 bytes, Stack size 0 bytes, startup_n32wb452.o(.text))
<BR>[Address Reference Count : 1]<UL><LI> startup_n32wb452.o(RESET)
</UL>
<P><STRONG><a name="[17]"></a>DMA1_Channel3_IRQHandler</STRONG> (Thumb, 0 bytes, Stack size 0 bytes, startup_n32wb452.o(.text))
<BR>[Address Reference Count : 1]<UL><LI> startup_n32wb452.o(RESET)
</UL>
<P><STRONG><a name="[18]"></a>DMA1_Channel4_IRQHandler</STRONG> (Thumb, 0 bytes, Stack size 0 bytes, startup_n32wb452.o(.text))
<BR>[Address Reference Count : 1]<UL><LI> startup_n32wb452.o(RESET)
</UL>
<P><STRONG><a name="[19]"></a>DMA1_Channel5_IRQHandler</STRONG> (Thumb, 0 bytes, Stack size 0 bytes, startup_n32wb452.o(.text))
<BR>[Address Reference Count : 1]<UL><LI> startup_n32wb452.o(RESET)
</UL>
<P><STRONG><a name="[1a]"></a>DMA1_Channel6_IRQHandler</STRONG> (Thumb, 0 bytes, Stack size 0 bytes, startup_n32wb452.o(.text))
<BR>[Address Reference Count : 1]<UL><LI> startup_n32wb452.o(RESET)
</UL>
<P><STRONG><a name="[1b]"></a>DMA1_Channel7_IRQHandler</STRONG> (Thumb, 0 bytes, Stack size 0 bytes, startup_n32wb452.o(.text))
<BR>[Address Reference Count : 1]<UL><LI> startup_n32wb452.o(RESET)
</UL>
<P><STRONG><a name="[56]"></a>DMA1_Channel8_IRQHandler</STRONG> (Thumb, 0 bytes, Stack size 0 bytes, startup_n32wb452.o(.text))
<BR>[Address Reference Count : 1]<UL><LI> startup_n32wb452.o(RESET)
</UL>
<P><STRONG><a name="[42]"></a>DMA2_Channel1_IRQHandler</STRONG> (Thumb, 0 bytes, Stack size 0 bytes, startup_n32wb452.o(.text))
<BR>[Address Reference Count : 1]<UL><LI> startup_n32wb452.o(RESET)
</UL>
<P><STRONG><a name="[43]"></a>DMA2_Channel2_IRQHandler</STRONG> (Thumb, 0 bytes, Stack size 0 bytes, startup_n32wb452.o(.text))
<BR>[Address Reference Count : 1]<UL><LI> startup_n32wb452.o(RESET)
</UL>
<P><STRONG><a name="[44]"></a>DMA2_Channel3_IRQHandler</STRONG> (Thumb, 0 bytes, Stack size 0 bytes, startup_n32wb452.o(.text))
<BR>[Address Reference Count : 1]<UL><LI> startup_n32wb452.o(RESET)
</UL>
<P><STRONG><a name="[45]"></a>DMA2_Channel4_IRQHandler</STRONG> (Thumb, 0 bytes, Stack size 0 bytes, startup_n32wb452.o(.text))
<BR>[Address Reference Count : 1]<UL><LI> startup_n32wb452.o(RESET)
</UL>
<P><STRONG><a name="[46]"></a>DMA2_Channel5_IRQHandler</STRONG> (Thumb, 0 bytes, Stack size 0 bytes, startup_n32wb452.o(.text))
<BR>[Address Reference Count : 1]<UL><LI> startup_n32wb452.o(RESET)
</UL>
<P><STRONG><a name="[4e]"></a>DMA2_Channel6_IRQHandler</STRONG> (Thumb, 0 bytes, Stack size 0 bytes, startup_n32wb452.o(.text))
<BR>[Address Reference Count : 1]<UL><LI> startup_n32wb452.o(RESET)
</UL>
<P><STRONG><a name="[4f]"></a>DMA2_Channel7_IRQHandler</STRONG> (Thumb, 0 bytes, Stack size 0 bytes, startup_n32wb452.o(.text))
<BR>[Address Reference Count : 1]<UL><LI> startup_n32wb452.o(RESET)
</UL>
<P><STRONG><a name="[57]"></a>DMA2_Channel8_IRQHandler</STRONG> (Thumb, 0 bytes, Stack size 0 bytes, startup_n32wb452.o(.text))
<BR>[Address Reference Count : 1]<UL><LI> startup_n32wb452.o(RESET)
</UL>
<P><STRONG><a name="[58]"></a>DVP_IRQHandler</STRONG> (Thumb, 0 bytes, Stack size 0 bytes, startup_n32wb452.o(.text))
<BR>[Address Reference Count : 1]<UL><LI> startup_n32wb452.o(RESET)
</UL>
<P><STRONG><a name="[10]"></a>EXTI0_IRQHandler</STRONG> (Thumb, 0 bytes, Stack size 0 bytes, startup_n32wb452.o(.text))
<BR>[Address Reference Count : 1]<UL><LI> startup_n32wb452.o(RESET)
</UL>
<P><STRONG><a name="[32]"></a>EXTI15_10_IRQHandler</STRONG> (Thumb, 0 bytes, Stack size 0 bytes, startup_n32wb452.o(.text))
<BR>[Address Reference Count : 1]<UL><LI> startup_n32wb452.o(RESET)
</UL>
<P><STRONG><a name="[11]"></a>EXTI1_IRQHandler</STRONG> (Thumb, 0 bytes, Stack size 0 bytes, startup_n32wb452.o(.text))
<BR>[Address Reference Count : 1]<UL><LI> startup_n32wb452.o(RESET)
</UL>
<P><STRONG><a name="[12]"></a>EXTI2_IRQHandler</STRONG> (Thumb, 0 bytes, Stack size 0 bytes, startup_n32wb452.o(.text))
<BR>[Address Reference Count : 1]<UL><LI> startup_n32wb452.o(RESET)
</UL>
<P><STRONG><a name="[13]"></a>EXTI3_IRQHandler</STRONG> (Thumb, 0 bytes, Stack size 0 bytes, startup_n32wb452.o(.text))
<BR>[Address Reference Count : 1]<UL><LI> startup_n32wb452.o(RESET)
</UL>
<P><STRONG><a name="[14]"></a>EXTI4_IRQHandler</STRONG> (Thumb, 0 bytes, Stack size 0 bytes, startup_n32wb452.o(.text))
<BR>[Address Reference Count : 1]<UL><LI> startup_n32wb452.o(RESET)
</UL>
<P><STRONG><a name="[21]"></a>EXTI9_5_IRQHandler</STRONG> (Thumb, 0 bytes, Stack size 0 bytes, startup_n32wb452.o(.text))
<BR>[Address Reference Count : 1]<UL><LI> startup_n32wb452.o(RESET)
</UL>
<P><STRONG><a name="[e]"></a>FLASH_IRQHandler</STRONG> (Thumb, 0 bytes, Stack size 0 bytes, startup_n32wb452.o(.text))
<BR>[Address Reference Count : 1]<UL><LI> startup_n32wb452.o(RESET)
</UL>
<P><STRONG><a name="[2a]"></a>I2C1_ER_IRQHandler</STRONG> (Thumb, 0 bytes, Stack size 0 bytes, startup_n32wb452.o(.text))
<BR>[Address Reference Count : 1]<UL><LI> startup_n32wb452.o(RESET)
</UL>
<P><STRONG><a name="[29]"></a>I2C1_EV_IRQHandler</STRONG> (Thumb, 0 bytes, Stack size 0 bytes, startup_n32wb452.o(.text))
<BR>[Address Reference Count : 1]<UL><LI> startup_n32wb452.o(RESET)
</UL>
<P><STRONG><a name="[2c]"></a>I2C2_ER_IRQHandler</STRONG> (Thumb, 0 bytes, Stack size 0 bytes, startup_n32wb452.o(.text))
<BR>[Address Reference Count : 1]<UL><LI> startup_n32wb452.o(RESET)
</UL>
<P><STRONG><a name="[2b]"></a>I2C2_EV_IRQHandler</STRONG> (Thumb, 0 bytes, Stack size 0 bytes, startup_n32wb452.o(.text))
<BR>[Address Reference Count : 1]<UL><LI> startup_n32wb452.o(RESET)
</UL>
<P><STRONG><a name="[51]"></a>I2C3_ER_IRQHandler</STRONG> (Thumb, 0 bytes, Stack size 0 bytes, startup_n32wb452.o(.text))
<BR>[Address Reference Count : 1]<UL><LI> startup_n32wb452.o(RESET)
</UL>
<P><STRONG><a name="[50]"></a>I2C3_EV_IRQHandler</STRONG> (Thumb, 0 bytes, Stack size 0 bytes, startup_n32wb452.o(.text))
<BR>[Address Reference Count : 1]<UL><LI> startup_n32wb452.o(RESET)
</UL>
<P><STRONG><a name="[53]"></a>I2C4_ER_IRQHandler</STRONG> (Thumb, 0 bytes, Stack size 0 bytes, startup_n32wb452.o(.text))
<BR>[Address Reference Count : 1]<UL><LI> startup_n32wb452.o(RESET)
</UL>
<P><STRONG><a name="[52]"></a>I2C4_EV_IRQHandler</STRONG> (Thumb, 0 bytes, Stack size 0 bytes, startup_n32wb452.o(.text))
<BR>[Address Reference Count : 1]<UL><LI> startup_n32wb452.o(RESET)
</UL>
<P><STRONG><a name="[5a]"></a>MMU_IRQHandler</STRONG> (Thumb, 0 bytes, Stack size 0 bytes, startup_n32wb452.o(.text))
<BR>[Address Reference Count : 1]<UL><LI> startup_n32wb452.o(RESET)
</UL>
<P><STRONG><a name="[b]"></a>PVD_IRQHandler</STRONG> (Thumb, 0 bytes, Stack size 0 bytes, startup_n32wb452.o(.text))
<BR>[Address Reference Count : 1]<UL><LI> startup_n32wb452.o(RESET)
</UL>
<P><STRONG><a name="[f]"></a>RCC_IRQHandler</STRONG> (Thumb, 0 bytes, Stack size 0 bytes, startup_n32wb452.o(.text))
<BR>[Address Reference Count : 1]<UL><LI> startup_n32wb452.o(RESET)
</UL>
<P><STRONG><a name="[5f]"></a>RSRAM_IRQHandler</STRONG> (Thumb, 0 bytes, Stack size 0 bytes, startup_n32wb452.o(.text))
<BR>[Address Reference Count : 1]<UL><LI> startup_n32wb452.o(RESET)
</UL>
<P><STRONG><a name="[33]"></a>RTCAlarm_IRQHandler</STRONG> (Thumb, 0 bytes, Stack size 0 bytes, startup_n32wb452.o(.text))
<BR>[Address Reference Count : 1]<UL><LI> startup_n32wb452.o(RESET)
</UL>
<P><STRONG><a name="[d]"></a>RTC_WKUP_IRQHandler</STRONG> (Thumb, 0 bytes, Stack size 0 bytes, startup_n32wb452.o(.text))
<BR>[Address Reference Count : 1]<UL><LI> startup_n32wb452.o(RESET)
</UL>
<P><STRONG><a name="[59]"></a>SAC_IRQHandler</STRONG> (Thumb, 0 bytes, Stack size 0 bytes, startup_n32wb452.o(.text))
<BR>[Address Reference Count : 1]<UL><LI> startup_n32wb452.o(RESET)
</UL>
<P><STRONG><a name="[3b]"></a>SDIO_IRQHandler</STRONG> (Thumb, 0 bytes, Stack size 0 bytes, startup_n32wb452.o(.text))
<BR>[Address Reference Count : 1]<UL><LI> startup_n32wb452.o(RESET)
</UL>
<P><STRONG><a name="[2d]"></a>SPI1_IRQHandler</STRONG> (Thumb, 0 bytes, Stack size 0 bytes, startup_n32wb452.o(.text))
<BR>[Address Reference Count : 1]<UL><LI> startup_n32wb452.o(RESET)
</UL>
<P><STRONG><a name="[2e]"></a>SPI2_IRQHandler</STRONG> (Thumb, 0 bytes, Stack size 0 bytes, startup_n32wb452.o(.text))
<BR>[Address Reference Count : 1]<UL><LI> startup_n32wb452.o(RESET)
</UL>
<P><STRONG><a name="[3d]"></a>SPI3_IRQHandler</STRONG> (Thumb, 0 bytes, Stack size 0 bytes, startup_n32wb452.o(.text))
<BR>[Address Reference Count : 1]<UL><LI> startup_n32wb452.o(RESET)
</UL>
<P><STRONG><a name="[c]"></a>TAMPER_IRQHandler</STRONG> (Thumb, 0 bytes, Stack size 0 bytes, startup_n32wb452.o(.text))
<BR>[Address Reference Count : 1]<UL><LI> startup_n32wb452.o(RESET)
</UL>
<P><STRONG><a name="[22]"></a>TIM1_BRK_IRQHandler</STRONG> (Thumb, 0 bytes, Stack size 0 bytes, startup_n32wb452.o(.text))
<BR>[Address Reference Count : 1]<UL><LI> startup_n32wb452.o(RESET)
</UL>
<P><STRONG><a name="[25]"></a>TIM1_CC_IRQHandler</STRONG> (Thumb, 0 bytes, Stack size 0 bytes, startup_n32wb452.o(.text))
<BR>[Address Reference Count : 1]<UL><LI> startup_n32wb452.o(RESET)
</UL>
<P><STRONG><a name="[24]"></a>TIM1_TRG_COM_IRQHandler</STRONG> (Thumb, 0 bytes, Stack size 0 bytes, startup_n32wb452.o(.text))
<BR>[Address Reference Count : 1]<UL><LI> startup_n32wb452.o(RESET)
</UL>
<P><STRONG><a name="[23]"></a>TIM1_UP_IRQHandler</STRONG> (Thumb, 0 bytes, Stack size 0 bytes, startup_n32wb452.o(.text))
<BR>[Address Reference Count : 1]<UL><LI> startup_n32wb452.o(RESET)
</UL>
<P><STRONG><a name="[27]"></a>TIM3_IRQHandler</STRONG> (Thumb, 0 bytes, Stack size 0 bytes, startup_n32wb452.o(.text))
<BR>[Address Reference Count : 1]<UL><LI> startup_n32wb452.o(RESET)
</UL>
<P><STRONG><a name="[28]"></a>TIM4_IRQHandler</STRONG> (Thumb, 0 bytes, Stack size 0 bytes, startup_n32wb452.o(.text))
<BR>[Address Reference Count : 1]<UL><LI> startup_n32wb452.o(RESET)
</UL>
<P><STRONG><a name="[3c]"></a>TIM5_IRQHandler</STRONG> (Thumb, 0 bytes, Stack size 0 bytes, startup_n32wb452.o(.text))
<BR>[Address Reference Count : 1]<UL><LI> startup_n32wb452.o(RESET)
</UL>
<P><STRONG><a name="[40]"></a>TIM6_IRQHandler</STRONG> (Thumb, 0 bytes, Stack size 0 bytes, startup_n32wb452.o(.text))
<BR>[Address Reference Count : 1]<UL><LI> startup_n32wb452.o(RESET)
</UL>
<P><STRONG><a name="[41]"></a>TIM7_IRQHandler</STRONG> (Thumb, 0 bytes, Stack size 0 bytes, startup_n32wb452.o(.text))
<BR>[Address Reference Count : 1]<UL><LI> startup_n32wb452.o(RESET)
</UL>
<P><STRONG><a name="[35]"></a>TIM8_BRK_IRQHandler</STRONG> (Thumb, 0 bytes, Stack size 0 bytes, startup_n32wb452.o(.text))
<BR>[Address Reference Count : 1]<UL><LI> startup_n32wb452.o(RESET)
</UL>
<P><STRONG><a name="[38]"></a>TIM8_CC_IRQHandler</STRONG> (Thumb, 0 bytes, Stack size 0 bytes, startup_n32wb452.o(.text))
<BR>[Address Reference Count : 1]<UL><LI> startup_n32wb452.o(RESET)
</UL>
<P><STRONG><a name="[37]"></a>TIM8_TRG_COM_IRQHandler</STRONG> (Thumb, 0 bytes, Stack size 0 bytes, startup_n32wb452.o(.text))
<BR>[Address Reference Count : 1]<UL><LI> startup_n32wb452.o(RESET)
</UL>
<P><STRONG><a name="[36]"></a>TIM8_UP_IRQHandler</STRONG> (Thumb, 0 bytes, Stack size 0 bytes, startup_n32wb452.o(.text))
<BR>[Address Reference Count : 1]<UL><LI> startup_n32wb452.o(RESET)
</UL>
<P><STRONG><a name="[5b]"></a>TSC_IRQHandler</STRONG> (Thumb, 0 bytes, Stack size 0 bytes, startup_n32wb452.o(.text))
<BR>[Address Reference Count : 1]<UL><LI> startup_n32wb452.o(RESET)
</UL>
<P><STRONG><a name="[3e]"></a>UART4_IRQHandler</STRONG> (Thumb, 0 bytes, Stack size 0 bytes, startup_n32wb452.o(.text))
<BR>[Address Reference Count : 1]<UL><LI> startup_n32wb452.o(RESET)
</UL>
<P><STRONG><a name="[3f]"></a>UART5_IRQHandler</STRONG> (Thumb, 0 bytes, Stack size 0 bytes, startup_n32wb452.o(.text))
<BR>[Address Reference Count : 1]<UL><LI> startup_n32wb452.o(RESET)
</UL>
<P><STRONG><a name="[54]"></a>UART6_IRQHandler</STRONG> (Thumb, 0 bytes, Stack size 0 bytes, startup_n32wb452.o(.text))
<BR>[Address Reference Count : 1]<UL><LI> startup_n32wb452.o(RESET)
</UL>
<P><STRONG><a name="[55]"></a>UART7_IRQHandler</STRONG> (Thumb, 0 bytes, Stack size 0 bytes, startup_n32wb452.o(.text))
<BR>[Address Reference Count : 1]<UL><LI> startup_n32wb452.o(RESET)
</UL>
<P><STRONG><a name="[31]"></a>USART3_IRQHandler</STRONG> (Thumb, 0 bytes, Stack size 0 bytes, startup_n32wb452.o(.text))
<BR>[Address Reference Count : 1]<UL><LI> startup_n32wb452.o(RESET)
</UL>
<P><STRONG><a name="[34]"></a>USBWakeUp_IRQHandler</STRONG> (Thumb, 0 bytes, Stack size 0 bytes, startup_n32wb452.o(.text))
<BR>[Address Reference Count : 1]<UL><LI> startup_n32wb452.o(RESET)
</UL>
<P><STRONG><a name="[1d]"></a>USB_HP_CAN1_TX_IRQHandler</STRONG> (Thumb, 0 bytes, Stack size 0 bytes, startup_n32wb452.o(.text))
<BR>[Address Reference Count : 1]<UL><LI> startup_n32wb452.o(RESET)
</UL>
<P><STRONG><a name="[1e]"></a>USB_LP_CAN1_RX0_IRQHandler</STRONG> (Thumb, 0 bytes, Stack size 0 bytes, startup_n32wb452.o(.text))
<BR>[Address Reference Count : 1]<UL><LI> startup_n32wb452.o(RESET)
</UL>
<P><STRONG><a name="[a]"></a>WWDG_IRQHandler</STRONG> (Thumb, 0 bytes, Stack size 0 bytes, startup_n32wb452.o(.text))
<BR>[Address Reference Count : 1]<UL><LI> startup_n32wb452.o(RESET)
</UL>
<P><STRONG><a name="[a1]"></a>__aeabi_memcpy</STRONG> (Thumb, 36 bytes, Stack size 0 bytes, memcpya.o(.text))
<BR><BR>[Called By]<UL><LI><a href="#[c7]">&gt;&gt;</a>&nbsp;&nbsp;&nbsp;match_csq
<LI><a href="#[c3]">&gt;&gt;</a>&nbsp;&nbsp;&nbsp;parseGpsBuffer
<LI><a href="#[2f]">&gt;&gt;</a>&nbsp;&nbsp;&nbsp;USART1_IRQHandler
</UL>

<P><STRONG><a name="[de]"></a>__aeabi_memcpy4</STRONG> (Thumb, 0 bytes, Stack size 0 bytes, memcpya.o(.text), UNUSED)

<P><STRONG><a name="[df]"></a>__aeabi_memcpy8</STRONG> (Thumb, 0 bytes, Stack size 0 bytes, memcpya.o(.text), UNUSED)

<P><STRONG><a name="[6d]"></a>__aeabi_memset</STRONG> (Thumb, 14 bytes, Stack size 0 bytes, memseta.o(.text))
<BR><BR>[Called By]<UL><LI><a href="#[6e]">&gt;&gt;</a>&nbsp;&nbsp;&nbsp;_memset$wrapper
<LI><a href="#[6c]">&gt;&gt;</a>&nbsp;&nbsp;&nbsp;__aeabi_memclr
</UL>

<P><STRONG><a name="[e0]"></a>__aeabi_memset4</STRONG> (Thumb, 0 bytes, Stack size 0 bytes, memseta.o(.text), UNUSED)

<P><STRONG><a name="[e1]"></a>__aeabi_memset8</STRONG> (Thumb, 0 bytes, Stack size 0 bytes, memseta.o(.text), UNUSED)

<P><STRONG><a name="[6c]"></a>__aeabi_memclr</STRONG> (Thumb, 4 bytes, Stack size 0 bytes, memseta.o(.text))
<BR><BR>[Calls]<UL><LI><a href="#[6d]">&gt;&gt;</a>&nbsp;&nbsp;&nbsp;__aeabi_memset
</UL>
<BR>[Called By]<UL><LI><a href="#[b6]">&gt;&gt;</a>&nbsp;&nbsp;&nbsp;fat_uart_clean
<LI><a href="#[b0]">&gt;&gt;</a>&nbsp;&nbsp;&nbsp;clrStruct
<LI><a href="#[2f]">&gt;&gt;</a>&nbsp;&nbsp;&nbsp;USART1_IRQHandler
<LI><a href="#[8f]">&gt;&gt;</a>&nbsp;&nbsp;&nbsp;CLR_Buf
</UL>

<P><STRONG><a name="[cc]"></a>__aeabi_memclr4</STRONG> (Thumb, 0 bytes, Stack size 0 bytes, memseta.o(.text))
<BR><BR>[Called By]<UL><LI><a href="#[ca]">&gt;&gt;</a>&nbsp;&nbsp;&nbsp;module_data
</UL>

<P><STRONG><a name="[e2]"></a>__aeabi_memclr8</STRONG> (Thumb, 0 bytes, Stack size 0 bytes, memseta.o(.text), UNUSED)

<P><STRONG><a name="[6e]"></a>_memset$wrapper</STRONG> (Thumb, 18 bytes, Stack size 8 bytes, memseta.o(.text), UNUSED)
<BR><BR>[Calls]<UL><LI><a href="#[6d]">&gt;&gt;</a>&nbsp;&nbsp;&nbsp;__aeabi_memset
</UL>

<P><STRONG><a name="[b4]"></a>strstr</STRONG> (Thumb, 36 bytes, Stack size 12 bytes, strstr.o(.text))
<BR><BR>[Stack]<UL><LI>Max Depth = 12<LI>Call Chain = strstr
</UL>
<BR>[Called By]<UL><LI><a href="#[c7]">&gt;&gt;</a>&nbsp;&nbsp;&nbsp;match_csq
<LI><a href="#[b3]">&gt;&gt;</a>&nbsp;&nbsp;&nbsp;fat_cmdres_keyword_matching
<LI><a href="#[c3]">&gt;&gt;</a>&nbsp;&nbsp;&nbsp;parseGpsBuffer
</UL>

<P><STRONG><a name="[6f]"></a>atoi</STRONG> (Thumb, 26 bytes, Stack size 16 bytes, atoi.o(.text))
<BR><BR>[Stack]<UL><LI>Max Depth = 88<LI>Call Chain = atoi &rArr; strtol &rArr; _strtoul
</UL>
<BR>[Calls]<UL><LI><a href="#[71]">&gt;&gt;</a>&nbsp;&nbsp;&nbsp;strtol
<LI><a href="#[70]">&gt;&gt;</a>&nbsp;&nbsp;&nbsp;__aeabi_errno_addr
</UL>
<BR>[Called By]<UL><LI><a href="#[c7]">&gt;&gt;</a>&nbsp;&nbsp;&nbsp;match_csq
</UL>

<P><STRONG><a name="[72]"></a>__aeabi_dadd</STRONG> (Thumb, 322 bytes, Stack size 48 bytes, dadd.o(.text))
<BR><BR>[Stack]<UL><LI>Max Depth = 88<LI>Call Chain = __aeabi_dadd &rArr; _double_epilogue &rArr; _double_round
</UL>
<BR>[Calls]<UL><LI><a href="#[74]">&gt;&gt;</a>&nbsp;&nbsp;&nbsp;__aeabi_lasr
<LI><a href="#[73]">&gt;&gt;</a>&nbsp;&nbsp;&nbsp;__aeabi_llsl
<LI><a href="#[76]">&gt;&gt;</a>&nbsp;&nbsp;&nbsp;_double_round
<LI><a href="#[75]">&gt;&gt;</a>&nbsp;&nbsp;&nbsp;_double_epilogue
</UL>
<BR>[Called By]<UL><LI><a href="#[78]">&gt;&gt;</a>&nbsp;&nbsp;&nbsp;__aeabi_drsub
<LI><a href="#[c4]">&gt;&gt;</a>&nbsp;&nbsp;&nbsp;printGpsBuffer
<LI><a href="#[77]">&gt;&gt;</a>&nbsp;&nbsp;&nbsp;__aeabi_dsub
<LI><a href="#[ab]">&gt;&gt;</a>&nbsp;&nbsp;&nbsp;_fp_digits
</UL>

<P><STRONG><a name="[77]"></a>__aeabi_dsub</STRONG> (Thumb, 6 bytes, Stack size 0 bytes, dadd.o(.text), UNUSED)
<BR><BR>[Calls]<UL><LI><a href="#[72]">&gt;&gt;</a>&nbsp;&nbsp;&nbsp;__aeabi_dadd
</UL>

<P><STRONG><a name="[78]"></a>__aeabi_drsub</STRONG> (Thumb, 6 bytes, Stack size 0 bytes, dadd.o(.text))
<BR><BR>[Stack]<UL><LI>Max Depth = 88<LI>Call Chain = __aeabi_drsub &rArr; __aeabi_dadd &rArr; _double_epilogue &rArr; _double_round
</UL>
<BR>[Calls]<UL><LI><a href="#[72]">&gt;&gt;</a>&nbsp;&nbsp;&nbsp;__aeabi_dadd
</UL>
<BR>[Called By]<UL><LI><a href="#[c4]">&gt;&gt;</a>&nbsp;&nbsp;&nbsp;printGpsBuffer
</UL>

<P><STRONG><a name="[79]"></a>__aeabi_ddiv</STRONG> (Thumb, 222 bytes, Stack size 32 bytes, ddiv.o(.text))
<BR><BR>[Stack]<UL><LI>Max Depth = 40<LI>Call Chain = __aeabi_ddiv &rArr; _double_round
</UL>
<BR>[Calls]<UL><LI><a href="#[76]">&gt;&gt;</a>&nbsp;&nbsp;&nbsp;_double_round
</UL>
<BR>[Called By]<UL><LI><a href="#[c4]">&gt;&gt;</a>&nbsp;&nbsp;&nbsp;printGpsBuffer
<LI><a href="#[86]">&gt;&gt;</a>&nbsp;&nbsp;&nbsp;_fp_value
<LI><a href="#[ab]">&gt;&gt;</a>&nbsp;&nbsp;&nbsp;_fp_digits
</UL>

<P><STRONG><a name="[7a]"></a>__aeabi_i2d</STRONG> (Thumb, 34 bytes, Stack size 16 bytes, dflti.o(.text))
<BR><BR>[Stack]<UL><LI>Max Depth = 56<LI>Call Chain = __aeabi_i2d &rArr; _double_epilogue &rArr; _double_round
</UL>
<BR>[Calls]<UL><LI><a href="#[75]">&gt;&gt;</a>&nbsp;&nbsp;&nbsp;_double_epilogue
</UL>
<BR>[Called By]<UL><LI><a href="#[c4]">&gt;&gt;</a>&nbsp;&nbsp;&nbsp;printGpsBuffer
</UL>

<P><STRONG><a name="[7b]"></a>__aeabi_d2iz</STRONG> (Thumb, 62 bytes, Stack size 16 bytes, dfixi.o(.text))
<BR><BR>[Stack]<UL><LI>Max Depth = 16<LI>Call Chain = __aeabi_d2iz
</UL>
<BR>[Calls]<UL><LI><a href="#[7c]">&gt;&gt;</a>&nbsp;&nbsp;&nbsp;__aeabi_llsr
</UL>
<BR>[Called By]<UL><LI><a href="#[c4]">&gt;&gt;</a>&nbsp;&nbsp;&nbsp;printGpsBuffer
</UL>

<P><STRONG><a name="[e3]"></a>__aeabi_uidiv</STRONG> (Thumb, 0 bytes, Stack size 12 bytes, uidiv.o(.text), UNUSED)

<P><STRONG><a name="[af]"></a>__aeabi_uidivmod</STRONG> (Thumb, 44 bytes, Stack size 12 bytes, uidiv.o(.text), UNUSED)
<BR><BR>[Called By]<UL><LI><a href="#[a6]">&gt;&gt;</a>&nbsp;&nbsp;&nbsp;_printf_core
</UL>

<P><STRONG><a name="[7d]"></a>__aeabi_uldivmod</STRONG> (Thumb, 98 bytes, Stack size 40 bytes, uldiv.o(.text), UNUSED)
<BR><BR>[Calls]<UL><LI><a href="#[7c]">&gt;&gt;</a>&nbsp;&nbsp;&nbsp;__aeabi_llsr
<LI><a href="#[73]">&gt;&gt;</a>&nbsp;&nbsp;&nbsp;__aeabi_llsl
</UL>
<BR>[Called By]<UL><LI><a href="#[a6]">&gt;&gt;</a>&nbsp;&nbsp;&nbsp;_printf_core
<LI><a href="#[ab]">&gt;&gt;</a>&nbsp;&nbsp;&nbsp;_fp_digits
</UL>

<P><STRONG><a name="[73]"></a>__aeabi_llsl</STRONG> (Thumb, 30 bytes, Stack size 0 bytes, llshl.o(.text))
<BR><BR>[Called By]<UL><LI><a href="#[72]">&gt;&gt;</a>&nbsp;&nbsp;&nbsp;__aeabi_dadd
<LI><a href="#[7d]">&gt;&gt;</a>&nbsp;&nbsp;&nbsp;__aeabi_uldivmod
<LI><a href="#[75]">&gt;&gt;</a>&nbsp;&nbsp;&nbsp;_double_epilogue
<LI><a href="#[84]">&gt;&gt;</a>&nbsp;&nbsp;&nbsp;__aeabi_d2ulz
</UL>

<P><STRONG><a name="[e4]"></a>_ll_shift_l</STRONG> (Thumb, 0 bytes, Stack size 0 bytes, llshl.o(.text), UNUSED)

<P><STRONG><a name="[7c]"></a>__aeabi_llsr</STRONG> (Thumb, 32 bytes, Stack size 0 bytes, llushr.o(.text))
<BR><BR>[Called By]<UL><LI><a href="#[7b]">&gt;&gt;</a>&nbsp;&nbsp;&nbsp;__aeabi_d2iz
<LI><a href="#[7d]">&gt;&gt;</a>&nbsp;&nbsp;&nbsp;__aeabi_uldivmod
<LI><a href="#[75]">&gt;&gt;</a>&nbsp;&nbsp;&nbsp;_double_epilogue
<LI><a href="#[84]">&gt;&gt;</a>&nbsp;&nbsp;&nbsp;__aeabi_d2ulz
</UL>

<P><STRONG><a name="[e5]"></a>_ll_ushift_r</STRONG> (Thumb, 0 bytes, Stack size 0 bytes, llushr.o(.text), UNUSED)

<P><STRONG><a name="[74]"></a>__aeabi_lasr</STRONG> (Thumb, 36 bytes, Stack size 0 bytes, llsshr.o(.text))
<BR><BR>[Called By]<UL><LI><a href="#[72]">&gt;&gt;</a>&nbsp;&nbsp;&nbsp;__aeabi_dadd
</UL>

<P><STRONG><a name="[e6]"></a>_ll_sshift_r</STRONG> (Thumb, 0 bytes, Stack size 0 bytes, llsshr.o(.text), UNUSED)

<P><STRONG><a name="[80]"></a>__strtod_int</STRONG> (Thumb, 90 bytes, Stack size 40 bytes, strtod.o(.text))
<BR><BR>[Stack]<UL><LI>Max Depth = 200<LI>Call Chain = __strtod_int &rArr; _local_sscanf &rArr; _scanf_real
</UL>
<BR>[Calls]<UL><LI><a href="#[7e]">&gt;&gt;</a>&nbsp;&nbsp;&nbsp;_local_sscanf
</UL>
<BR>[Called By]<UL><LI><a href="#[a8]">&gt;&gt;</a>&nbsp;&nbsp;&nbsp;__hardfp_atof
</UL>

<P><STRONG><a name="[71]"></a>strtol</STRONG> (Thumb, 112 bytes, Stack size 32 bytes, strtol.o(.text))
<BR><BR>[Stack]<UL><LI>Max Depth = 72<LI>Call Chain = strtol &rArr; _strtoul
</UL>
<BR>[Calls]<UL><LI><a href="#[82]">&gt;&gt;</a>&nbsp;&nbsp;&nbsp;_strtoul
<LI><a href="#[81]">&gt;&gt;</a>&nbsp;&nbsp;&nbsp;__rt_ctype_table
<LI><a href="#[70]">&gt;&gt;</a>&nbsp;&nbsp;&nbsp;__aeabi_errno_addr
</UL>
<BR>[Called By]<UL><LI><a href="#[6f]">&gt;&gt;</a>&nbsp;&nbsp;&nbsp;atoi
</UL>

<P><STRONG><a name="[e7]"></a>__I$use$fp</STRONG> (Thumb, 0 bytes, Stack size 8 bytes, iusefp.o(.text), UNUSED)

<P><STRONG><a name="[76]"></a>_double_round</STRONG> (Thumb, 30 bytes, Stack size 8 bytes, depilogue.o(.text))
<BR><BR>[Stack]<UL><LI>Max Depth = 8<LI>Call Chain = _double_round
</UL>
<BR>[Called By]<UL><LI><a href="#[79]">&gt;&gt;</a>&nbsp;&nbsp;&nbsp;__aeabi_ddiv
<LI><a href="#[72]">&gt;&gt;</a>&nbsp;&nbsp;&nbsp;__aeabi_dadd
<LI><a href="#[75]">&gt;&gt;</a>&nbsp;&nbsp;&nbsp;_double_epilogue
</UL>

<P><STRONG><a name="[75]"></a>_double_epilogue</STRONG> (Thumb, 156 bytes, Stack size 32 bytes, depilogue.o(.text))
<BR><BR>[Stack]<UL><LI>Max Depth = 40<LI>Call Chain = _double_epilogue &rArr; _double_round
</UL>
<BR>[Calls]<UL><LI><a href="#[7c]">&gt;&gt;</a>&nbsp;&nbsp;&nbsp;__aeabi_llsr
<LI><a href="#[73]">&gt;&gt;</a>&nbsp;&nbsp;&nbsp;__aeabi_llsl
<LI><a href="#[76]">&gt;&gt;</a>&nbsp;&nbsp;&nbsp;_double_round
</UL>
<BR>[Called By]<UL><LI><a href="#[7a]">&gt;&gt;</a>&nbsp;&nbsp;&nbsp;__aeabi_i2d
<LI><a href="#[72]">&gt;&gt;</a>&nbsp;&nbsp;&nbsp;__aeabi_dadd
<LI><a href="#[87]">&gt;&gt;</a>&nbsp;&nbsp;&nbsp;__aeabi_ul2d
<LI><a href="#[83]">&gt;&gt;</a>&nbsp;&nbsp;&nbsp;__aeabi_dmul
</UL>

<P><STRONG><a name="[83]"></a>__aeabi_dmul</STRONG> (Thumb, 228 bytes, Stack size 48 bytes, dmul.o(.text), UNUSED)
<BR><BR>[Calls]<UL><LI><a href="#[75]">&gt;&gt;</a>&nbsp;&nbsp;&nbsp;_double_epilogue
</UL>
<BR>[Called By]<UL><LI><a href="#[86]">&gt;&gt;</a>&nbsp;&nbsp;&nbsp;_fp_value
<LI><a href="#[ab]">&gt;&gt;</a>&nbsp;&nbsp;&nbsp;_fp_digits
</UL>

<P><STRONG><a name="[84]"></a>__aeabi_d2ulz</STRONG> (Thumb, 48 bytes, Stack size 0 bytes, dfixul.o(.text), UNUSED)
<BR><BR>[Calls]<UL><LI><a href="#[7c]">&gt;&gt;</a>&nbsp;&nbsp;&nbsp;__aeabi_llsr
<LI><a href="#[73]">&gt;&gt;</a>&nbsp;&nbsp;&nbsp;__aeabi_llsl
</UL>
<BR>[Called By]<UL><LI><a href="#[ab]">&gt;&gt;</a>&nbsp;&nbsp;&nbsp;_fp_digits
</UL>

<P><STRONG><a name="[ac]"></a>__aeabi_cdrcmple</STRONG> (Thumb, 48 bytes, Stack size 0 bytes, cdrcmple.o(.text), UNUSED)
<BR><BR>[Called By]<UL><LI><a href="#[ab]">&gt;&gt;</a>&nbsp;&nbsp;&nbsp;_fp_digits
</UL>

<P><STRONG><a name="[6b]"></a>__scatterload</STRONG> (Thumb, 28 bytes, Stack size 0 bytes, init.o(.text))
<BR><BR>[Calls]<UL><LI><a href="#[85]">&gt;&gt;</a>&nbsp;&nbsp;&nbsp;__main_after_scatterload
</UL>
<BR>[Called By]<UL><LI><a href="#[6a]">&gt;&gt;</a>&nbsp;&nbsp;&nbsp;_main_scatterload
</UL>

<P><STRONG><a name="[e8]"></a>__scatterload_rt2</STRONG> (Thumb, 0 bytes, Stack size 0 bytes, init.o(.text), UNUSED)

<P><STRONG><a name="[81]"></a>__rt_ctype_table</STRONG> (Thumb, 4 bytes, Stack size 0 bytes, ctype_o.o(.text))
<BR><BR>[Called By]<UL><LI><a href="#[65]">&gt;&gt;</a>&nbsp;&nbsp;&nbsp;isspace
<LI><a href="#[71]">&gt;&gt;</a>&nbsp;&nbsp;&nbsp;strtol
</UL>

<P><STRONG><a name="[65]"></a>isspace</STRONG> (Thumb, 18 bytes, Stack size 8 bytes, isspace_o.o(.text))
<BR><BR>[Stack]<UL><LI>Max Depth = 8<LI>Call Chain = isspace
</UL>
<BR>[Calls]<UL><LI><a href="#[81]">&gt;&gt;</a>&nbsp;&nbsp;&nbsp;__rt_ctype_table
</UL>
<BR>[Address Reference Count : 1]<UL><LI> strtod.o(.text)
</UL>
<P><STRONG><a name="[7f]"></a>_scanf_real</STRONG> (Thumb, 0 bytes, Stack size 104 bytes, scanf_fp.o(.text))
<BR><BR>[Stack]<UL><LI>Max Depth = 104<LI>Call Chain = _scanf_real
</UL>
<BR>[Called By]<UL><LI><a href="#[7e]">&gt;&gt;</a>&nbsp;&nbsp;&nbsp;_local_sscanf
</UL>

<P><STRONG><a name="[88]"></a>_scanf_really_real</STRONG> (Thumb, 556 bytes, Stack size 104 bytes, scanf_fp.o(.text), UNUSED)
<BR><BR>[Calls]<UL><LI><a href="#[8a]">&gt;&gt;</a>&nbsp;&nbsp;&nbsp;__aeabi_d2f
<LI><a href="#[89]">&gt;&gt;</a>&nbsp;&nbsp;&nbsp;_is_digit
<LI><a href="#[86]">&gt;&gt;</a>&nbsp;&nbsp;&nbsp;_fp_value
</UL>

<P><STRONG><a name="[63]"></a>_sgetc</STRONG> (Thumb, 30 bytes, Stack size 0 bytes, _sgetc.o(.text))
<BR>[Address Reference Count : 1]<UL><LI> strtod.o(.text)
</UL>
<P><STRONG><a name="[64]"></a>_sbackspace</STRONG> (Thumb, 34 bytes, Stack size 0 bytes, _sgetc.o(.text))
<BR>[Address Reference Count : 1]<UL><LI> strtod.o(.text)
</UL>
<P><STRONG><a name="[82]"></a>_strtoul</STRONG> (Thumb, 158 bytes, Stack size 40 bytes, _strtoul.o(.text))
<BR><BR>[Stack]<UL><LI>Max Depth = 40<LI>Call Chain = _strtoul
</UL>
<BR>[Calls]<UL><LI><a href="#[8b]">&gt;&gt;</a>&nbsp;&nbsp;&nbsp;_chval
<LI><a href="#[70]">&gt;&gt;</a>&nbsp;&nbsp;&nbsp;__aeabi_errno_addr
</UL>
<BR>[Called By]<UL><LI><a href="#[71]">&gt;&gt;</a>&nbsp;&nbsp;&nbsp;strtol
</UL>

<P><STRONG><a name="[8b]"></a>_chval</STRONG> (Thumb, 28 bytes, Stack size 0 bytes, _chval.o(.text))
<BR><BR>[Called By]<UL><LI><a href="#[82]">&gt;&gt;</a>&nbsp;&nbsp;&nbsp;_strtoul
</UL>

<P><STRONG><a name="[87]"></a>__aeabi_ul2d</STRONG> (Thumb, 24 bytes, Stack size 16 bytes, dfltul.o(.text), UNUSED)
<BR><BR>[Calls]<UL><LI><a href="#[75]">&gt;&gt;</a>&nbsp;&nbsp;&nbsp;_double_epilogue
</UL>
<BR>[Called By]<UL><LI><a href="#[86]">&gt;&gt;</a>&nbsp;&nbsp;&nbsp;_fp_value
</UL>

<P><STRONG><a name="[8a]"></a>__aeabi_d2f</STRONG> (Thumb, 56 bytes, Stack size 8 bytes, d2f.o(.text), UNUSED)
<BR><BR>[Called By]<UL><LI><a href="#[88]">&gt;&gt;</a>&nbsp;&nbsp;&nbsp;_scanf_really_real
</UL>

<P><STRONG><a name="[e9]"></a>_float_round</STRONG> (Thumb, 18 bytes, Stack size 0 bytes, fepilogue.o(.text), UNUSED)

<P><STRONG><a name="[ea]"></a>_float_epilogue</STRONG> (Thumb, 92 bytes, Stack size 4 bytes, fepilogue.o(.text), UNUSED)

<P><STRONG><a name="[1c]"></a>ADC1_2_IRQHandler</STRONG> (Thumb, 34 bytes, Stack size 8 bytes, n32wb452_it.o(i.ADC1_2_IRQHandler))
<BR><BR>[Stack]<UL><LI>Max Depth = 24<LI>Call Chain = ADC1_2_IRQHandler &rArr; ADC_GetIntStatus
</UL>
<BR>[Calls]<UL><LI><a href="#[8c]">&gt;&gt;</a>&nbsp;&nbsp;&nbsp;ADC_GetIntStatus
<LI><a href="#[8e]">&gt;&gt;</a>&nbsp;&nbsp;&nbsp;ADC_GetDat
<LI><a href="#[8d]">&gt;&gt;</a>&nbsp;&nbsp;&nbsp;ADC_ClearFlag
</UL>
<BR>[Address Reference Count : 1]<UL><LI> startup_n32wb452.o(RESET)
</UL>
<P><STRONG><a name="[8d]"></a>ADC_ClearFlag</STRONG> (Thumb, 8 bytes, Stack size 0 bytes, n32wb452_adc.o(i.ADC_ClearFlag))
<BR><BR>[Called By]<UL><LI><a href="#[1c]">&gt;&gt;</a>&nbsp;&nbsp;&nbsp;ADC1_2_IRQHandler
</UL>

<P><STRONG><a name="[8e]"></a>ADC_GetDat</STRONG> (Thumb, 8 bytes, Stack size 0 bytes, n32wb452_adc.o(i.ADC_GetDat))
<BR><BR>[Called By]<UL><LI><a href="#[1c]">&gt;&gt;</a>&nbsp;&nbsp;&nbsp;ADC1_2_IRQHandler
</UL>

<P><STRONG><a name="[8c]"></a>ADC_GetIntStatus</STRONG> (Thumb, 36 bytes, Stack size 16 bytes, n32wb452_adc.o(i.ADC_GetIntStatus))
<BR><BR>[Stack]<UL><LI>Max Depth = 16<LI>Call Chain = ADC_GetIntStatus
</UL>
<BR>[Called By]<UL><LI><a href="#[1c]">&gt;&gt;</a>&nbsp;&nbsp;&nbsp;ADC1_2_IRQHandler
</UL>

<P><STRONG><a name="[4]"></a>BusFault_Handler</STRONG> (Thumb, 4 bytes, Stack size 0 bytes, n32wb452_it.o(i.BusFault_Handler))
<BR>[Address Reference Count : 1]<UL><LI> startup_n32wb452.o(RESET)
</UL>
<P><STRONG><a name="[8f]"></a>CLR_Buf</STRONG> (Thumb, 18 bytes, Stack size 8 bytes, usart_drv.o(i.CLR_Buf))
<BR><BR>[Stack]<UL><LI>Max Depth = 8<LI>Call Chain = CLR_Buf
</UL>
<BR>[Calls]<UL><LI><a href="#[6c]">&gt;&gt;</a>&nbsp;&nbsp;&nbsp;__aeabi_memclr
</UL>
<BR>[Called By]<UL><LI><a href="#[c0]">&gt;&gt;</a>&nbsp;&nbsp;&nbsp;uart_init
</UL>

<P><STRONG><a name="[7]"></a>DebugMon_Handler</STRONG> (Thumb, 2 bytes, Stack size 0 bytes, n32wb452_it.o(i.DebugMon_Handler))
<BR>[Address Reference Count : 1]<UL><LI> startup_n32wb452.o(RESET)
</UL>
<P><STRONG><a name="[9b]"></a>GPIO_ConfigPinRemap</STRONG> (Thumb, 554 bytes, Stack size 20 bytes, n32wb452_gpio.o(i.GPIO_ConfigPinRemap))
<BR><BR>[Stack]<UL><LI>Max Depth = 20<LI>Call Chain = GPIO_ConfigPinRemap
</UL>
<BR>[Called By]<UL><LI><a href="#[c0]">&gt;&gt;</a>&nbsp;&nbsp;&nbsp;uart_init
<LI><a href="#[bf]">&gt;&gt;</a>&nbsp;&nbsp;&nbsp;uart2_init
<LI><a href="#[97]">&gt;&gt;</a>&nbsp;&nbsp;&nbsp;UART5_init
</UL>

<P><STRONG><a name="[9a]"></a>GPIO_InitPeripheral</STRONG> (Thumb, 278 bytes, Stack size 24 bytes, n32wb452_gpio.o(i.GPIO_InitPeripheral))
<BR><BR>[Stack]<UL><LI>Max Depth = 24<LI>Call Chain = GPIO_InitPeripheral
</UL>
<BR>[Called By]<UL><LI><a href="#[c0]">&gt;&gt;</a>&nbsp;&nbsp;&nbsp;uart_init
<LI><a href="#[bf]">&gt;&gt;</a>&nbsp;&nbsp;&nbsp;uart2_init
<LI><a href="#[be]">&gt;&gt;</a>&nbsp;&nbsp;&nbsp;pen_gpio_init
<LI><a href="#[bd]">&gt;&gt;</a>&nbsp;&nbsp;&nbsp;led_init
<LI><a href="#[97]">&gt;&gt;</a>&nbsp;&nbsp;&nbsp;UART5_init
</UL>

<P><STRONG><a name="[d1]"></a>GPIO_SetBits</STRONG> (Thumb, 4 bytes, Stack size 0 bytes, n32wb452_gpio.o(i.GPIO_SetBits))
<BR><BR>[Called By]<UL><LI><a href="#[be]">&gt;&gt;</a>&nbsp;&nbsp;&nbsp;pen_gpio_init
</UL>

<P><STRONG><a name="[2]"></a>HardFault_Handler</STRONG> (Thumb, 4 bytes, Stack size 0 bytes, n32wb452_it.o(i.HardFault_Handler))
<BR>[Address Reference Count : 1]<UL><LI> startup_n32wb452.o(RESET)
</UL>
<P><STRONG><a name="[3]"></a>MemManage_Handler</STRONG> (Thumb, 4 bytes, Stack size 0 bytes, n32wb452_it.o(i.MemManage_Handler))
<BR>[Address Reference Count : 1]<UL><LI> startup_n32wb452.o(RESET)
</UL>
<P><STRONG><a name="[1]"></a>NMI_Handler</STRONG> (Thumb, 2 bytes, Stack size 0 bytes, n32wb452_it.o(i.NMI_Handler))
<BR>[Address Reference Count : 1]<UL><LI> startup_n32wb452.o(RESET)
</UL>
<P><STRONG><a name="[d3]"></a>NVIC_Init</STRONG> (Thumb, 100 bytes, Stack size 16 bytes, misc.o(i.NVIC_Init))
<BR><BR>[Stack]<UL><LI>Max Depth = 16<LI>Call Chain = NVIC_Init
</UL>
<BR>[Called By]<UL><LI><a href="#[c0]">&gt;&gt;</a>&nbsp;&nbsp;&nbsp;uart_init
<LI><a href="#[bf]">&gt;&gt;</a>&nbsp;&nbsp;&nbsp;uart2_init
<LI><a href="#[c1]">&gt;&gt;</a>&nbsp;&nbsp;&nbsp;tim2_init
</UL>

<P><STRONG><a name="[bc]"></a>NVIC_PriorityGroupConfig</STRONG> (Thumb, 10 bytes, Stack size 0 bytes, misc.o(i.NVIC_PriorityGroupConfig))
<BR><BR>[Called By]<UL><LI><a href="#[c1]">&gt;&gt;</a>&nbsp;&nbsp;&nbsp;tim2_init
<LI><a href="#[bb]">&gt;&gt;</a>&nbsp;&nbsp;&nbsp;headware_init
</UL>

<P><STRONG><a name="[98]"></a>RCC_EnableAPB1PeriphClk</STRONG> (Thumb, 26 bytes, Stack size 0 bytes, n32wb452_rcc.o(i.RCC_EnableAPB1PeriphClk))
<BR><BR>[Called By]<UL><LI><a href="#[bf]">&gt;&gt;</a>&nbsp;&nbsp;&nbsp;uart2_init
<LI><a href="#[c1]">&gt;&gt;</a>&nbsp;&nbsp;&nbsp;tim2_init
<LI><a href="#[97]">&gt;&gt;</a>&nbsp;&nbsp;&nbsp;UART5_init
</UL>

<P><STRONG><a name="[99]"></a>RCC_EnableAPB2PeriphClk</STRONG> (Thumb, 26 bytes, Stack size 0 bytes, n32wb452_rcc.o(i.RCC_EnableAPB2PeriphClk))
<BR><BR>[Called By]<UL><LI><a href="#[c0]">&gt;&gt;</a>&nbsp;&nbsp;&nbsp;uart_init
<LI><a href="#[bf]">&gt;&gt;</a>&nbsp;&nbsp;&nbsp;uart2_init
<LI><a href="#[be]">&gt;&gt;</a>&nbsp;&nbsp;&nbsp;pen_gpio_init
<LI><a href="#[bd]">&gt;&gt;</a>&nbsp;&nbsp;&nbsp;led_init
<LI><a href="#[97]">&gt;&gt;</a>&nbsp;&nbsp;&nbsp;UART5_init
</UL>

<P><STRONG><a name="[a4]"></a>RCC_GetClocksFreqValue</STRONG> (Thumb, 240 bytes, Stack size 20 bytes, n32wb452_rcc.o(i.RCC_GetClocksFreqValue))
<BR><BR>[Stack]<UL><LI>Max Depth = 20<LI>Call Chain = RCC_GetClocksFreqValue
</UL>
<BR>[Called By]<UL><LI><a href="#[9c]">&gt;&gt;</a>&nbsp;&nbsp;&nbsp;USART_Init
</UL>

<P><STRONG><a name="[6]"></a>SVC_Handler</STRONG> (Thumb, 2 bytes, Stack size 0 bytes, n32wb452_it.o(i.SVC_Handler))
<BR>[Address Reference Count : 1]<UL><LI> startup_n32wb452.o(RESET)
</UL>
<P><STRONG><a name="[93]"></a>SysTick_CLKSourceConfig</STRONG> (Thumb, 22 bytes, Stack size 0 bytes, misc.o(i.SysTick_CLKSourceConfig))
<BR><BR>[Called By]<UL><LI><a href="#[92]">&gt;&gt;</a>&nbsp;&nbsp;&nbsp;Systick_Init
</UL>

<P><STRONG><a name="[9]"></a>SysTick_Handler</STRONG> (Thumb, 2 bytes, Stack size 0 bytes, n32wb452_it.o(i.SysTick_Handler))
<BR>[Address Reference Count : 1]<UL><LI> startup_n32wb452.o(RESET)
</UL>
<P><STRONG><a name="[61]"></a>SystemInit</STRONG> (Thumb, 166 bytes, Stack size 8 bytes, system_n32wb452.o(i.SystemInit))
<BR><BR>[Stack]<UL><LI>Max Depth = 20<LI>Call Chain = SystemInit &rArr; SetSysClock
</UL>
<BR>[Calls]<UL><LI><a href="#[91]">&gt;&gt;</a>&nbsp;&nbsp;&nbsp;SetVDDDBKTrim
<LI><a href="#[90]">&gt;&gt;</a>&nbsp;&nbsp;&nbsp;SetSysClock
</UL>
<BR>[Address Reference Count : 1]<UL><LI> startup_n32wb452.o(.text)
</UL>
<P><STRONG><a name="[92]"></a>Systick_Init</STRONG> (Thumb, 28 bytes, Stack size 8 bytes, systick.o(i.Systick_Init))
<BR><BR>[Stack]<UL><LI>Max Depth = 8<LI>Call Chain = Systick_Init
</UL>
<BR>[Calls]<UL><LI><a href="#[93]">&gt;&gt;</a>&nbsp;&nbsp;&nbsp;SysTick_CLKSourceConfig
</UL>
<BR>[Called By]<UL><LI><a href="#[bb]">&gt;&gt;</a>&nbsp;&nbsp;&nbsp;headware_init
</UL>

<P><STRONG><a name="[26]"></a>TIM2_IRQHandler</STRONG> (Thumb, 26 bytes, Stack size 8 bytes, tim.o(i.TIM2_IRQHandler))
<BR><BR>[Stack]<UL><LI>Max Depth = 20<LI>Call Chain = TIM2_IRQHandler &rArr; TIM_GetIntStatus
</UL>
<BR>[Calls]<UL><LI><a href="#[94]">&gt;&gt;</a>&nbsp;&nbsp;&nbsp;TIM_GetIntStatus
<LI><a href="#[96]">&gt;&gt;</a>&nbsp;&nbsp;&nbsp;TIM_ClrIntPendingBit
<LI><a href="#[95]">&gt;&gt;</a>&nbsp;&nbsp;&nbsp;fat_tim_proc
</UL>
<BR>[Address Reference Count : 1]<UL><LI> startup_n32wb452.o(RESET)
</UL>
<P><STRONG><a name="[96]"></a>TIM_ClrIntPendingBit</STRONG> (Thumb, 6 bytes, Stack size 0 bytes, n32wb452_tim.o(i.TIM_ClrIntPendingBit))
<BR><BR>[Called By]<UL><LI><a href="#[26]">&gt;&gt;</a>&nbsp;&nbsp;&nbsp;TIM2_IRQHandler
</UL>

<P><STRONG><a name="[d4]"></a>TIM_ConfigInt</STRONG> (Thumb, 18 bytes, Stack size 0 bytes, n32wb452_tim.o(i.TIM_ConfigInt))
<BR><BR>[Called By]<UL><LI><a href="#[c1]">&gt;&gt;</a>&nbsp;&nbsp;&nbsp;tim2_init
</UL>

<P><STRONG><a name="[d5]"></a>TIM_Enable</STRONG> (Thumb, 22 bytes, Stack size 0 bytes, n32wb452_tim.o(i.TIM_Enable))
<BR><BR>[Called By]<UL><LI><a href="#[c1]">&gt;&gt;</a>&nbsp;&nbsp;&nbsp;tim2_init
</UL>

<P><STRONG><a name="[94]"></a>TIM_GetIntStatus</STRONG> (Thumb, 34 bytes, Stack size 12 bytes, n32wb452_tim.o(i.TIM_GetIntStatus))
<BR><BR>[Stack]<UL><LI>Max Depth = 12<LI>Call Chain = TIM_GetIntStatus
</UL>
<BR>[Called By]<UL><LI><a href="#[26]">&gt;&gt;</a>&nbsp;&nbsp;&nbsp;TIM2_IRQHandler
</UL>

<P><STRONG><a name="[d2]"></a>TIM_InitTimeBase</STRONG> (Thumb, 314 bytes, Stack size 0 bytes, n32wb452_tim.o(i.TIM_InitTimeBase))
<BR><BR>[Called By]<UL><LI><a href="#[c1]">&gt;&gt;</a>&nbsp;&nbsp;&nbsp;tim2_init
</UL>

<P><STRONG><a name="[97]"></a>UART5_init</STRONG> (Thumb, 150 bytes, Stack size 32 bytes, uart.o(i.UART5_init))
<BR><BR>[Stack]<UL><LI>Max Depth = 108<LI>Call Chain = UART5_init &rArr; USART_Init &rArr; RCC_GetClocksFreqValue
</UL>
<BR>[Calls]<UL><LI><a href="#[98]">&gt;&gt;</a>&nbsp;&nbsp;&nbsp;RCC_EnableAPB1PeriphClk
<LI><a href="#[99]">&gt;&gt;</a>&nbsp;&nbsp;&nbsp;RCC_EnableAPB2PeriphClk
<LI><a href="#[9a]">&gt;&gt;</a>&nbsp;&nbsp;&nbsp;GPIO_InitPeripheral
<LI><a href="#[9c]">&gt;&gt;</a>&nbsp;&nbsp;&nbsp;USART_Init
<LI><a href="#[9e]">&gt;&gt;</a>&nbsp;&nbsp;&nbsp;USART_Enable
<LI><a href="#[9d]">&gt;&gt;</a>&nbsp;&nbsp;&nbsp;USART_ClrFlag
<LI><a href="#[9b]">&gt;&gt;</a>&nbsp;&nbsp;&nbsp;GPIO_ConfigPinRemap
</UL>
<BR>[Called By]<UL><LI><a href="#[bb]">&gt;&gt;</a>&nbsp;&nbsp;&nbsp;headware_init
</UL>

<P><STRONG><a name="[2f]"></a>USART1_IRQHandler</STRONG> (Thumb, 134 bytes, Stack size 8 bytes, usart_drv.o(i.USART1_IRQHandler))
<BR><BR>[Stack]<UL><LI>Max Depth = 24<LI>Call Chain = USART1_IRQHandler &rArr; USART_GetIntStatus
</UL>
<BR>[Calls]<UL><LI><a href="#[a0]">&gt;&gt;</a>&nbsp;&nbsp;&nbsp;USART_ReceiveData
<LI><a href="#[9f]">&gt;&gt;</a>&nbsp;&nbsp;&nbsp;USART_GetIntStatus
<LI><a href="#[6c]">&gt;&gt;</a>&nbsp;&nbsp;&nbsp;__aeabi_memclr
<LI><a href="#[a1]">&gt;&gt;</a>&nbsp;&nbsp;&nbsp;__aeabi_memcpy
</UL>
<BR>[Address Reference Count : 1]<UL><LI> startup_n32wb452.o(RESET)
</UL>
<P><STRONG><a name="[30]"></a>USART2_IRQHandler</STRONG> (Thumb, 42 bytes, Stack size 8 bytes, uart.o(i.USART2_IRQHandler))
<BR><BR>[Stack]<UL><LI>Max Depth = 24<LI>Call Chain = USART2_IRQHandler &rArr; USART_GetIntStatus
</UL>
<BR>[Calls]<UL><LI><a href="#[a2]">&gt;&gt;</a>&nbsp;&nbsp;&nbsp;fat_uart_recv_proc
<LI><a href="#[9f]">&gt;&gt;</a>&nbsp;&nbsp;&nbsp;USART_GetIntStatus
<LI><a href="#[a3]">&gt;&gt;</a>&nbsp;&nbsp;&nbsp;USART_ClrIntPendingBit
</UL>
<BR>[Address Reference Count : 1]<UL><LI> startup_n32wb452.o(RESET)
</UL>
<P><STRONG><a name="[9d]"></a>USART_ClrFlag</STRONG> (Thumb, 18 bytes, Stack size 0 bytes, n32wb452_usart.o(i.USART_ClrFlag))
<BR><BR>[Called By]<UL><LI><a href="#[97]">&gt;&gt;</a>&nbsp;&nbsp;&nbsp;UART5_init
<LI><a href="#[66]">&gt;&gt;</a>&nbsp;&nbsp;&nbsp;fputc
</UL>

<P><STRONG><a name="[a3]"></a>USART_ClrIntPendingBit</STRONG> (Thumb, 30 bytes, Stack size 8 bytes, n32wb452_usart.o(i.USART_ClrIntPendingBit))
<BR><BR>[Stack]<UL><LI>Max Depth = 8<LI>Call Chain = USART_ClrIntPendingBit
</UL>
<BR>[Called By]<UL><LI><a href="#[30]">&gt;&gt;</a>&nbsp;&nbsp;&nbsp;USART2_IRQHandler
</UL>

<P><STRONG><a name="[d6]"></a>USART_ConfigInt</STRONG> (Thumb, 74 bytes, Stack size 20 bytes, n32wb452_usart.o(i.USART_ConfigInt))
<BR><BR>[Stack]<UL><LI>Max Depth = 20<LI>Call Chain = USART_ConfigInt
</UL>
<BR>[Called By]<UL><LI><a href="#[c0]">&gt;&gt;</a>&nbsp;&nbsp;&nbsp;uart_init
<LI><a href="#[bf]">&gt;&gt;</a>&nbsp;&nbsp;&nbsp;uart2_init
</UL>

<P><STRONG><a name="[9e]"></a>USART_Enable</STRONG> (Thumb, 24 bytes, Stack size 0 bytes, n32wb452_usart.o(i.USART_Enable))
<BR><BR>[Called By]<UL><LI><a href="#[c0]">&gt;&gt;</a>&nbsp;&nbsp;&nbsp;uart_init
<LI><a href="#[bf]">&gt;&gt;</a>&nbsp;&nbsp;&nbsp;uart2_init
<LI><a href="#[97]">&gt;&gt;</a>&nbsp;&nbsp;&nbsp;UART5_init
</UL>

<P><STRONG><a name="[ba]"></a>USART_GetFlagStatus</STRONG> (Thumb, 26 bytes, Stack size 0 bytes, n32wb452_usart.o(i.USART_GetFlagStatus))
<BR><BR>[Called By]<UL><LI><a href="#[68]">&gt;&gt;</a>&nbsp;&nbsp;&nbsp;uart2_send_byte
<LI><a href="#[66]">&gt;&gt;</a>&nbsp;&nbsp;&nbsp;fputc
</UL>

<P><STRONG><a name="[9f]"></a>USART_GetIntStatus</STRONG> (Thumb, 84 bytes, Stack size 16 bytes, n32wb452_usart.o(i.USART_GetIntStatus))
<BR><BR>[Stack]<UL><LI>Max Depth = 16<LI>Call Chain = USART_GetIntStatus
</UL>
<BR>[Called By]<UL><LI><a href="#[2f]">&gt;&gt;</a>&nbsp;&nbsp;&nbsp;USART1_IRQHandler
<LI><a href="#[30]">&gt;&gt;</a>&nbsp;&nbsp;&nbsp;USART2_IRQHandler
</UL>

<P><STRONG><a name="[9c]"></a>USART_Init</STRONG> (Thumb, 188 bytes, Stack size 56 bytes, n32wb452_usart.o(i.USART_Init))
<BR><BR>[Stack]<UL><LI>Max Depth = 76<LI>Call Chain = USART_Init &rArr; RCC_GetClocksFreqValue
</UL>
<BR>[Calls]<UL><LI><a href="#[a4]">&gt;&gt;</a>&nbsp;&nbsp;&nbsp;RCC_GetClocksFreqValue
</UL>
<BR>[Called By]<UL><LI><a href="#[c0]">&gt;&gt;</a>&nbsp;&nbsp;&nbsp;uart_init
<LI><a href="#[bf]">&gt;&gt;</a>&nbsp;&nbsp;&nbsp;uart2_init
<LI><a href="#[97]">&gt;&gt;</a>&nbsp;&nbsp;&nbsp;UART5_init
</UL>

<P><STRONG><a name="[a0]"></a>USART_ReceiveData</STRONG> (Thumb, 10 bytes, Stack size 0 bytes, n32wb452_usart.o(i.USART_ReceiveData))
<BR><BR>[Called By]<UL><LI><a href="#[2f]">&gt;&gt;</a>&nbsp;&nbsp;&nbsp;USART1_IRQHandler
</UL>

<P><STRONG><a name="[b9]"></a>USART_SendData</STRONG> (Thumb, 8 bytes, Stack size 0 bytes, n32wb452_usart.o(i.USART_SendData))
<BR><BR>[Called By]<UL><LI><a href="#[ca]">&gt;&gt;</a>&nbsp;&nbsp;&nbsp;module_data
<LI><a href="#[68]">&gt;&gt;</a>&nbsp;&nbsp;&nbsp;uart2_send_byte
<LI><a href="#[66]">&gt;&gt;</a>&nbsp;&nbsp;&nbsp;fputc
</UL>

<P><STRONG><a name="[5]"></a>UsageFault_Handler</STRONG> (Thumb, 4 bytes, Stack size 0 bytes, n32wb452_it.o(i.UsageFault_Handler))
<BR>[Address Reference Count : 1]<UL><LI> startup_n32wb452.o(RESET)
</UL>
<P><STRONG><a name="[a5]"></a>__0printf</STRONG> (Thumb, 22 bytes, Stack size 24 bytes, printfa.o(i.__0printf), UNUSED)
<BR><BR>[Calls]<UL><LI><a href="#[a6]">&gt;&gt;</a>&nbsp;&nbsp;&nbsp;_printf_core
</UL>

<P><STRONG><a name="[eb]"></a>__1printf</STRONG> (Thumb, 0 bytes, Stack size 24 bytes, printfa.o(i.__0printf), UNUSED)

<P><STRONG><a name="[b2]"></a>__2printf</STRONG> (Thumb, 0 bytes, Stack size 24 bytes, printfa.o(i.__0printf))
<BR><BR>[Stack]<UL><LI>Max Depth = 24<LI>Call Chain = __2printf
</UL>
<BR>[Called By]<UL><LI><a href="#[cb]">&gt;&gt;</a>&nbsp;&nbsp;&nbsp;module_flightmode
<LI><a href="#[ca]">&gt;&gt;</a>&nbsp;&nbsp;&nbsp;module_data
<LI><a href="#[b8]">&gt;&gt;</a>&nbsp;&nbsp;&nbsp;fat_send_wait_cmdres_nonblocking
<LI><a href="#[b5]">&gt;&gt;</a>&nbsp;&nbsp;&nbsp;fat_send_wait_cmdres_blocking
<LI><a href="#[b3]">&gt;&gt;</a>&nbsp;&nbsp;&nbsp;fat_cmdres_keyword_matching
<LI><a href="#[c6]">&gt;&gt;</a>&nbsp;&nbsp;&nbsp;module_MQTT
<LI><a href="#[c4]">&gt;&gt;</a>&nbsp;&nbsp;&nbsp;printGpsBuffer
<LI><a href="#[c3]">&gt;&gt;</a>&nbsp;&nbsp;&nbsp;parseGpsBuffer
<LI><a href="#[b1]">&gt;&gt;</a>&nbsp;&nbsp;&nbsp;errorLog
</UL>

<P><STRONG><a name="[ec]"></a>__c89printf</STRONG> (Thumb, 0 bytes, Stack size 24 bytes, printfa.o(i.__0printf), UNUSED)

<P><STRONG><a name="[d0]"></a>printf</STRONG> (Thumb, 0 bytes, Stack size 24 bytes, printfa.o(i.__0printf))
<BR><BR>[Stack]<UL><LI>Max Depth = 24<LI>Call Chain = printf
</UL>
<BR>[Called By]<UL><LI><a href="#[c4]">&gt;&gt;</a>&nbsp;&nbsp;&nbsp;printGpsBuffer
<LI><a href="#[c3]">&gt;&gt;</a>&nbsp;&nbsp;&nbsp;parseGpsBuffer
</UL>

<P><STRONG><a name="[a7]"></a>__0snprintf</STRONG> (Thumb, 48 bytes, Stack size 40 bytes, printfa.o(i.__0snprintf), UNUSED)
<BR><BR>[Calls]<UL><LI><a href="#[a6]">&gt;&gt;</a>&nbsp;&nbsp;&nbsp;_printf_core
</UL>

<P><STRONG><a name="[ed]"></a>__1snprintf</STRONG> (Thumb, 0 bytes, Stack size 40 bytes, printfa.o(i.__0snprintf), UNUSED)

<P><STRONG><a name="[cd]"></a>__2snprintf</STRONG> (Thumb, 0 bytes, Stack size 40 bytes, printfa.o(i.__0snprintf))
<BR><BR>[Stack]<UL><LI>Max Depth = 40<LI>Call Chain = __2snprintf
</UL>
<BR>[Called By]<UL><LI><a href="#[ca]">&gt;&gt;</a>&nbsp;&nbsp;&nbsp;module_data
</UL>

<P><STRONG><a name="[ee]"></a>__c89snprintf</STRONG> (Thumb, 0 bytes, Stack size 40 bytes, printfa.o(i.__0snprintf), UNUSED)

<P><STRONG><a name="[ef]"></a>snprintf</STRONG> (Thumb, 0 bytes, Stack size 40 bytes, printfa.o(i.__0snprintf), UNUSED)

<P><STRONG><a name="[70]"></a>__aeabi_errno_addr</STRONG> (Thumb, 4 bytes, Stack size 0 bytes, errno.o(i.__aeabi_errno_addr))
<BR><BR>[Called By]<UL><LI><a href="#[82]">&gt;&gt;</a>&nbsp;&nbsp;&nbsp;_strtoul
<LI><a href="#[71]">&gt;&gt;</a>&nbsp;&nbsp;&nbsp;strtol
<LI><a href="#[6f]">&gt;&gt;</a>&nbsp;&nbsp;&nbsp;atoi
</UL>

<P><STRONG><a name="[f0]"></a>__rt_errno_addr</STRONG> (Thumb, 0 bytes, Stack size 0 bytes, errno.o(i.__aeabi_errno_addr), UNUSED)

<P><STRONG><a name="[a8]"></a>__hardfp_atof</STRONG> (Thumb, 44 bytes, Stack size 24 bytes, atof.o(i.__hardfp_atof))
<BR><BR>[Stack]<UL><LI>Max Depth = 224<LI>Call Chain = __hardfp_atof &rArr; __strtod_int &rArr; _local_sscanf &rArr; _scanf_real
</UL>
<BR>[Calls]<UL><LI><a href="#[80]">&gt;&gt;</a>&nbsp;&nbsp;&nbsp;__strtod_int
<LI><a href="#[aa]">&gt;&gt;</a>&nbsp;&nbsp;&nbsp;__set_errno
<LI><a href="#[a9]">&gt;&gt;</a>&nbsp;&nbsp;&nbsp;__read_errno
</UL>
<BR>[Called By]<UL><LI><a href="#[c4]">&gt;&gt;</a>&nbsp;&nbsp;&nbsp;printGpsBuffer
</UL>

<P><STRONG><a name="[a9]"></a>__read_errno</STRONG> (Thumb, 6 bytes, Stack size 0 bytes, errno.o(i.__read_errno))
<BR><BR>[Called By]<UL><LI><a href="#[a8]">&gt;&gt;</a>&nbsp;&nbsp;&nbsp;__hardfp_atof
</UL>

<P><STRONG><a name="[f1]"></a>__scatterload_copy</STRONG> (Thumb, 14 bytes, Stack size unknown bytes, handlers.o(i.__scatterload_copy), UNUSED)

<P><STRONG><a name="[f2]"></a>__scatterload_null</STRONG> (Thumb, 2 bytes, Stack size unknown bytes, handlers.o(i.__scatterload_null), UNUSED)

<P><STRONG><a name="[f3]"></a>__scatterload_zeroinit</STRONG> (Thumb, 14 bytes, Stack size unknown bytes, handlers.o(i.__scatterload_zeroinit), UNUSED)

<P><STRONG><a name="[aa]"></a>__set_errno</STRONG> (Thumb, 6 bytes, Stack size 0 bytes, errno.o(i.__set_errno))
<BR><BR>[Called By]<UL><LI><a href="#[a8]">&gt;&gt;</a>&nbsp;&nbsp;&nbsp;__hardfp_atof
</UL>

<P><STRONG><a name="[89]"></a>_is_digit</STRONG> (Thumb, 14 bytes, Stack size 0 bytes, scanf_fp.o(i._is_digit), UNUSED)
<BR><BR>[Called By]<UL><LI><a href="#[88]">&gt;&gt;</a>&nbsp;&nbsp;&nbsp;_scanf_really_real
</UL>

<P><STRONG><a name="[b0]"></a>clrStruct</STRONG> (Thumb, 72 bytes, Stack size 8 bytes, usart_drv.o(i.clrStruct))
<BR><BR>[Stack]<UL><LI>Max Depth = 8<LI>Call Chain = clrStruct
</UL>
<BR>[Calls]<UL><LI><a href="#[6c]">&gt;&gt;</a>&nbsp;&nbsp;&nbsp;__aeabi_memclr
</UL>
<BR>[Called By]<UL><LI><a href="#[bb]">&gt;&gt;</a>&nbsp;&nbsp;&nbsp;headware_init
</UL>

<P><STRONG><a name="[c5]"></a>delay_ms</STRONG> (Thumb, 72 bytes, Stack size 0 bytes, systick.o(i.delay_ms))
<BR><BR>[Called By]<UL><LI><a href="#[60]">&gt;&gt;</a>&nbsp;&nbsp;&nbsp;main
</UL>

<P><STRONG><a name="[b1]"></a>errorLog</STRONG> (Thumb, 14 bytes, Stack size 0 bytes, main.o(i.errorLog))
<BR><BR>[Stack]<UL><LI>Max Depth = 24<LI>Call Chain = errorLog &rArr; __2printf
</UL>
<BR>[Calls]<UL><LI><a href="#[b2]">&gt;&gt;</a>&nbsp;&nbsp;&nbsp;__2printf
</UL>
<BR>[Called By]<UL><LI><a href="#[c3]">&gt;&gt;</a>&nbsp;&nbsp;&nbsp;parseGpsBuffer
</UL>

<P><STRONG><a name="[b3]"></a>fat_cmdres_keyword_matching</STRONG> (Thumb, 42 bytes, Stack size 8 bytes, fat_core.o(i.fat_cmdres_keyword_matching))
<BR><BR>[Stack]<UL><LI>Max Depth = 32<LI>Call Chain = fat_cmdres_keyword_matching &rArr; __2printf
</UL>
<BR>[Calls]<UL><LI><a href="#[b4]">&gt;&gt;</a>&nbsp;&nbsp;&nbsp;strstr
<LI><a href="#[b2]">&gt;&gt;</a>&nbsp;&nbsp;&nbsp;__2printf
</UL>
<BR>[Called By]<UL><LI><a href="#[c8]">&gt;&gt;</a>&nbsp;&nbsp;&nbsp;module_is_ready
<LI><a href="#[cb]">&gt;&gt;</a>&nbsp;&nbsp;&nbsp;module_flightmode
<LI><a href="#[ca]">&gt;&gt;</a>&nbsp;&nbsp;&nbsp;module_data
<LI><a href="#[c9]">&gt;&gt;</a>&nbsp;&nbsp;&nbsp;module_connet_parm_init
<LI><a href="#[c6]">&gt;&gt;</a>&nbsp;&nbsp;&nbsp;module_MQTT
</UL>

<P><STRONG><a name="[ce]"></a>fat_delay</STRONG> (Thumb, 24 bytes, Stack size 0 bytes, fat_core.o(i.fat_delay))
<BR><BR>[Called By]<UL><LI><a href="#[ca]">&gt;&gt;</a>&nbsp;&nbsp;&nbsp;module_data
</UL>

<P><STRONG><a name="[b5]"></a>fat_send_wait_cmdres_blocking</STRONG> (Thumb, 74 bytes, Stack size 16 bytes, fat_core.o(i.fat_send_wait_cmdres_blocking))
<BR><BR>[Stack]<UL><LI>Max Depth = 40<LI>Call Chain = fat_send_wait_cmdres_blocking &rArr; __2printf
</UL>
<BR>[Calls]<UL><LI><a href="#[b7]">&gt;&gt;</a>&nbsp;&nbsp;&nbsp;fat_uart_send_str
<LI><a href="#[b6]">&gt;&gt;</a>&nbsp;&nbsp;&nbsp;fat_uart_clean
<LI><a href="#[b2]">&gt;&gt;</a>&nbsp;&nbsp;&nbsp;__2printf
</UL>
<BR>[Called By]<UL><LI><a href="#[c8]">&gt;&gt;</a>&nbsp;&nbsp;&nbsp;module_is_ready
<LI><a href="#[cb]">&gt;&gt;</a>&nbsp;&nbsp;&nbsp;module_flightmode
<LI><a href="#[c9]">&gt;&gt;</a>&nbsp;&nbsp;&nbsp;module_connet_parm_init
<LI><a href="#[c6]">&gt;&gt;</a>&nbsp;&nbsp;&nbsp;module_MQTT
</UL>

<P><STRONG><a name="[b8]"></a>fat_send_wait_cmdres_nonblocking</STRONG> (Thumb, 80 bytes, Stack size 16 bytes, fat_core.o(i.fat_send_wait_cmdres_nonblocking))
<BR><BR>[Stack]<UL><LI>Max Depth = 40<LI>Call Chain = fat_send_wait_cmdres_nonblocking &rArr; __2printf
</UL>
<BR>[Calls]<UL><LI><a href="#[b7]">&gt;&gt;</a>&nbsp;&nbsp;&nbsp;fat_uart_send_str
<LI><a href="#[b6]">&gt;&gt;</a>&nbsp;&nbsp;&nbsp;fat_uart_clean
<LI><a href="#[b2]">&gt;&gt;</a>&nbsp;&nbsp;&nbsp;__2printf
</UL>
<BR>[Called By]<UL><LI><a href="#[ca]">&gt;&gt;</a>&nbsp;&nbsp;&nbsp;module_data
</UL>

<P><STRONG><a name="[95]"></a>fat_tim_proc</STRONG> (Thumb, 88 bytes, Stack size 0 bytes, fat_core.o(i.fat_tim_proc))
<BR><BR>[Called By]<UL><LI><a href="#[26]">&gt;&gt;</a>&nbsp;&nbsp;&nbsp;TIM2_IRQHandler
</UL>

<P><STRONG><a name="[b6]"></a>fat_uart_clean</STRONG> (Thumb, 24 bytes, Stack size 8 bytes, fat_core.o(i.fat_uart_clean))
<BR><BR>[Stack]<UL><LI>Max Depth = 8<LI>Call Chain = fat_uart_clean
</UL>
<BR>[Calls]<UL><LI><a href="#[6c]">&gt;&gt;</a>&nbsp;&nbsp;&nbsp;__aeabi_memclr
</UL>
<BR>[Called By]<UL><LI><a href="#[b8]">&gt;&gt;</a>&nbsp;&nbsp;&nbsp;fat_send_wait_cmdres_nonblocking
<LI><a href="#[b5]">&gt;&gt;</a>&nbsp;&nbsp;&nbsp;fat_send_wait_cmdres_blocking
</UL>

<P><STRONG><a name="[a2]"></a>fat_uart_recv_proc</STRONG> (Thumb, 40 bytes, Stack size 0 bytes, fat_core.o(i.fat_uart_recv_proc))
<BR><BR>[Called By]<UL><LI><a href="#[30]">&gt;&gt;</a>&nbsp;&nbsp;&nbsp;USART2_IRQHandler
</UL>

<P><STRONG><a name="[69]"></a>fat_uart_send_byte</STRONG> (Thumb, 2 bytes, Stack size 0 bytes, fat_core.o(i.fat_uart_send_byte))
<BR>[Address Reference Count : 1]<UL><LI> fat_core.o(.data)
</UL>
<P><STRONG><a name="[b7]"></a>fat_uart_send_str</STRONG> (Thumb, 24 bytes, Stack size 8 bytes, fat_core.o(i.fat_uart_send_str))
<BR><BR>[Stack]<UL><LI>Max Depth = 8<LI>Call Chain = fat_uart_send_str
</UL>
<BR>[Called By]<UL><LI><a href="#[b8]">&gt;&gt;</a>&nbsp;&nbsp;&nbsp;fat_send_wait_cmdres_nonblocking
<LI><a href="#[b5]">&gt;&gt;</a>&nbsp;&nbsp;&nbsp;fat_send_wait_cmdres_blocking
</UL>

<P><STRONG><a name="[66]"></a>fputc</STRONG> (Thumb, 40 bytes, Stack size 16 bytes, uart.o(i.fputc))
<BR><BR>[Stack]<UL><LI>Max Depth = 16<LI>Call Chain = fputc
</UL>
<BR>[Calls]<UL><LI><a href="#[b9]">&gt;&gt;</a>&nbsp;&nbsp;&nbsp;USART_SendData
<LI><a href="#[ba]">&gt;&gt;</a>&nbsp;&nbsp;&nbsp;USART_GetFlagStatus
<LI><a href="#[9d]">&gt;&gt;</a>&nbsp;&nbsp;&nbsp;USART_ClrFlag
</UL>
<BR>[Address Reference Count : 1]<UL><LI> printfa.o(i.__0printf)
</UL>
<P><STRONG><a name="[bb]"></a>headware_init</STRONG> (Thumb, 62 bytes, Stack size 8 bytes, main.o(i.headware_init))
<BR><BR>[Stack]<UL><LI>Max Depth = 116<LI>Call Chain = headware_init &rArr; uart_init &rArr; USART_Init &rArr; RCC_GetClocksFreqValue
</UL>
<BR>[Calls]<UL><LI><a href="#[c0]">&gt;&gt;</a>&nbsp;&nbsp;&nbsp;uart_init
<LI><a href="#[bf]">&gt;&gt;</a>&nbsp;&nbsp;&nbsp;uart2_init
<LI><a href="#[c1]">&gt;&gt;</a>&nbsp;&nbsp;&nbsp;tim2_init
<LI><a href="#[c2]">&gt;&gt;</a>&nbsp;&nbsp;&nbsp;reg_fat_uart_send_byte
<LI><a href="#[be]">&gt;&gt;</a>&nbsp;&nbsp;&nbsp;pen_gpio_init
<LI><a href="#[bd]">&gt;&gt;</a>&nbsp;&nbsp;&nbsp;led_init
<LI><a href="#[b0]">&gt;&gt;</a>&nbsp;&nbsp;&nbsp;clrStruct
<LI><a href="#[97]">&gt;&gt;</a>&nbsp;&nbsp;&nbsp;UART5_init
<LI><a href="#[92]">&gt;&gt;</a>&nbsp;&nbsp;&nbsp;Systick_Init
<LI><a href="#[bc]">&gt;&gt;</a>&nbsp;&nbsp;&nbsp;NVIC_PriorityGroupConfig
</UL>
<BR>[Called By]<UL><LI><a href="#[60]">&gt;&gt;</a>&nbsp;&nbsp;&nbsp;main
</UL>

<P><STRONG><a name="[bd]"></a>led_init</STRONG> (Thumb, 40 bytes, Stack size 8 bytes, led.o(i.led_init))
<BR><BR>[Stack]<UL><LI>Max Depth = 32<LI>Call Chain = led_init &rArr; GPIO_InitPeripheral
</UL>
<BR>[Calls]<UL><LI><a href="#[99]">&gt;&gt;</a>&nbsp;&nbsp;&nbsp;RCC_EnableAPB2PeriphClk
<LI><a href="#[9a]">&gt;&gt;</a>&nbsp;&nbsp;&nbsp;GPIO_InitPeripheral
</UL>
<BR>[Called By]<UL><LI><a href="#[bb]">&gt;&gt;</a>&nbsp;&nbsp;&nbsp;headware_init
</UL>

<P><STRONG><a name="[60]"></a>main</STRONG> (Thumb, 26 bytes, Stack size 0 bytes, main.o(i.main))
<BR><BR>[Stack]<UL><LI>Max Depth = 328<LI>Call Chain = main &rArr; module_MQTT &rArr; module_data &rArr; fat_send_wait_cmdres_nonblocking &rArr; __2printf
</UL>
<BR>[Calls]<UL><LI><a href="#[c6]">&gt;&gt;</a>&nbsp;&nbsp;&nbsp;module_MQTT
<LI><a href="#[c5]">&gt;&gt;</a>&nbsp;&nbsp;&nbsp;delay_ms
<LI><a href="#[c4]">&gt;&gt;</a>&nbsp;&nbsp;&nbsp;printGpsBuffer
<LI><a href="#[c3]">&gt;&gt;</a>&nbsp;&nbsp;&nbsp;parseGpsBuffer
<LI><a href="#[bb]">&gt;&gt;</a>&nbsp;&nbsp;&nbsp;headware_init
</UL>
<BR>[Address Reference Count : 1]<UL><LI> entry9a.o(.ARM.Collect$$$$0000000B)
</UL>
<P><STRONG><a name="[c7]"></a>match_csq</STRONG> (Thumb, 106 bytes, Stack size 40 bytes, lte_demo.o(i.match_csq))
<BR><BR>[Stack]<UL><LI>Max Depth = 128<LI>Call Chain = match_csq &rArr; atoi &rArr; strtol &rArr; _strtoul
</UL>
<BR>[Calls]<UL><LI><a href="#[b4]">&gt;&gt;</a>&nbsp;&nbsp;&nbsp;strstr
<LI><a href="#[a1]">&gt;&gt;</a>&nbsp;&nbsp;&nbsp;__aeabi_memcpy
<LI><a href="#[6f]">&gt;&gt;</a>&nbsp;&nbsp;&nbsp;atoi
</UL>
<BR>[Called By]<UL><LI><a href="#[c8]">&gt;&gt;</a>&nbsp;&nbsp;&nbsp;module_is_ready
</UL>

<P><STRONG><a name="[c6]"></a>module_MQTT</STRONG> (Thumb, 254 bytes, Stack size 8 bytes, lte_demo.o(i.module_MQTT))
<BR><BR>[Stack]<UL><LI>Max Depth = 328<LI>Call Chain = module_MQTT &rArr; module_data &rArr; fat_send_wait_cmdres_nonblocking &rArr; __2printf
</UL>
<BR>[Calls]<UL><LI><a href="#[c8]">&gt;&gt;</a>&nbsp;&nbsp;&nbsp;module_is_ready
<LI><a href="#[cb]">&gt;&gt;</a>&nbsp;&nbsp;&nbsp;module_flightmode
<LI><a href="#[ca]">&gt;&gt;</a>&nbsp;&nbsp;&nbsp;module_data
<LI><a href="#[c9]">&gt;&gt;</a>&nbsp;&nbsp;&nbsp;module_connet_parm_init
<LI><a href="#[b5]">&gt;&gt;</a>&nbsp;&nbsp;&nbsp;fat_send_wait_cmdres_blocking
<LI><a href="#[b3]">&gt;&gt;</a>&nbsp;&nbsp;&nbsp;fat_cmdres_keyword_matching
<LI><a href="#[b2]">&gt;&gt;</a>&nbsp;&nbsp;&nbsp;__2printf
</UL>
<BR>[Called By]<UL><LI><a href="#[60]">&gt;&gt;</a>&nbsp;&nbsp;&nbsp;main
</UL>

<P><STRONG><a name="[c9]"></a>module_connet_parm_init</STRONG> (Thumb, 310 bytes, Stack size 8 bytes, lte_demo.o(i.module_connet_parm_init))
<BR><BR>[Stack]<UL><LI>Max Depth = 48<LI>Call Chain = module_connet_parm_init &rArr; fat_send_wait_cmdres_blocking &rArr; __2printf
</UL>
<BR>[Calls]<UL><LI><a href="#[b5]">&gt;&gt;</a>&nbsp;&nbsp;&nbsp;fat_send_wait_cmdres_blocking
<LI><a href="#[b3]">&gt;&gt;</a>&nbsp;&nbsp;&nbsp;fat_cmdres_keyword_matching
</UL>
<BR>[Called By]<UL><LI><a href="#[c6]">&gt;&gt;</a>&nbsp;&nbsp;&nbsp;module_MQTT
</UL>

<P><STRONG><a name="[ca]"></a>module_data</STRONG> (Thumb, 222 bytes, Stack size 280 bytes, lte_demo.o(i.module_data))
<BR><BR>[Stack]<UL><LI>Max Depth = 320<LI>Call Chain = module_data &rArr; fat_send_wait_cmdres_nonblocking &rArr; __2printf
</UL>
<BR>[Calls]<UL><LI><a href="#[b9]">&gt;&gt;</a>&nbsp;&nbsp;&nbsp;USART_SendData
<LI><a href="#[b8]">&gt;&gt;</a>&nbsp;&nbsp;&nbsp;fat_send_wait_cmdres_nonblocking
<LI><a href="#[ce]">&gt;&gt;</a>&nbsp;&nbsp;&nbsp;fat_delay
<LI><a href="#[b3]">&gt;&gt;</a>&nbsp;&nbsp;&nbsp;fat_cmdres_keyword_matching
<LI><a href="#[cc]">&gt;&gt;</a>&nbsp;&nbsp;&nbsp;__aeabi_memclr4
<LI><a href="#[cd]">&gt;&gt;</a>&nbsp;&nbsp;&nbsp;__2snprintf
<LI><a href="#[b2]">&gt;&gt;</a>&nbsp;&nbsp;&nbsp;__2printf
</UL>
<BR>[Called By]<UL><LI><a href="#[c6]">&gt;&gt;</a>&nbsp;&nbsp;&nbsp;module_MQTT
</UL>

<P><STRONG><a name="[cb]"></a>module_flightmode</STRONG> (Thumb, 264 bytes, Stack size 8 bytes, lte_demo.o(i.module_flightmode))
<BR><BR>[Stack]<UL><LI>Max Depth = 48<LI>Call Chain = module_flightmode &rArr; fat_send_wait_cmdres_blocking &rArr; __2printf
</UL>
<BR>[Calls]<UL><LI><a href="#[cf]">&gt;&gt;</a>&nbsp;&nbsp;&nbsp;wait_timeout
<LI><a href="#[b5]">&gt;&gt;</a>&nbsp;&nbsp;&nbsp;fat_send_wait_cmdres_blocking
<LI><a href="#[b3]">&gt;&gt;</a>&nbsp;&nbsp;&nbsp;fat_cmdres_keyword_matching
<LI><a href="#[b2]">&gt;&gt;</a>&nbsp;&nbsp;&nbsp;__2printf
</UL>
<BR>[Called By]<UL><LI><a href="#[c6]">&gt;&gt;</a>&nbsp;&nbsp;&nbsp;module_MQTT
</UL>

<P><STRONG><a name="[c8]"></a>module_is_ready</STRONG> (Thumb, 364 bytes, Stack size 8 bytes, lte_demo.o(i.module_is_ready))
<BR><BR>[Stack]<UL><LI>Max Depth = 136<LI>Call Chain = module_is_ready &rArr; match_csq &rArr; atoi &rArr; strtol &rArr; _strtoul
</UL>
<BR>[Calls]<UL><LI><a href="#[c7]">&gt;&gt;</a>&nbsp;&nbsp;&nbsp;match_csq
<LI><a href="#[b5]">&gt;&gt;</a>&nbsp;&nbsp;&nbsp;fat_send_wait_cmdres_blocking
<LI><a href="#[b3]">&gt;&gt;</a>&nbsp;&nbsp;&nbsp;fat_cmdres_keyword_matching
</UL>
<BR>[Called By]<UL><LI><a href="#[c6]">&gt;&gt;</a>&nbsp;&nbsp;&nbsp;module_MQTT
</UL>

<P><STRONG><a name="[c3]"></a>parseGpsBuffer</STRONG> (Thumb, 234 bytes, Stack size 24 bytes, main.o(i.parseGpsBuffer))
<BR><BR>[Stack]<UL><LI>Max Depth = 48<LI>Call Chain = parseGpsBuffer &rArr; errorLog &rArr; __2printf
</UL>
<BR>[Calls]<UL><LI><a href="#[b1]">&gt;&gt;</a>&nbsp;&nbsp;&nbsp;errorLog
<LI><a href="#[b4]">&gt;&gt;</a>&nbsp;&nbsp;&nbsp;strstr
<LI><a href="#[a1]">&gt;&gt;</a>&nbsp;&nbsp;&nbsp;__aeabi_memcpy
<LI><a href="#[d0]">&gt;&gt;</a>&nbsp;&nbsp;&nbsp;printf
<LI><a href="#[b2]">&gt;&gt;</a>&nbsp;&nbsp;&nbsp;__2printf
</UL>
<BR>[Called By]<UL><LI><a href="#[60]">&gt;&gt;</a>&nbsp;&nbsp;&nbsp;main
</UL>

<P><STRONG><a name="[be]"></a>pen_gpio_init</STRONG> (Thumb, 88 bytes, Stack size 8 bytes, gpio.o(i.pen_gpio_init))
<BR><BR>[Stack]<UL><LI>Max Depth = 32<LI>Call Chain = pen_gpio_init &rArr; GPIO_InitPeripheral
</UL>
<BR>[Calls]<UL><LI><a href="#[99]">&gt;&gt;</a>&nbsp;&nbsp;&nbsp;RCC_EnableAPB2PeriphClk
<LI><a href="#[d1]">&gt;&gt;</a>&nbsp;&nbsp;&nbsp;GPIO_SetBits
<LI><a href="#[9a]">&gt;&gt;</a>&nbsp;&nbsp;&nbsp;GPIO_InitPeripheral
</UL>
<BR>[Called By]<UL><LI><a href="#[bb]">&gt;&gt;</a>&nbsp;&nbsp;&nbsp;headware_init
</UL>

<P><STRONG><a name="[c4]"></a>printGpsBuffer</STRONG> (Thumb, 354 bytes, Stack size 56 bytes, main.o(i.printGpsBuffer))
<BR><BR>[Stack]<UL><LI>Max Depth = 280<LI>Call Chain = printGpsBuffer &rArr; __hardfp_atof &rArr; __strtod_int &rArr; _local_sscanf &rArr; _scanf_real
</UL>
<BR>[Calls]<UL><LI><a href="#[7a]">&gt;&gt;</a>&nbsp;&nbsp;&nbsp;__aeabi_i2d
<LI><a href="#[78]">&gt;&gt;</a>&nbsp;&nbsp;&nbsp;__aeabi_drsub
<LI><a href="#[79]">&gt;&gt;</a>&nbsp;&nbsp;&nbsp;__aeabi_ddiv
<LI><a href="#[72]">&gt;&gt;</a>&nbsp;&nbsp;&nbsp;__aeabi_dadd
<LI><a href="#[7b]">&gt;&gt;</a>&nbsp;&nbsp;&nbsp;__aeabi_d2iz
<LI><a href="#[a8]">&gt;&gt;</a>&nbsp;&nbsp;&nbsp;__hardfp_atof
<LI><a href="#[d0]">&gt;&gt;</a>&nbsp;&nbsp;&nbsp;printf
<LI><a href="#[b2]">&gt;&gt;</a>&nbsp;&nbsp;&nbsp;__2printf
</UL>
<BR>[Called By]<UL><LI><a href="#[60]">&gt;&gt;</a>&nbsp;&nbsp;&nbsp;main
</UL>

<P><STRONG><a name="[c2]"></a>reg_fat_uart_send_byte</STRONG> (Thumb, 8 bytes, Stack size 0 bytes, fat_core.o(i.reg_fat_uart_send_byte))
<BR><BR>[Called By]<UL><LI><a href="#[bb]">&gt;&gt;</a>&nbsp;&nbsp;&nbsp;headware_init
</UL>

<P><STRONG><a name="[c1]"></a>tim2_init</STRONG> (Thumb, 120 bytes, Stack size 32 bytes, tim.o(i.tim2_init))
<BR><BR>[Stack]<UL><LI>Max Depth = 48<LI>Call Chain = tim2_init &rArr; NVIC_Init
</UL>
<BR>[Calls]<UL><LI><a href="#[d2]">&gt;&gt;</a>&nbsp;&nbsp;&nbsp;TIM_InitTimeBase
<LI><a href="#[d5]">&gt;&gt;</a>&nbsp;&nbsp;&nbsp;TIM_Enable
<LI><a href="#[d4]">&gt;&gt;</a>&nbsp;&nbsp;&nbsp;TIM_ConfigInt
<LI><a href="#[98]">&gt;&gt;</a>&nbsp;&nbsp;&nbsp;RCC_EnableAPB1PeriphClk
<LI><a href="#[d3]">&gt;&gt;</a>&nbsp;&nbsp;&nbsp;NVIC_Init
<LI><a href="#[bc]">&gt;&gt;</a>&nbsp;&nbsp;&nbsp;NVIC_PriorityGroupConfig
</UL>
<BR>[Called By]<UL><LI><a href="#[bb]">&gt;&gt;</a>&nbsp;&nbsp;&nbsp;headware_init
</UL>

<P><STRONG><a name="[bf]"></a>uart2_init</STRONG> (Thumb, 182 bytes, Stack size 32 bytes, uart.o(i.uart2_init))
<BR><BR>[Stack]<UL><LI>Max Depth = 108<LI>Call Chain = uart2_init &rArr; USART_Init &rArr; RCC_GetClocksFreqValue
</UL>
<BR>[Calls]<UL><LI><a href="#[98]">&gt;&gt;</a>&nbsp;&nbsp;&nbsp;RCC_EnableAPB1PeriphClk
<LI><a href="#[d3]">&gt;&gt;</a>&nbsp;&nbsp;&nbsp;NVIC_Init
<LI><a href="#[99]">&gt;&gt;</a>&nbsp;&nbsp;&nbsp;RCC_EnableAPB2PeriphClk
<LI><a href="#[9a]">&gt;&gt;</a>&nbsp;&nbsp;&nbsp;GPIO_InitPeripheral
<LI><a href="#[9c]">&gt;&gt;</a>&nbsp;&nbsp;&nbsp;USART_Init
<LI><a href="#[9e]">&gt;&gt;</a>&nbsp;&nbsp;&nbsp;USART_Enable
<LI><a href="#[d6]">&gt;&gt;</a>&nbsp;&nbsp;&nbsp;USART_ConfigInt
<LI><a href="#[9b]">&gt;&gt;</a>&nbsp;&nbsp;&nbsp;GPIO_ConfigPinRemap
</UL>
<BR>[Called By]<UL><LI><a href="#[bb]">&gt;&gt;</a>&nbsp;&nbsp;&nbsp;headware_init
</UL>

<P><STRONG><a name="[68]"></a>uart2_send_byte</STRONG> (Thumb, 28 bytes, Stack size 8 bytes, uart.o(i.uart2_send_byte))
<BR><BR>[Stack]<UL><LI>Max Depth = 8<LI>Call Chain = uart2_send_byte
</UL>
<BR>[Calls]<UL><LI><a href="#[b9]">&gt;&gt;</a>&nbsp;&nbsp;&nbsp;USART_SendData
<LI><a href="#[ba]">&gt;&gt;</a>&nbsp;&nbsp;&nbsp;USART_GetFlagStatus
</UL>
<BR>[Address Reference Count : 1]<UL><LI> main.o(i.headware_init)
</UL>
<P><STRONG><a name="[c0]"></a>uart_init</STRONG> (Thumb, 160 bytes, Stack size 32 bytes, usart_drv.o(i.uart_init))
<BR><BR>[Stack]<UL><LI>Max Depth = 108<LI>Call Chain = uart_init &rArr; USART_Init &rArr; RCC_GetClocksFreqValue
</UL>
<BR>[Calls]<UL><LI><a href="#[d3]">&gt;&gt;</a>&nbsp;&nbsp;&nbsp;NVIC_Init
<LI><a href="#[99]">&gt;&gt;</a>&nbsp;&nbsp;&nbsp;RCC_EnableAPB2PeriphClk
<LI><a href="#[9a]">&gt;&gt;</a>&nbsp;&nbsp;&nbsp;GPIO_InitPeripheral
<LI><a href="#[8f]">&gt;&gt;</a>&nbsp;&nbsp;&nbsp;CLR_Buf
<LI><a href="#[9c]">&gt;&gt;</a>&nbsp;&nbsp;&nbsp;USART_Init
<LI><a href="#[9e]">&gt;&gt;</a>&nbsp;&nbsp;&nbsp;USART_Enable
<LI><a href="#[d6]">&gt;&gt;</a>&nbsp;&nbsp;&nbsp;USART_ConfigInt
<LI><a href="#[9b]">&gt;&gt;</a>&nbsp;&nbsp;&nbsp;GPIO_ConfigPinRemap
</UL>
<BR>[Called By]<UL><LI><a href="#[bb]">&gt;&gt;</a>&nbsp;&nbsp;&nbsp;headware_init
</UL>

<P><STRONG><a name="[cf]"></a>wait_timeout</STRONG> (Thumb, 52 bytes, Stack size 0 bytes, fat_core.o(i.wait_timeout))
<BR><BR>[Called By]<UL><LI><a href="#[cb]">&gt;&gt;</a>&nbsp;&nbsp;&nbsp;module_flightmode
</UL>
<P>
<H3>
Local Symbols
</H3>
<P><STRONG><a name="[39]"></a>RESERVE47_IRQHandler</STRONG> (Thumb, 0 bytes, Stack size 0 bytes, startup_n32wb452.o(.text))
<BR>[Address Reference Count : 1]<UL><LI> startup_n32wb452.o(RESET)
</UL>
<P><STRONG><a name="[3a]"></a>RESERVE48_IRQHandler</STRONG> (Thumb, 0 bytes, Stack size 0 bytes, startup_n32wb452.o(.text))
<BR>[Address Reference Count : 1]<UL><LI> startup_n32wb452.o(RESET)
</UL>
<P><STRONG><a name="[47]"></a>RESERVE61_IRQHandler</STRONG> (Thumb, 0 bytes, Stack size 0 bytes, startup_n32wb452.o(.text))
<BR>[Address Reference Count : 1]<UL><LI> startup_n32wb452.o(RESET)
</UL>
<P><STRONG><a name="[48]"></a>RESERVE62_IRQHandler</STRONG> (Thumb, 0 bytes, Stack size 0 bytes, startup_n32wb452.o(.text))
<BR>[Address Reference Count : 1]<UL><LI> startup_n32wb452.o(RESET)
</UL>
<P><STRONG><a name="[4d]"></a>RESERVE67_IRQHandler</STRONG> (Thumb, 0 bytes, Stack size 0 bytes, startup_n32wb452.o(.text))
<BR>[Address Reference Count : 1]<UL><LI> startup_n32wb452.o(RESET)
</UL>
<P><STRONG><a name="[5c]"></a>RESERVE82_IRQHandler</STRONG> (Thumb, 0 bytes, Stack size 0 bytes, startup_n32wb452.o(.text))
<BR>[Address Reference Count : 1]<UL><LI> startup_n32wb452.o(RESET)
</UL>
<P><STRONG><a name="[5d]"></a>RESERVE83_IRQHandler</STRONG> (Thumb, 0 bytes, Stack size 0 bytes, startup_n32wb452.o(.text))
<BR>[Address Reference Count : 1]<UL><LI> startup_n32wb452.o(RESET)
</UL>
<P><STRONG><a name="[5e]"></a>RESERVE84_IRQHandler</STRONG> (Thumb, 0 bytes, Stack size 0 bytes, startup_n32wb452.o(.text))
<BR>[Address Reference Count : 1]<UL><LI> startup_n32wb452.o(RESET)
</UL>
<P><STRONG><a name="[90]"></a>SetSysClock</STRONG> (Thumb, 184 bytes, Stack size 12 bytes, system_n32wb452.o(i.SetSysClock))
<BR><BR>[Stack]<UL><LI>Max Depth = 12<LI>Call Chain = SetSysClock
</UL>
<BR>[Called By]<UL><LI><a href="#[61]">&gt;&gt;</a>&nbsp;&nbsp;&nbsp;SystemInit
</UL>

<P><STRONG><a name="[91]"></a>SetVDDDBKTrim</STRONG> (Thumb, 70 bytes, Stack size 0 bytes, system_n32wb452.o(i.SetVDDDBKTrim))
<BR><BR>[Called By]<UL><LI><a href="#[61]">&gt;&gt;</a>&nbsp;&nbsp;&nbsp;SystemInit
</UL>

<P><STRONG><a name="[ab]"></a>_fp_digits</STRONG> (Thumb, 366 bytes, Stack size 64 bytes, printfa.o(i._fp_digits), UNUSED)
<BR><BR>[Calls]<UL><LI><a href="#[79]">&gt;&gt;</a>&nbsp;&nbsp;&nbsp;__aeabi_ddiv
<LI><a href="#[72]">&gt;&gt;</a>&nbsp;&nbsp;&nbsp;__aeabi_dadd
<LI><a href="#[7d]">&gt;&gt;</a>&nbsp;&nbsp;&nbsp;__aeabi_uldivmod
<LI><a href="#[83]">&gt;&gt;</a>&nbsp;&nbsp;&nbsp;__aeabi_dmul
<LI><a href="#[84]">&gt;&gt;</a>&nbsp;&nbsp;&nbsp;__aeabi_d2ulz
<LI><a href="#[ac]">&gt;&gt;</a>&nbsp;&nbsp;&nbsp;__aeabi_cdrcmple
</UL>
<BR>[Called By]<UL><LI><a href="#[a6]">&gt;&gt;</a>&nbsp;&nbsp;&nbsp;_printf_core
</UL>

<P><STRONG><a name="[a6]"></a>_printf_core</STRONG> (Thumb, 1704 bytes, Stack size 136 bytes, printfa.o(i._printf_core), UNUSED)
<BR><BR>[Calls]<UL><LI><a href="#[7d]">&gt;&gt;</a>&nbsp;&nbsp;&nbsp;__aeabi_uldivmod
<LI><a href="#[af]">&gt;&gt;</a>&nbsp;&nbsp;&nbsp;__aeabi_uidivmod
<LI><a href="#[ad]">&gt;&gt;</a>&nbsp;&nbsp;&nbsp;_printf_pre_padding
<LI><a href="#[ae]">&gt;&gt;</a>&nbsp;&nbsp;&nbsp;_printf_post_padding
<LI><a href="#[ab]">&gt;&gt;</a>&nbsp;&nbsp;&nbsp;_fp_digits
</UL>
<BR>[Called By]<UL><LI><a href="#[a7]">&gt;&gt;</a>&nbsp;&nbsp;&nbsp;__0snprintf
<LI><a href="#[a5]">&gt;&gt;</a>&nbsp;&nbsp;&nbsp;__0printf
</UL>

<P><STRONG><a name="[ae]"></a>_printf_post_padding</STRONG> (Thumb, 36 bytes, Stack size 24 bytes, printfa.o(i._printf_post_padding), UNUSED)
<BR><BR>[Called By]<UL><LI><a href="#[a6]">&gt;&gt;</a>&nbsp;&nbsp;&nbsp;_printf_core
</UL>

<P><STRONG><a name="[ad]"></a>_printf_pre_padding</STRONG> (Thumb, 46 bytes, Stack size 24 bytes, printfa.o(i._printf_pre_padding), UNUSED)
<BR><BR>[Called By]<UL><LI><a href="#[a6]">&gt;&gt;</a>&nbsp;&nbsp;&nbsp;_printf_core
</UL>

<P><STRONG><a name="[67]"></a>_snputc</STRONG> (Thumb, 22 bytes, Stack size 0 bytes, printfa.o(i._snputc))
<BR>[Address Reference Count : 1]<UL><LI> printfa.o(i.__0snprintf)
</UL>
<P><STRONG><a name="[7e]"></a>_local_sscanf</STRONG> (Thumb, 54 bytes, Stack size 56 bytes, strtod.o(.text))
<BR><BR>[Stack]<UL><LI>Max Depth = 160<LI>Call Chain = _local_sscanf &rArr; _scanf_real
</UL>
<BR>[Calls]<UL><LI><a href="#[7f]">&gt;&gt;</a>&nbsp;&nbsp;&nbsp;_scanf_real
</UL>
<BR>[Called By]<UL><LI><a href="#[80]">&gt;&gt;</a>&nbsp;&nbsp;&nbsp;__strtod_int
</UL>

<P><STRONG><a name="[86]"></a>_fp_value</STRONG> (Thumb, 296 bytes, Stack size 64 bytes, scanf_fp.o(.text), UNUSED)
<BR><BR>[Calls]<UL><LI><a href="#[79]">&gt;&gt;</a>&nbsp;&nbsp;&nbsp;__aeabi_ddiv
<LI><a href="#[87]">&gt;&gt;</a>&nbsp;&nbsp;&nbsp;__aeabi_ul2d
<LI><a href="#[83]">&gt;&gt;</a>&nbsp;&nbsp;&nbsp;__aeabi_dmul
</UL>
<BR>[Called By]<UL><LI><a href="#[88]">&gt;&gt;</a>&nbsp;&nbsp;&nbsp;_scanf_really_real
</UL>
<P>
<H3>
Undefined Global Symbols
</H3><HR></body></html>
