Component: ARM Compiler 5.06 update 7 (build 960) Tool: armlink [4d3601]

==============================================================================

Section Cross References

    startup_stm32f10x_hd.o(RESET) refers to startup_stm32f10x_hd.o(STACK) for __initial_sp
    startup_stm32f10x_hd.o(RESET) refers to startup_stm32f10x_hd.o(.text) for Reset_Handler
    startup_stm32f10x_hd.o(RESET) refers to stm32f10x_it.o(i.NMI_Handler) for NMI_Handler
    startup_stm32f10x_hd.o(RESET) refers to stm32f10x_it.o(i.HardFault_Handler) for HardFault_Handler
    startup_stm32f10x_hd.o(RESET) refers to stm32f10x_it.o(i.MemManage_Handler) for MemManage_Handler
    startup_stm32f10x_hd.o(RESET) refers to stm32f10x_it.o(i.BusFault_Handler) for BusFault_Handler
    startup_stm32f10x_hd.o(RESET) refers to stm32f10x_it.o(i.UsageFault_Handler) for UsageFault_Handler
    startup_stm32f10x_hd.o(RESET) refers to stm32f10x_it.o(i.SVC_Handler) for SVC_Handler
    startup_stm32f10x_hd.o(RESET) refers to stm32f10x_it.o(i.DebugMon_Handler) for DebugMon_Handler
    startup_stm32f10x_hd.o(RESET) refers to stm32f10x_it.o(i.PendSV_Handler) for PendSV_Handler
    startup_stm32f10x_hd.o(RESET) refers to stm32f10x_it.o(i.SysTick_Handler) for SysTick_Handler
    startup_stm32f10x_hd.o(RESET) refers to key_drv.o(i.EXTI0_IRQHandler) for EXTI0_IRQHandler
    startup_stm32f10x_hd.o(RESET) refers to key_drv.o(i.EXTI1_IRQHandler) for EXTI1_IRQHandler
    startup_stm32f10x_hd.o(RESET) refers to key_drv.o(i.EXTI4_IRQHandler) for EXTI4_IRQHandler
    startup_stm32f10x_hd.o(RESET) refers to usart_drv.o(i.USART1_IRQHandler) for USART1_IRQHandler
    startup_stm32f10x_hd.o(RESET) refers to usart_drv.o(i.UART4_IRQHandler) for UART4_IRQHandler
    startup_stm32f10x_hd.o(.text) refers to system_stm32f10x.o(i.SystemInit) for SystemInit
    startup_stm32f10x_hd.o(.text) refers to entry.o(.ARM.Collect$$$$00000000) for __main
    main.o(i.HardWare_Init) refers to misc.o(i.NVIC_PriorityGroupConfig) for NVIC_PriorityGroupConfig
    main.o(i.HardWare_Init) refers to systick.o(i.Systick_Init) for Systick_Init
    main.o(i.HardWare_Init) refers to usart_drv.o(i.USART1_Init) for USART1_Init
    main.o(i.HardWare_Init) refers to iic_drv.o(i.IIC_Config) for IIC_Config
    main.o(i.HardWare_Init) refers to iic_drv.o(i.IIC_Input) for IIC_Input
    main.o(i.HardWare_Init) refers to iic2.o(i.IIC2_Config) for IIC2_Config
    main.o(i.HardWare_Init) refers to iic2.o(i.IIC2_Input) for IIC2_Input
    main.o(i.HardWare_Init) refers to sgp30.o(i.SGP30_Init) for SGP30_Init
    main.o(i.HardWare_Init) refers to lcd_driver.o(i.Lcd_Init) for Lcd_Init
    main.o(i.HardWare_Init) refers to lcd_driver.o(i.Lcd_Clear) for Lcd_Clear
    main.o(i.HardWare_Init) refers to adc_drv.o(i.ADC1_CH2_Init) for ADC1_CH2_Init
    main.o(i.HardWare_Init) refers to feng.o(i.feng_ming) for feng_ming
    main.o(i.HardWare_Init) refers to cool.o(i.cool_init) for cool_init
    main.o(i.HardWare_Init) refers to key_drv.o(i.Key_Init) for Key_Init
    main.o(i.HardWare_Init) refers to pwn.o(i.pwn_init) for pwn_init
    main.o(i.HardWare_Init) refers to usart_drv.o(i.UART4_MyConfig) for UART4_MyConfig
    main.o(i.HardWare_Init) refers to esp8266.o(i.WiFi_ResetIO_Init) for WiFi_ResetIO_Init
    main.o(i.HardWare_Init) refers to esp8266.o(i.wifi_init) for wifi_init
    main.o(i.LCD_UpdateAllData) refers to lcd_driver.o(i.Lcd_Clear) for Lcd_Clear
    main.o(i.LCD_UpdateAllData) refers to gui.o(i.Gui_DrawFont_GBK16) for Gui_DrawFont_GBK16
    main.o(i.LCD_UpdateAllData) refers to printfa.o(i.__0sprintf) for __2sprintf
    main.o(i.main) refers to main.o(i.HardWare_Init) for HardWare_Init
    main.o(i.main) refers to gxht3x.o(i.SHT30_Read_Humiture) for SHT30_Read_Humiture
    main.o(i.main) refers to sgp30.o(i.Sgp30_Get_Co2_Value) for Sgp30_Get_Co2_Value
    main.o(i.main) refers to adc_drv.o(i.Get_ConvVal) for Get_ConvVal
    main.o(i.main) refers to printfa.o(i.__0printf) for __2printf
    main.o(i.main) refers to cool.o(i.coolflag) for coolflag
    main.o(i.main) refers to stm32f10x_tim.o(i.TIM_SetCompare1) for TIM_SetCompare1
    main.o(i.main) refers to systick.o(i.delay_ms) for delay_ms
    main.o(i.main) refers to main.o(i.LCD_UpdateAllData) for LCD_UpdateAllData
    main.o(i.main) refers to esp8266.o(i.WiFi_ack) for WiFi_ack
    main.o(i.main) refers to esp8266.o(i.WiFi_ConnectServer) for WiFi_ConnectServer
    main.o(i.main) refers to main.o(.data) for Humi
    main.o(.data) refers to main.o(.conststring) for .conststring
    system_stm32f10x.o(i.SetSysClock) refers to system_stm32f10x.o(i.SetSysClockTo72) for SetSysClockTo72
    system_stm32f10x.o(i.SystemCoreClockUpdate) refers to system_stm32f10x.o(.data) for SystemCoreClock
    system_stm32f10x.o(i.SystemInit) refers to system_stm32f10x.o(i.SetSysClock) for SetSysClock
    stm32f10x_adc.o(i.ADC_DeInit) refers to stm32f10x_rcc.o(i.RCC_APB2PeriphResetCmd) for RCC_APB2PeriphResetCmd
[...]

    ../clib/microlib/ctype/ctype.c           0x00000000   Number         0  isxdigit_o.o ABSOLUTE
    ../clib/microlib/ctype/ctype.c           0x00000000   Number         0  isalpha_o.o ABSOLUTE
    ../clib/microlib/ctype/ctype.c           0x00000000   Number         0  isalnum_o.o ABSOLUTE
    ../clib/microlib/ctype/ctype.c           0x00000000   Number         0  isspace_c.o ABSOLUTE
    ../clib/microlib/ctype/ctype.c           0x00000000   Number         0  ctype_o.o ABSOLUTE
    ../clib/microlib/ctype/ctype.c           0x00000000   Number         0  isupper_o.o ABSOLUTE
    ../clib/microlib/ctype/ctype.c           0x00000000   Number         0  isspace_o.o ABSOLUTE
    ../clib/microlib/ctype/ctype.c           0x00000000   Number         0  ispunct_o.o ABSOLUTE
    ../clib/microlib/ctype/ctype.c           0x00000000   Number         0  isprint_o.o ABSOLUTE
    ../clib/microlib/ctype/ctype.c           0x00000000   Number         0  islower_o.o ABSOLUTE
    ../clib/microlib/ctype/ctype.c           0x00000000   Number         0  isgraph_o.o ABSOLUTE
    ../clib/microlib/ctype/ctype.c           0x00000000   Number         0  isdigit_o.o ABSOLUTE
    ../clib/microlib/ctype/ctype.c           0x00000000   Number         0  iscntrl_o.o ABSOLUTE
    ../clib/microlib/ctype/ctype.c           0x00000000   Number         0  isblank_o.o ABSOLUTE
    ../clib/microlib/ctype/ctype.c           0x00000000   Number         0  ctype_c.o ABSOLUTE
    ../clib/microlib/division.c              0x00000000   Number         0  uidiv.o ABSOLUTE
    ../clib/microlib/division.c              0x00000000   Number         0  uldiv.o ABSOLUTE
    ../clib/microlib/errno.c                 0x00000000   Number         0  errno.o ABSOLUTE
    ../clib/microlib/init/entry.s            0x00000000   Number         0  entry9a.o ABSOLUTE
    ../clib/microlib/init/entry.s            0x00000000   Number         0  entry.o ABSOLUTE
    ../clib/microlib/init/entry.s            0x00000000   Number         0  entry9b.o ABSOLUTE
    ../clib/microlib/init/entry.s            0x00000000   Number         0  entry8b.o ABSOLUTE
    ../clib/microlib/init/entry.s            0x00000000   Number         0  entry8a.o ABSOLUTE
    ../clib/microlib/init/entry.s            0x00000000   Number         0  entry11a.o ABSOLUTE
    ../clib/microlib/init/entry.s            0x00000000   Number         0  entry7b.o ABSOLUTE
    ../clib/microlib/init/entry.s            0x00000000   Number         0  entry7a.o ABSOLUTE
    ../clib/microlib/init/entry.s            0x00000000   Number         0  entry5.o ABSOLUTE
    ../clib/microlib/init/entry.s            0x00000000   Number         0  entry2.o ABSOLUTE
    ../clib/microlib/init/entry.s            0x00000000   Number         0  entry10b.o ABSOLUTE
    ../clib/microlib/init/entry.s            0x00000000   Number         0  entry10a.o ABSOLUTE
    ../clib/microlib/init/entry.s            0x00000000   Number         0  entry12b.o ABSOLUTE
    ../clib/microlib/init/entry.s            0x00000000   Number         0  entry12a.o ABSOLUTE
    ../clib/microlib/init/entry.s            0x00000000   Number         0  entry11b.o ABSOLUTE
    ../clib/microlib/longlong.c              0x00000000   Number         0  llushr.o ABSOLUTE
    ../clib/microlib/longlong.c              0x00000000   Number         0  llsshr.o ABSOLUTE
    ../clib/microlib/longlong.c              0x00000000   Number         0  llshl.o ABSOLUTE
    ../clib/microlib/printf/printf.c         0x00000000   Number         0  printf2.o ABSOLUTE
    ../clib/microlib/printf/printf.c         0x00000000   Number         0  printf3.o ABSOLUTE
    ../clib/microlib/printf/printf.c         0x00000000   Number         0  printf5.o ABSOLUTE
    ../clib/microlib/printf/printf.c         0x00000000   Number         0  printf6.o ABSOLUTE
    ../clib/microlib/printf/printf.c         0x00000000   Number         0  printf7.o ABSOLUTE
    ../clib/microlib/printf/printf.c         0x00000000   Number         0  printfb.o ABSOLUTE
    ../clib/microlib/printf/printf.c         0x00000000   Number         0  printf8.o ABSOLUTE
    ../clib/microlib/printf/printf.c         0x00000000   Number         0  printf4.o ABSOLUTE
    ../clib/microlib/printf/printf.c         0x00000000   Number         0  printf0.o ABSOLUTE
    ../clib/microlib/printf/printf.c         0x00000000   Number         0  printf1.o ABSOLUTE
    ../clib/microlib/printf/printf.c         0x00000000   Number         0  printfa.o ABSOLUTE
    ../clib/microlib/printf/stubs.s          0x00000000   Number         0  stubs.o ABSOLUTE
    ../clib/microlib/stdio/streams.c         0x00000000   Number         0  stdout.o ABSOLUTE
    ../clib/microlib/string/memcpy.c         0x00000000   Number         0  memcpya.o ABSOLUTE
    ../clib/microlib/string/memcpy.c         0x00000000   Number         0  memcpyb.o ABSOLUTE
    ../clib/microlib/string/memset.c         0x00000000   Number         0  memseta.o ABSOLUTE
    ../clib/microlib/string/strlen.c         0x00000000   Number         0  strlen.o ABSOLUTE
    ../clib/microlib/string/strstr.c         0x00000000   Number         0  strstr.o ABSOLUTE
    ../clib/microlib/stubs.s                 0x00000000   Number         0  iusefp.o ABSOLUTE
    ../clib/scanf.c                          0x00000000   Number         0  _chval.o ABSOLUTE
    ../clib/scanf.c                          0x00000000   Number         0  atoi.o ABSOLUTE
    ../clib/scanf.c                          0x00000000   Number         0  _strtoul.o ABSOLUTE
    ../clib/scanf.c                          0x00000000   Number         0  _scanf_str.o ABSOLUTE
    ../clib/scanf.c                          0x00000000   Number         0  __0sscanf.o ABSOLUTE
    ../clib/scanf.c                          0x00000000   Number         0  strtol.o ABSOLUTE
    ../clib/scanf.c                          0x00000000   Number         0  scanf_char.o ABSOLUTE
    ../clib/scanf.c                          0x00000000   Number         0  _scanf.o ABSOLUTE
    ../clib/scanf.c                          0x00000000   Number         0  _sgetc.o ABSOLUTE
    ../fplib/microlib/fpadd.c                0x00000000   Number         0  dadd.o ABSOLUTE
    ../fplib/microlib/fpdiv.c                0x00000000   Number         0  ddiv.o ABSOLUTE
    ../fplib/microlib/fpepilogue.c           0x00000000   Number         0  depilogue.o ABSOLUTE
    ../fplib/microlib/fpfix.c                0x00000000   Number         0  dfixul.o ABSOLUTE
    ../fplib/microlib/fpfix.c                0x00000000   Number         0  dfixui.o ABSOLUTE
    ../fplib/microlib/fpfix.c                0x00000000   Number         0  dfixi.o ABSOLUTE
    ../fplib/microlib/fpflt.c                0x00000000   Number         0  dflti.o ABSOLUTE
    ../fplib/microlib/fpmul.c                0x00000000   Number         0  dmul.o ABSOLUTE
    ..\\libraries\\CMSIS\\CM3\\CoreSupport\\core_cm3.c 0x00000000   Number         0  core_cm3.o ABSOLUTE
    ..\drivers\src\GUI.c                     0x00000000   Number         0  gui.o ABSOLUTE
    ..\drivers\src\Lcd_Driver.c              0x00000000   Number         0  lcd_driver.o ABSOLUTE
    ..\drivers\src\SGP30.c                   0x00000000   Number         0  sgp30.o ABSOLUTE
    ..\drivers\src\adc_drv.c                 0x00000000   Number         0  adc_drv.o ABSOLUTE
    ..\drivers\src\cool.c                    0x00000000   Number         0  cool.o ABSOLUTE
    ..\drivers\src\esp8266.c                 0x00000000   Number         0  esp8266.o ABSOLUTE
    ..\drivers\src\feng.c                    0x00000000   Number         0  feng.o ABSOLUTE
    ..\drivers\src\gxht3x.c                  0x00000000   Number         0  gxht3x.o ABSOLUTE
    ..\drivers\src\iic2.c                    0x00000000   Number         0  iic2.o ABSOLUTE
    ..\drivers\src\iic_drv.c                 0x00000000   Number         0  iic_drv.o ABSOLUTE
    ..\drivers\src\key_drv.c                 0x00000000   Number         0  key_drv.o ABSOLUTE
    ..\drivers\src\pwn.c                     0x00000000   Number         0  pwn.o ABSOLUTE
    ..\libraries\CMSIS\CM3\CoreSupport\core_cm3.c 0x00000000   Number         0  core_cm3.o ABSOLUTE
    ..\libraries\CMSIS\CM3\DeviceSupport\ST\STM32F10x\startup\arm\startup_stm32f10x_hd.s 0x00000000   Number         0  startup_stm32f10x_hd.o ABSOLUTE
    ..\libraries\CMSIS\CM3\DeviceSupport\ST\STM32F10x\system_stm32f10x.c 0x00000000   Number         0  system_stm32f10x.o ABSOLUTE
    ..\libraries\STM32F10x_StdPeriph_Driver\src\misc.c 0x00000000   Number         0  misc.o ABSOLUTE
    ..\libraries\STM32F10x_StdPeriph_Driver\src\stm32f10x_adc.c 0x00000000   Number         0  stm32f10x_adc.o ABSOLUTE
    ..\libraries\STM32F10x_StdPeriph_Driver\src\stm32f10x_bkp.c 0x00000000   Number         0  stm32f10x_bkp.o ABSOLUTE
    ..\libraries\STM32F10x_StdPeriph_Driver\src\stm32f10x_can.c 0x00000000   Number         0  stm32f10x_can.o ABSOLUTE
    ..\libraries\STM32F10x_StdPeriph_Driver\src\stm32f10x_cec.c 0x00000000   Number         0  stm32f10x_cec.o ABSOLUTE
    ..\libraries\STM32F10x_StdPeriph_Driver\src\stm32f10x_crc.c 0x00000000   Number         0  stm32f10x_crc.o ABSOLUTE
    ..\libraries\STM32F10x_StdPeriph_Driver\src\stm32f10x_dac.c 0x00000000   Number         0  stm32f10x_dac.o ABSOLUTE
    ..\libraries\STM32F10x_StdPeriph_Driver\src\stm32f10x_dbgmcu.c 0x00000000   Number         0  stm32f10x_dbgmcu.o ABSOLUTE
    ..\libraries\STM32F10x_StdPeriph_Driver\src\stm32f10x_dma.c 0x00000000   Number         0  stm32f10x_dma.o ABSOLUTE
    ..\libraries\STM32F10x_StdPeriph_Driver\src\stm32f10x_exti.c 0x00000000   Number         0  stm32f10x_exti.o ABSOLUTE
    ..\libraries\STM32F10x_StdPeriph_Driver\src\stm32f10x_flash.c 0x00000000   Number         0  stm32f10x_flash.o ABSOLUTE
    ..\libraries\STM32F10x_StdPeriph_Driver\src\stm32f10x_fsmc.c 0x00000000   Number         0  stm32f10x_fsmc.o ABSOLUTE
    ..\libraries\STM32F10x_StdPeriph_Driver\src\stm32f10x_gpio.c 0x00000000   Number         0  stm32f10x_gpio.o ABSOLUTE
    ..\libraries\STM32F10x_StdPeriph_Driver\src\stm32f10x_i2c.c 0x00000000   Number         0  stm32f10x_i2c.o ABSOLUTE
    ..\libraries\STM32F10x_StdPeriph_Driver\src\stm32f10x_iwdg.c 0x00000000   Number         0  stm32f10x_iwdg.o ABSOLUTE
    ..\libraries\STM32F10x_StdPeriph_Driver\src\stm32f10x_pwr.c 0x00000000   Number         0  stm32f10x_pwr.o ABSOLUTE
    ..\libraries\STM32F10x_StdPeriph_Driver\src\stm32f10x_rcc.c 0x00000000   Number         0  stm32f10x_rcc.o ABSOLUTE
    ..\libraries\STM32F10x_StdPeriph_Driver\src\stm32f10x_rtc.c 0x00000000   Number         0  stm32f10x_rtc.o ABSOLUTE
    ..\libraries\STM32F10x_StdPeriph_Driver\src\stm32f10x_sdio.c 0x00000000   Number         0  stm32f10x_sdio.o ABSOLUTE
    ..\libraries\STM32F10x_StdPeriph_Driver\src\stm32f10x_spi.c 0x00000000   Number         0  stm32f10x_spi.o ABSOLUTE
    ..\libraries\STM32F10x_StdPeriph_Driver\src\stm32f10x_tim.c 0x00000000   Number         0  stm32f10x_tim.o ABSOLUTE
    ..\libraries\STM32F10x_StdPeriph_Driver\src\stm32f10x_usart.c 0x00000000   Number         0  stm32f10x_usart.o ABSOLUTE
    ..\libraries\STM32F10x_StdPeriph_Driver\src\stm32f10x_wwdg.c 0x00000000   Number         0  stm32f10x_wwdg.o ABSOLUTE
    ..\public\system.c                       0x00000000   Number         0  system.o ABSOLUTE
    ..\public\systick.c                      0x00000000   Number         0  systick.o ABSOLUTE
    ..\public\usart_drv.c                    0x00000000   Number         0  usart_drv.o ABSOLUTE
    ..\user\main.c                           0x00000000   Number         0  main.o ABSOLUTE
    ..\user\stm32f10x_it.c                   0x00000000   Number         0  stm32f10x_it.o ABSOLUTE
    cdrcmple.s                               0x00000000   Number         0  cdrcmple.o ABSOLUTE
    dc.s                                     0x00000000   Number         0  dc.o ABSOLUTE
    handlers.s                               0x00000000   Number         0  handlers.o ABSOLUTE
    init.s                                   0x00000000   Number         0  init.o ABSOLUTE
    RESET                                    0x08000000   Section      304  startup_stm32f10x_hd.o(RESET)
    .ARM.Collect$$$$00000000                 0x08000130   Section        0  entry.o(.ARM.Collect$$$$00000000)
    .ARM.Collect$$$$00000001                 0x08000130   Section        4  entry2.o(.ARM.Collect$$$$00000001)
    .ARM.Collect$$$$00000004                 0x08000134   Section        4  entry5.o(.ARM.Collect$$$$00000004)
    .ARM.Collect$$$$00000008                 0x08000138   Section        0  entry7b.o(.ARM.Collect$$$$00000008)
    .ARM.Collect$$$$0000000A                 0x08000138   Section        0  entry8b.o(.ARM.Collect$$$$0000000A)
    .ARM.Collect$$$$0000000B                 0x08000138   Section        8  entry9a.o(.ARM.Collect$$$$0000000B)
    .ARM.Collect$$$$0000000E                 0x08000140   Section        4  entry12b.o(.ARM.Collect$$$$0000000E)
    .ARM.Collect$$$$0000000F                 0x08000144   Section        0  entry10a.o(.ARM.Collect$$$$0000000F)
    .ARM.Collect$$$$00000011                 0x08000144   Section        0  entry11a.o(.ARM.Collect$$$$00000011)
    .ARM.Collect$$$$00002712                 0x08000144   Section        4  entry2.o(.ARM.Collect$$$$00002712)
    __lit__00000000                          0x08000144   Data           4  entry2.o(.ARM.Collect$$$$00002712)
    .text                                    0x08000148   Section       36  startup_stm32f10x_hd.o(.text)
    .text                                    0x0800016c   Section        0  memcpya.o(.text)
    .text                                    0x08000190   Section        0  memseta.o(.text)
    .text                                    0x080001b4   Section        0  strstr.o(.text)
    .text                                    0x080001d8   Section        0  strlen.o(.text)
    .text                                    0x080001e6   Section        0  atoi.o(.text)
    .text                                    0x08000200   Section        0  dadd.o(.text)
    .text                                    0x0800034e   Section        0  dmul.o(.text)
    .text                                    0x08000432   Section        0  ddiv.o(.text)
    .text                                    0x08000510   Section        0  dflti.o(.text)
    .text                                    0x08000532   Section        0  dfixi.o(.text)
    .text                                    0x08000570   Section        0  dfixui.o(.text)
    .text                                    0x080005a2   Section        0  uidiv.o(.text)
    .text                                    0x080005ce   Section        0  uldiv.o(.text)
    .text                                    0x08000630   Section        0  llshl.o(.text)
    .text                                    0x0800064e   Section        0  llushr.o(.text)
    .text                                    0x0800066e   Section        0  llsshr.o(.text)
    .text                                    0x08000692   Section        0  strtol.o(.text)
    .text                                    0x08000702   Section        0  depilogue.o(.text)
    .text                                    0x08000702   Section        0  iusefp.o(.text)
    .text                                    0x080007bc   Section        0  dfixul.o(.text)
    .text                                    0x080007ec   Section       48  cdrcmple.o(.text)
    .text                                    0x0800081c   Section       36  init.o(.text)
    .text                                    0x08000840   Section        0  ctype_o.o(.text)
    .text                                    0x08000848   Section        0  _strtoul.o(.text)
    .text                                    0x080008e6   Section        0  _chval.o(.text)
    i.ADC1_CH2_Init                          0x08000904   Section        0  adc_drv.o(i.ADC1_CH2_Init)
    i.ADC_ClearFlag                          0x080009a4   Section        0  stm32f10x_adc.o(i.ADC_ClearFlag)
    i.ADC_Cmd                                0x080009aa   Section        0  stm32f10x_adc.o(i.ADC_Cmd)
    i.ADC_GetCalibrationStatus               0x080009c0   Section        0  stm32f10x_adc.o(i.ADC_GetCalibrationStatus)
    i.ADC_GetConversionValue                 0x080009d4   Section        0  stm32f10x_adc.o(i.ADC_GetConversionValue)
    i.ADC_GetFlagStatus                      0x080009dc   Section        0  stm32f10x_adc.o(i.ADC_GetFlagStatus)
    i.ADC_GetResetCalibrationStatus          0x080009ee   Section        0  stm32f10x_adc.o(i.ADC_GetResetCalibrationStatus)
    i.ADC_Init                               0x08000a04   Section        0  stm32f10x_adc.o(i.ADC_Init)
    i.ADC_RegularChannelConfig               0x08000a54   Section        0  stm32f10x_adc.o(i.ADC_RegularChannelConfig)
    i.ADC_ResetCalibration                   0x08000b0c   Section        0  stm32f10x_adc.o(i.ADC_ResetCalibration)
    i.ADC_SoftwareStartConvCmd               0x08000b16   Section        0  stm32f10x_adc.o(i.ADC_SoftwareStartConvCmd)
    i.ADC_StartCalibration                   0x08000b2c   Section        0  stm32f10x_adc.o(i.ADC_StartCalibration)
    i.BusFault_Handler                       0x08000b36   Section        0  stm32f10x_it.o(i.BusFault_Handler)
    i.DebugMon_Handler                       0x08000b3a   Section        0  stm32f10x_it.o(i.DebugMon_Handler)
    i.EXTI0_IRQHandler                       0x08000b3c   Section        0  key_drv.o(i.EXTI0_IRQHandler)
    i.EXTI1_IRQHandler                       0x08000b84   Section        0  key_drv.o(i.EXTI1_IRQHandler)
    i.EXTI4_IRQHandler                       0x08000bd4   Section        0  key_drv.o(i.EXTI4_IRQHandler)
    i.EXTI_ClearITPendingBit                 0x08000c24   Section        0  stm32f10x_exti.o(i.EXTI_ClearITPendingBit)
    i.EXTI_GetITStatus                       0x08000c30   Section        0  stm32f10x_exti.o(i.EXTI_GetITStatus)
    i.EXTI_Init                              0x08000c58   Section        0  stm32f10x_exti.o(i.EXTI_Init)
    i.GPIO_EXTILineConfig                    0x08000cec   Section        0  stm32f10x_gpio.o(i.GPIO_EXTILineConfig)
    i.GPIO_Init                              0x08000d2c   Section        0  stm32f10x_gpio.o(i.GPIO_Init)
    i.GPIO_ReadInputDataBit                  0x08000e42   Section        0  stm32f10x_gpio.o(i.GPIO_ReadInputDataBit)
    i.GPIO_ResetBits                         0x08000e54   Section        0  stm32f10x_gpio.o(i.GPIO_ResetBits)
    i.GPIO_SetBits                           0x08000e58   Section        0  stm32f10x_gpio.o(i.GPIO_SetBits)
    i.GPIO_WriteBit                          0x08000e5c   Section        0  stm32f10x_gpio.o(i.GPIO_WriteBit)
    i.Get_ConvVal                            0x08000e68   Section        0  adc_drv.o(i.Get_ConvVal)
    i.Gui_DrawFont_GBK16                     0x08000ea4   Section        0  gui.o(i.Gui_DrawFont_GBK16)
    i.Gui_DrawPoint                          0x08001038   Section        0  lcd_driver.o(i.Gui_DrawPoint)
    i.HardFault_Handler                      0x08001058   Section        0  stm32f10x_it.o(i.HardFault_Handler)
    i.HardWare_Init                          0x0800105c   Section        0  main.o(i.HardWare_Init)
    i.IIC2_Config                            0x080010cc   Section        0  iic2.o(i.IIC2_Config)
    i.IIC2_Input                             0x08001114   Section        0  iic2.o(i.IIC2_Input)
    i.IIC2_Output                            0x08001140   Section        0  iic2.o(i.IIC2_Output)
    i.IIC2_ReadByte                          0x0800116c   Section        0  iic2.o(i.IIC2_ReadByte)
    i.IIC2_SendACK                           0x080011bc   Section        0  iic2.o(i.IIC2_SendACK)
    i.IIC2_SendNoACK                         0x08001208   Section        0  iic2.o(i.IIC2_SendNoACK)
    i.IIC2_Start                             0x08001254   Section        0  iic2.o(i.IIC2_Start)
    i.IIC2_Stop                              0x080012b0   Section        0  iic2.o(i.IIC2_Stop)
    i.IIC2_WaitACK                           0x0800130c   Section        0  iic2.o(i.IIC2_WaitACK)
    i.IIC2_WriteByte                         0x08001378   Section        0  iic2.o(i.IIC2_WriteByte)
    i.IIC_Config                             0x080013e8   Section        0  iic_drv.o(i.IIC_Config)
    i.IIC_Input                              0x0800142c   Section        0  iic_drv.o(i.IIC_Input)
    i.IIC_Output                             0x08001458   Section        0  iic_drv.o(i.IIC_Output)
    i.IIC_ReadByte                           0x08001484   Section        0  iic_drv.o(i.IIC_ReadByte)
    i.IIC_SendACK                            0x080014cc   Section        0  iic_drv.o(i.IIC_SendACK)
    i.IIC_SendNoACK                          0x08001510   Section        0  iic_drv.o(i.IIC_SendNoACK)
    i.IIC_Start                              0x08001554   Section        0  iic_drv.o(i.IIC_Start)
    i.IIC_Stop                               0x080015a8   Section        0  iic_drv.o(i.IIC_Stop)
    i.IIC_WaitACK                            0x080015fc   Section        0  iic_drv.o(i.IIC_WaitACK)
    i.IIC_WriteByte                          0x08001660   Section        0  iic_drv.o(i.IIC_WriteByte)
    i.Key_Init                               0x080016c4   Section        0  key_drv.o(i.Key_Init)
    i.LCD_GPIO_Init                          0x080017c0   Section        0  lcd_driver.o(i.LCD_GPIO_Init)
    i.LCD_UpdateAllData                      0x08001834   Section        0  main.o(i.LCD_UpdateAllData)
    i.LCD_WriteData_16Bit                    0x080019a8   Section        0  lcd_driver.o(i.LCD_WriteData_16Bit)
    i.Lcd_Clear                              0x080019d8   Section        0  lcd_driver.o(i.Lcd_Clear)
    i.Lcd_Init                               0x08001a0a   Section        0  lcd_driver.o(i.Lcd_Init)
    i.Lcd_Reset                              0x08001c2c   Section        0  lcd_driver.o(i.Lcd_Reset)
    i.Lcd_SetRegion                          0x08001c4c   Section        0  lcd_driver.o(i.Lcd_SetRegion)
    i.Lcd_WriteData                          0x08001ca4   Section        0  lcd_driver.o(i.Lcd_WriteData)
    i.Lcd_WriteIndex                         0x08001ccc   Section        0  lcd_driver.o(i.Lcd_WriteIndex)
    i.MemManage_Handler                      0x08001cf4   Section        0  stm32f10x_it.o(i.MemManage_Handler)
    i.NMI_Handler                            0x08001cf8   Section        0  stm32f10x_it.o(i.NMI_Handler)
    i.NVIC_Init                              0x08001cfc   Section        0  misc.o(i.NVIC_Init)
    i.NVIC_PriorityGroupConfig               0x08001d6c   Section        0  misc.o(i.NVIC_PriorityGroupConfig)
    i.PendSV_Handler                         0x08001d80   Section        0  stm32f10x_it.o(i.PendSV_Handler)
    i.RCC_ADCCLKConfig                       0x08001d84   Section        0  stm32f10x_rcc.o(i.RCC_ADCCLKConfig)
    i.RCC_APB1PeriphClockCmd                 0x08001d9c   Section        0  stm32f10x_rcc.o(i.RCC_APB1PeriphClockCmd)
    i.RCC_APB2PeriphClockCmd                 0x08001dbc   Section        0  stm32f10x_rcc.o(i.RCC_APB2PeriphClockCmd)
    i.RCC_GetClocksFreq                      0x08001ddc   Section        0  stm32f10x_rcc.o(i.RCC_GetClocksFreq)
    i.SGP30_Init                             0x08001eb0   Section        0  sgp30.o(i.SGP30_Init)
    i.SGP30_Read                             0x08001ebc   Section        0  sgp30.o(i.SGP30_Read)
    i.SGP30_Write                            0x08001f32   Section        0  sgp30.o(i.SGP30_Write)
    i.SHT30_CMD                              0x08001f6c   Section        0  gxht3x.o(i.SHT30_CMD)
    i.SHT30_Read_Humiture                    0x08001fac   Section        0  gxht3x.o(i.SHT30_Read_Humiture)
    i.SPI_WriteData                          0x080020e0   Section        0  lcd_driver.o(i.SPI_WriteData)
    i.SVC_Handler                            0x0800211c   Section        0  stm32f10x_it.o(i.SVC_Handler)
    i.SetSysClock                            0x0800211e   Section        0  system_stm32f10x.o(i.SetSysClock)
    SetSysClock                              0x0800211f   Thumb Code     8  system_stm32f10x.o(i.SetSysClock)
    i.SetSysClockTo72                        0x08002128   Section        0  system_stm32f10x.o(i.SetSysClockTo72)
    SetSysClockTo72                          0x08002129   Thumb Code   214  system_stm32f10x.o(i.SetSysClockTo72)
    i.Sgp30_Get_Co2_Value                    0x08002208   Section        0  sgp30.o(i.Sgp30_Get_Co2_Value)
    i.SysTick_Handler                        0x08002226   Section        0  stm32f10x_it.o(i.SysTick_Handler)
    i.SystemInit                             0x08002228   Section        0  system_stm32f10x.o(i.SystemInit)
    i.Systick_Init                           0x08002288   Section        0  systick.o(i.Systick_Init)
    i.TIM_ARRPreloadConfig                   0x080022bc   Section        0  stm32f10x_tim.o(i.TIM_ARRPreloadConfig)
    i.TIM_Cmd                                0x080022d4   Section        0  stm32f10x_tim.o(i.TIM_Cmd)
    i.TIM_CtrlPWMOutputs                     0x080022ec   Section        0  stm32f10x_tim.o(i.TIM_CtrlPWMOutputs)
    i.TIM_OC1Init                            0x0800230c   Section        0  stm32f10x_tim.o(i.TIM_OC1Init)
    i.TIM_OC1PreloadConfig                   0x080023a4   Section        0  stm32f10x_tim.o(i.TIM_OC1PreloadConfig)
    i.TIM_OCStructInit                       0x080023b6   Section        0  stm32f10x_tim.o(i.TIM_OCStructInit)
    i.TIM_SetCompare1                        0x080023ca   Section        0  stm32f10x_tim.o(i.TIM_SetCompare1)
    i.TIM_SetCounter                         0x080023ce   Section        0  stm32f10x_tim.o(i.TIM_SetCounter)
    i.TIM_TimeBaseInit                       0x080023d4   Section        0  stm32f10x_tim.o(i.TIM_TimeBaseInit)
    i.UART4_IRQHandler                       0x08002478   Section        0  usart_drv.o(i.UART4_IRQHandler)
    i.UART4_MyConfig                         0x080024f4   Section        0  usart_drv.o(i.UART4_MyConfig)
    i.USART1_IRQHandler                      0x080025a4   Section        0  usart_drv.o(i.USART1_IRQHandler)
    i.USART1_Init                            0x080025d8   Section        0  usart_drv.o(i.USART1_Init)
    i.USART_ClearFlag                        0x08002658   Section        0  stm32f10x_usart.o(i.USART_ClearFlag)
    i.USART_ClearITPendingBit                0x0800266a   Section        0  stm32f10x_usart.o(i.USART_ClearITPendingBit)
    i.USART_Cmd                              0x08002688   Section        0  stm32f10x_usart.o(i.USART_Cmd)
    i.USART_GetFlagStatus                    0x080026a0   Section        0  stm32f10x_usart.o(i.USART_GetFlagStatus)
    i.USART_GetITStatus                      0x080026ba   Section        0  stm32f10x_usart.o(i.USART_GetITStatus)
    i.USART_ITConfig                         0x0800270e   Section        0  stm32f10x_usart.o(i.USART_ITConfig)
    i.USART_Init                             0x08002758   Section        0  stm32f10x_usart.o(i.USART_Init)
    i.USART_ReceiveData                      0x08002830   Section        0  stm32f10x_usart.o(i.USART_ReceiveData)
    i.USART_SendData                         0x0800283a   Section        0  stm32f10x_usart.o(i.USART_SendData)
    i.UsageFault_Handler                     0x08002842   Section        0  stm32f10x_it.o(i.UsageFault_Handler)
    i.WiFi_ConnectServer                     0x08002848   Section        0  esp8266.o(i.WiFi_ConnectServer)
    i.WiFi_Reset                             0x080029d4   Section        0  esp8266.o(i.WiFi_Reset)
    i.WiFi_ResetIO_Init                      0x08002a64   Section        0  esp8266.o(i.WiFi_ResetIO_Init)
    i.WiFi_SendCmd                           0x08002a9c   Section        0  esp8266.o(i.WiFi_SendCmd)
    i.WiFi_ack                               0x08002b10   Section        0  esp8266.o(i.WiFi_ack)
    i.__0printf                              0x08002cb4   Section        0  printfa.o(i.__0printf)
    i.__0snprintf                            0x08002cd4   Section        0  printfa.o(i.__0snprintf)
    i.__0sprintf                             0x08002d08   Section        0  printfa.o(i.__0sprintf)
    i.__0vsprintf                            0x08002d30   Section        0  printfa.o(i.__0vsprintf)
    i.__aeabi_errno_addr                     0x08002d54   Section        0  errno.o(i.__aeabi_errno_addr)
    i.__scatterload_copy                     0x08002d5c   Section       14  handlers.o(i.__scatterload_copy)
    i.__scatterload_null                     0x08002d6a   Section        2  handlers.o(i.__scatterload_null)
    i.__scatterload_zeroinit                 0x08002d6c   Section       14  handlers.o(i.__scatterload_zeroinit)
    i._fp_digits                             0x08002d7c   Section        0  printfa.o(i._fp_digits)
    _fp_digits                               0x08002d7d   Thumb Code   366  printfa.o(i._fp_digits)
    i._printf_core                           0x08002f00   Section        0  printfa.o(i._printf_core)
    _printf_core                             0x08002f01   Thumb Code  1704  printfa.o(i._printf_core)
    i._printf_post_padding                   0x080035b4   Section        0  printfa.o(i._printf_post_padding)
    _printf_post_padding                     0x080035b5   Thumb Code    36  printfa.o(i._printf_post_padding)
    i._printf_pre_padding                    0x080035d8   Section        0  printfa.o(i._printf_pre_padding)
    _printf_pre_padding                      0x080035d9   Thumb Code    46  printfa.o(i._printf_pre_padding)
    i._snputc                                0x08003606   Section        0  printfa.o(i._snputc)
    _snputc                                  0x08003607   Thumb Code    22  printfa.o(i._snputc)
    i._sputc                                 0x0800361c   Section        0  printfa.o(i._sputc)
    _sputc                                   0x0800361d   Thumb Code    10  printfa.o(i._sputc)
    i.cool_init                              0x08003628   Section        0  cool.o(i.cool_init)
    i.coolflag                               0x0800365c   Section        0  cool.o(i.coolflag)
    i.crc_gxht                               0x0800367c   Section        0  gxht3x.o(i.crc_gxht)
    i.delay_ms                               0x080036b8   Section        0  systick.o(i.delay_ms)
    i.delay_us                               0x08003704   Section        0  systick.o(i.delay_us)
    i.feng_ming                              0x08003750   Section        0  feng.o(i.feng_ming)
    i.fputc                                  0x08003784   Section        0  usart_drv.o(i.fputc)
    i.main                                   0x080037a8   Section        0  main.o(i.main)
    i.pwn_init                               0x08003988   Section        0  pwn.o(i.pwn_init)
    i.u4_printf                              0x08003a28   Section        0  usart_drv.o(i.u4_printf)
    i.wifi_init                              0x08003a90   Section        0  esp8266.o(i.wifi_init)
    .constdata                               0x08003e48   Section     6616  gui.o(.constdata)
    .constdata                               0x08005820   Section      129  ctype_o.o(.constdata)
    .constdata                               0x080058a4   Section        4  ctype_o.o(.constdata)
    table                                    0x080058a4   Data           4  ctype_o.o(.constdata)
    .conststring                             0x080058a8   Section       19  main.o(.conststring)
    .conststring                             0x080058bc   Section      652  esp8266.o(.conststring)
    .data                                    0x20000000   Section       20  main.o(.data)
    .data                                    0x20000014   Section       20  stm32f10x_rcc.o(.data)
    APBAHBPrescTable                         0x20000014   Data          16  stm32f10x_rcc.o(.data)
    ADCPrescTable                            0x20000024   Data           4  stm32f10x_rcc.o(.data)
    .data                                    0x20000028   Section        2  key_drv.o(.data)
    key_flag                                 0x20000029   Data           1  key_drv.o(.data)
    .data                                    0x2000002a   Section        2  esp8266.o(.data)
    .data                                    0x2000002c   Section        8  systick.o(.data)
    .data                                    0x20000034   Section        8  usart_drv.o(.data)
    .data                                    0x2000003c   Section        4  stdout.o(.data)
    .data                                    0x20000040   Section        4  errno.o(.data)
    _errno                                   0x20000040   Data           4  errno.o(.data)
    .bss                                     0x20000048   Section     2048  usart_drv.o(.bss)
    STACK                                    0x20000848   Section     1024  startup_stm32f10x_hd.o(STACK)

    Global Symbols

    Symbol Name                              Value     Ov Type        Size  Object(Section)

    BuildAttributes$$THM_ISAv4$P$D$K$B$S$PE$A:L22UL41UL21$X:L11$S22US41US21$IEEE1$IW$USESV6$~STKCKD$USESV7$~SHL$OSPACE$ROPI$EBA8$MICROLIB$REQ8$PRES8$EABIv2 0x00000000   Number         0  anon$$obj.o ABSOLUTE
    __ARM_use_no_argv                        0x00000000   Number         0  main.o ABSOLUTE
    _printf_a                                0x00000000   Number         0  stubs.o ABSOLUTE
    _printf_c                                0x00000000   Number         0  stubs.o ABSOLUTE
    _printf_charcount                        0x00000000   Number         0  stubs.o ABSOLUTE
    _printf_d                                0x00000000   Number         0  stubs.o ABSOLUTE
    _printf_e                                0x00000000   Number         0  stubs.o ABSOLUTE
    _printf_f                                0x00000000   Number         0  stubs.o ABSOLUTE
    _printf_flags                            0x00000000   Number         0  stubs.o ABSOLUTE
    _printf_fp_dec                           0x00000000   Number         0  stubs.o ABSOLUTE
    _printf_fp_hex                           0x00000000   Number         0  stubs.o ABSOLUTE
    _printf_g                                0x00000000   Number         0  stubs.o ABSOLUTE
    _printf_i                                0x00000000   Number         0  stubs.o ABSOLUTE
    _printf_int_dec                          0x00000000   Number         0  stubs.o ABSOLUTE
    _printf_l                                0x00000000   Number         0  stubs.o ABSOLUTE
    _printf_lc                               0x00000000   Number         0  stubs.o ABSOLUTE
    _printf_ll                               0x00000000   Number         0  stubs.o ABSOLUTE
    _printf_lld                              0x00000000   Number         0  stubs.o ABSOLUTE
    _printf_lli                              0x00000000   Number         0  stubs.o ABSOLUTE
    _printf_llo                              0x00000000   Number         0  stubs.o ABSOLUTE
    _printf_llu                              0x00000000   Number         0  stubs.o ABSOLUTE
    _printf_llx                              0x00000000   Number         0  stubs.o ABSOLUTE
    _printf_longlong_dec                     0x00000000   Number         0  stubs.o ABSOLUTE
    _printf_longlong_hex                     0x00000000   Number         0  stubs.o ABSOLUTE
    _printf_longlong_oct                     0x00000000   Number         0  stubs.o ABSOLUTE
    _printf_ls                               0x00000000   Number         0  stubs.o ABSOLUTE
    _printf_mbtowc                           0x00000000   Number         0  stubs.o ABSOLUTE
    _printf_n                                0x00000000   Number         0  stubs.o ABSOLUTE
    _printf_o                                0x00000000   Number         0  stubs.o ABSOLUTE
    _printf_p                                0x00000000   Number         0  stubs.o ABSOLUTE
    _printf_percent                          0x00000000   Number         0  stubs.o ABSOLUTE
    _printf_pre_padding                      0x00000000   Number         0  stubs.o ABSOLUTE
    _printf_return_value                     0x00000000   Number         0  stubs.o ABSOLUTE
    _printf_s                                0x00000000   Number         0  stubs.o ABSOLUTE
    _printf_sizespec                         0x00000000   Number         0  stubs.o ABSOLUTE
    _printf_str                              0x00000000   Number         0  stubs.o ABSOLUTE
    _printf_truncate_signed                  0x00000000   Number         0  stubs.o ABSOLUTE
    _printf_truncate_unsigned                0x00000000   Number         0  stubs.o ABSOLUTE
    _printf_u                                0x00000000   Number         0  stubs.o ABSOLUTE
    _printf_wc                               0x00000000   Number         0  stubs.o ABSOLUTE
    _printf_wctomb                           0x00000000   Number         0  stubs.o ABSOLUTE
    _printf_widthprec                        0x00000000   Number         0  stubs.o ABSOLUTE
    _printf_x                                0x00000000   Number         0  stubs.o ABSOLUTE
    __arm_fini_                               - Undefined Weak Reference
    __cpp_initialize__aeabi_                  - Undefined Weak Reference
    __cxa_finalize                            - Undefined Weak Reference
    __decompress                              - Undefined Weak Reference
    _clock_init                               - Undefined Weak Reference
    _microlib_exit                            - Undefined Weak Reference
    _scanf_int                                - Undefined Weak Reference
    _scanf_longlong                           - Undefined Weak Reference
    _scanf_real                               - Undefined Weak Reference
    __Vectors_Size                           0x00000130   Number         0  startup_stm32f10x_hd.o ABSOLUTE
    __Vectors                                0x08000000   Data           4  startup_stm32f10x_hd.o(RESET)
    __Vectors_End                            0x08000130   Data           0  startup_stm32f10x_hd.o(RESET)
    __main                                   0x08000131   Thumb Code     0  entry.o(.ARM.Collect$$$$00000000)
    _main_stk                                0x08000131   Thumb Code     0  entry2.o(.ARM.Collect$$$$00000001)
    _main_scatterload                        0x08000135   Thumb Code     0  entry5.o(.ARM.Collect$$$$00000004)
    __main_after_scatterload                 0x08000139   Thumb Code     0  entry5.o(.ARM.Collect$$$$00000004)
    _main_clock                              0x08000139   Thumb Code     0  entry7b.o(.ARM.Collect$$$$00000008)
    _main_cpp_init                           0x08000139   Thumb Code     0  entry8b.o(.ARM.Collect$$$$0000000A)
    _main_init                               0x08000139   Thumb Code     0  entry9a.o(.ARM.Collect$$$$0000000B)
    __rt_lib_shutdown_fini                   0x08000141   Thumb Code     0  entry12b.o(.ARM.Collect$$$$0000000E)
    __rt_final_cpp                           0x08000145   Thumb Code     0  entry10a.o(.ARM.Collect$$$$0000000F)
    __rt_final_exit                          0x08000145   Thumb Code     0  entry11a.o(.ARM.Collect$$$$00000011)
    Reset_Handler                            0x08000149   Thumb Code     8  startup_stm32f10x_hd.o(.text)
    ADC1_2_IRQHandler                        0x08000163   Thumb Code     0  startup_stm32f10x_hd.o(.text)
    ADC3_IRQHandler                          0x08000163   Thumb Code     0  startup_stm32f10x_hd.o(.text)
    CAN1_RX1_IRQHandler                      0x08000163   Thumb Code     0  startup_stm32f10x_hd.o(.text)
    CAN1_SCE_IRQHandler                      0x08000163   Thumb Code     0  startup_stm32f10x_hd.o(.text)
    DMA1_Channel1_IRQHandler                 0x08000163   Thumb Code     0  startup_stm32f10x_hd.o(.text)
    DMA1_Channel2_IRQHandler                 0x08000163   Thumb Code     0  startup_stm32f10x_hd.o(.text)
    DMA1_Channel3_IRQHandler                 0x08000163   Thumb Code     0  startup_stm32f10x_hd.o(.text)
    DMA1_Channel4_IRQHandler                 0x08000163   Thumb Code     0  startup_stm32f10x_hd.o(.text)
    DMA1_Channel5_IRQHandler                 0x08000163   Thumb Code     0  startup_stm32f10x_hd.o(.text)
    DMA1_Channel6_IRQHandler                 0x08000163   Thumb Code     0  startup_stm32f10x_hd.o(.text)
    DMA1_Channel7_IRQHandler                 0x08000163   Thumb Code     0  startup_stm32f10x_hd.o(.text)
    DMA2_Channel1_IRQHandler                 0x08000163   Thumb Code     0  startup_stm32f10x_hd.o(.text)
    DMA2_Channel2_IRQHandler                 0x08000163   Thumb Code     0  startup_stm32f10x_hd.o(.text)
    DMA2_Channel3_IRQHandler                 0x08000163   Thumb Code     0  startup_stm32f10x_hd.o(.text)
    DMA2_Channel4_5_IRQHandler               0x08000163   Thumb Code     0  startup_stm32f10x_hd.o(.text)
    EXTI15_10_IRQHandler                     0x08000163   Thumb Code     0  startup_stm32f10x_hd.o(.text)
    EXTI2_IRQHandler                         0x08000163   Thumb Code     0  startup_stm32f10x_hd.o(.text)
    EXTI3_IRQHandler                         0x08000163   Thumb Code     0  startup_stm32f10x_hd.o(.text)
    EXTI9_5_IRQHandler                       0x08000163   Thumb Code     0  startup_stm32f10x_hd.o(.text)
    FLASH_IRQHandler                         0x08000163   Thumb Code     0  startup_stm32f10x_hd.o(.text)
    FSMC_IRQHandler                          0x08000163   Thumb Code     0  startup_stm32f10x_hd.o(.text)
    I2C1_ER_IRQHandler                       0x08000163   Thumb Code     0  startup_stm32f10x_hd.o(.text)
    I2C1_EV_IRQHandler                       0x08000163   Thumb Code     0  startup_stm32f10x_hd.o(.text)
    I2C2_ER_IRQHandler                       0x08000163   Thumb Code     0  startup_stm32f10x_hd.o(.text)
    I2C2_EV_IRQHandler                       0x08000163   Thumb Code     0  startup_stm32f10x_hd.o(.text)
    PVD_IRQHandler                           0x08000163   Thumb Code     0  startup_stm32f10x_hd.o(.text)
    RCC_IRQHandler                           0x08000163   Thumb Code     0  startup_stm32f10x_hd.o(.text)
    RTCAlarm_IRQHandler                      0x08000163   Thumb Code     0  startup_stm32f10x_hd.o(.text)
    RTC_IRQHandler                           0x08000163   Thumb Code     0  startup_stm32f10x_hd.o(.text)
    SDIO_IRQHandler                          0x08000163   Thumb Code     0  startup_stm32f10x_hd.o(.text)
    SPI1_IRQHandler                          0x08000163   Thumb Code     0  startup_stm32f10x_hd.o(.text)
    SPI2_IRQHandler                          0x08000163   Thumb Code     0  startup_stm32f10x_hd.o(.text)
    SPI3_IRQHandler                          0x08000163   Thumb Code     0  startup_stm32f10x_hd.o(.text)
    TAMPER_IRQHandler                        0x08000163   Thumb Code     0  startup_stm32f10x_hd.o(.text)
    TIM1_BRK_IRQHandler                      0x08000163   Thumb Code     0  startup_stm32f10x_hd.o(.text)
    TIM1_CC_IRQHandler                       0x08000163   Thumb Code     0  startup_stm32f10x_hd.o(.text)
    TIM1_TRG_COM_IRQHandler                  0x08000163   Thumb Code     0  startup_stm32f10x_hd.o(.text)
    TIM1_UP_IRQHandler                       0x08000163   Thumb Code     0  startup_stm32f10x_hd.o(.text)
    TIM2_IRQHandler                          0x08000163   Thumb Code     0  startup_stm32f10x_hd.o(.text)
    TIM3_IRQHandler                          0x08000163   Thumb Code     0  startup_stm32f10x_hd.o(.text)
    TIM4_IRQHandler                          0x08000163   Thumb Code     0  startup_stm32f10x_hd.o(.text)
    TIM5_IRQHandler                          0x08000163   Thumb Code     0  startup_stm32f10x_hd.o(.text)
    TIM6_IRQHandler                          0x08000163   Thumb Code     0  startup_stm32f10x_hd.o(.text)
    TIM7_IRQHandler                          0x08000163   Thumb Code     0  startup_stm32f10x_hd.o(.text)
    TIM8_BRK_IRQHandler                      0x08000163   Thumb Code     0  startup_stm32f10x_hd.o(.text)
    TIM8_CC_IRQHandler                       0x08000163   Thumb Code     0  startup_stm32f10x_hd.o(.text)
    TIM8_TRG_COM_IRQHandler                  0x08000163   Thumb Code     0  startup_stm32f10x_hd.o(.text)
    TIM8_UP_IRQHandler                       0x08000163   Thumb Code     0  startup_stm32f10x_hd.o(.text)
    UART5_IRQHandler                         0x08000163   Thumb Code     0  startup_stm32f10x_hd.o(.text)
    USART2_IRQHandler                        0x08000163   Thumb Code     0  startup_stm32f10x_hd.o(.text)
    USART3_IRQHandler                        0x08000163   Thumb Code     0  startup_stm32f10x_hd.o(.text)
    USBWakeUp_IRQHandler                     0x08000163   Thumb Code     0  startup_stm32f10x_hd.o(.text)
    USB_HP_CAN1_TX_IRQHandler                0x08000163   Thumb Code     0  startup_stm32f10x_hd.o(.text)
    USB_LP_CAN1_RX0_IRQHandler               0x08000163   Thumb Code     0  startup_stm32f10x_hd.o(.text)
    WWDG_IRQHandler                          0x08000163   Thumb Code     0  startup_stm32f10x_hd.o(.text)
    __aeabi_memcpy                           0x0800016d   Thumb Code    36  memcpya.o(.text)
    __aeabi_memcpy4                          0x0800016d   Thumb Code     0  memcpya.o(.text)
    __aeabi_memcpy8                          0x0800016d   Thumb Code     0  memcpya.o(.text)
    __aeabi_memset                           0x08000191   Thumb Code    14  memseta.o(.text)
    __aeabi_memset4                          0x08000191   Thumb Code     0  memseta.o(.text)
    __aeabi_memset8                          0x08000191   Thumb Code     0  memseta.o(.text)
    __aeabi_memclr                           0x0800019f   Thumb Code     4  memseta.o(.text)
    __aeabi_memclr4                          0x0800019f   Thumb Code     0  memseta.o(.text)
    __aeabi_memclr8                          0x0800019f   Thumb Code     0  memseta.o(.text)
    _memset$wrapper                          0x080001a3   Thumb Code    18  memseta.o(.text)
    strstr                                   0x080001b5   Thumb Code    36  strstr.o(.text)
    strlen                                   0x080001d9   Thumb Code    14  strlen.o(.text)
    atoi                                     0x080001e7   Thumb Code    26  atoi.o(.text)
    __aeabi_dadd                             0x08000201   Thumb Code   322  dadd.o(.text)
    __aeabi_dsub                             0x08000343   Thumb Code     6  dadd.o(.text)
    __aeabi_drsub                            0x08000349   Thumb Code     6  dadd.o(.text)
    __aeabi_dmul                             0x0800034f   Thumb Code   228  dmul.o(.text)
    __aeabi_ddiv                             0x08000433   Thumb Code   222  ddiv.o(.text)
    __aeabi_i2d                              0x08000511   Thumb Code    34  dflti.o(.text)
    __aeabi_d2iz                             0x08000533   Thumb Code    62  dfixi.o(.text)
    __aeabi_d2uiz                            0x08000571   Thumb Code    50  dfixui.o(.text)
    __aeabi_uidiv                            0x080005a3   Thumb Code     0  uidiv.o(.text)
    __aeabi_uidivmod                         0x080005a3   Thumb Code    44  uidiv.o(.text)
    __aeabi_uldivmod                         0x080005cf   Thumb Code    98  uldiv.o(.text)
    __aeabi_llsl                             0x08000631   Thumb Code    30  llshl.o(.text)
    _ll_shift_l                              0x08000631   Thumb Code     0  llshl.o(.text)
    __aeabi_llsr                             0x0800064f   Thumb Code    32  llushr.o(.text)
    _ll_ushift_r                             0x0800064f   Thumb Code     0  llushr.o(.text)
    __aeabi_lasr                             0x0800066f   Thumb Code    36  llsshr.o(.text)
    _ll_sshift_r                             0x0800066f   Thumb Code     0  llsshr.o(.text)
    strtol                                   0x08000693   Thumb Code   112  strtol.o(.text)
    __I$use$fp                               0x08000703   Thumb Code     0  iusefp.o(.text)
    _double_round                            0x08000703   Thumb Code    30  depilogue.o(.text)
    _double_epilogue                         0x08000721   Thumb Code   156  depilogue.o(.text)
    __aeabi_d2ulz                            0x080007bd   Thumb Code    48  dfixul.o(.text)
    __aeabi_cdrcmple                         0x080007ed   Thumb Code    48  cdrcmple.o(.text)
    __scatterload                            0x0800081d   Thumb Code    28  init.o(.text)
    __scatterload_rt2                        0x0800081d   Thumb Code     0  init.o(.text)
    __rt_ctype_table                         0x08000841   Thumb Code     4  ctype_o.o(.text)
    _strtoul                                 0x08000849   Thumb Code   158  _strtoul.o(.text)
    _chval                                   0x080008e7   Thumb Code    28  _chval.o(.text)
    ADC1_CH2_Init                            0x08000905   Thumb Code   150  adc_drv.o(i.ADC1_CH2_Init)
    ADC_ClearFlag                            0x080009a5   Thumb Code     6  stm32f10x_adc.o(i.ADC_ClearFlag)
    ADC_Cmd                                  0x080009ab   Thumb Code    22  stm32f10x_adc.o(i.ADC_Cmd)
    ADC_GetCalibrationStatus                 0x080009c1   Thumb Code    20  stm32f10x_adc.o(i.ADC_GetCalibrationStatus)
    ADC_GetConversionValue                   0x080009d5   Thumb Code     8  stm32f10x_adc.o(i.ADC_GetConversionValue)
    ADC_GetFlagStatus                        0x080009dd   Thumb Code    18  stm32f10x_adc.o(i.ADC_GetFlagStatus)
    ADC_GetResetCalibrationStatus            0x080009ef   Thumb Code    20  stm32f10x_adc.o(i.ADC_GetResetCalibrationStatus)
    ADC_Init                                 0x08000a05   Thumb Code    70  stm32f10x_adc.o(i.ADC_Init)
    ADC_RegularChannelConfig                 0x08000a55   Thumb Code   184  stm32f10x_adc.o(i.ADC_RegularChannelConfig)
    ADC_ResetCalibration                     0x08000b0d   Thumb Code    10  stm32f10x_adc.o(i.ADC_ResetCalibration)
    ADC_SoftwareStartConvCmd                 0x08000b17   Thumb Code    22  stm32f10x_adc.o(i.ADC_SoftwareStartConvCmd)
    ADC_StartCalibration                     0x08000b2d   Thumb Code    10  stm32f10x_adc.o(i.ADC_StartCalibration)
    BusFault_Handler                         0x08000b37   Thumb Code     4  stm32f10x_it.o(i.BusFault_Handler)
    DebugMon_Handler                         0x08000b3b   Thumb Code     2  stm32f10x_it.o(i.DebugMon_Handler)
    EXTI0_IRQHandler                         0x08000b3d   Thumb Code    46  key_drv.o(i.EXTI0_IRQHandler)
    EXTI1_IRQHandler                         0x08000b85   Thumb Code    54  key_drv.o(i.EXTI1_IRQHandler)
    EXTI4_IRQHandler                         0x08000bd5   Thumb Code    54  key_drv.o(i.EXTI4_IRQHandler)
    EXTI_ClearITPendingBit                   0x08000c25   Thumb Code     6  stm32f10x_exti.o(i.EXTI_ClearITPendingBit)
    EXTI_GetITStatus                         0x08000c31   Thumb Code    34  stm32f10x_exti.o(i.EXTI_GetITStatus)
    EXTI_Init                                0x08000c59   Thumb Code   142  stm32f10x_exti.o(i.EXTI_Init)
    GPIO_EXTILineConfig                      0x08000ced   Thumb Code    60  stm32f10x_gpio.o(i.GPIO_EXTILineConfig)
    GPIO_Init                                0x08000d2d   Thumb Code   278  stm32f10x_gpio.o(i.GPIO_Init)
    GPIO_ReadInputDataBit                    0x08000e43   Thumb Code    18  stm32f10x_gpio.o(i.GPIO_ReadInputDataBit)
    GPIO_ResetBits                           0x08000e55   Thumb Code     4  stm32f10x_gpio.o(i.GPIO_ResetBits)
    GPIO_SetBits                             0x08000e59   Thumb Code     4  stm32f10x_gpio.o(i.GPIO_SetBits)
    GPIO_WriteBit                            0x08000e5d   Thumb Code    10  stm32f10x_gpio.o(i.GPIO_WriteBit)
    Get_ConvVal                              0x08000e69   Thumb Code    54  adc_drv.o(i.Get_ConvVal)
    Gui_DrawFont_GBK16                       0x08000ea5   Thumb Code   394  gui.o(i.Gui_DrawFont_GBK16)
    Gui_DrawPoint                            0x08001039   Thumb Code    32  lcd_driver.o(i.Gui_DrawPoint)
    HardFault_Handler                        0x08001059   Thumb Code     4  stm32f10x_it.o(i.HardFault_Handler)
    HardWare_Init                            0x0800105d   Thumb Code   106  main.o(i.HardWare_Init)
    IIC2_Config                              0x080010cd   Thumb Code    68  iic2.o(i.IIC2_Config)
    IIC2_Input                               0x08001115   Thumb Code    38  iic2.o(i.IIC2_Input)
    IIC2_Output                              0x08001141   Thumb Code    40  iic2.o(i.IIC2_Output)
    IIC2_ReadByte                            0x0800116d   Thumb Code    74  iic2.o(i.IIC2_ReadByte)
    IIC2_SendACK                             0x080011bd   Thumb Code    72  iic2.o(i.IIC2_SendACK)
    IIC2_SendNoACK                           0x08001209   Thumb Code    72  iic2.o(i.IIC2_SendNoACK)
    IIC2_Start                               0x08001255   Thumb Code    88  iic2.o(i.IIC2_Start)
    IIC2_Stop                                0x080012b1   Thumb Code    88  iic2.o(i.IIC2_Stop)
    IIC2_WaitACK                             0x0800130d   Thumb Code   104  iic2.o(i.IIC2_WaitACK)
    IIC2_WriteByte                           0x08001379   Thumb Code   106  iic2.o(i.IIC2_WriteByte)
    IIC_Config                               0x080013e9   Thumb Code    64  iic_drv.o(i.IIC_Config)
    IIC_Input                                0x0800142d   Thumb Code    38  iic_drv.o(i.IIC_Input)
    IIC_Output                               0x08001459   Thumb Code    38  iic_drv.o(i.IIC_Output)
    IIC_ReadByte                             0x08001485   Thumb Code    68  iic_drv.o(i.IIC_ReadByte)
    IIC_SendACK                              0x080014cd   Thumb Code    64  iic_drv.o(i.IIC_SendACK)
    IIC_SendNoACK                            0x08001511   Thumb Code    64  iic_drv.o(i.IIC_SendNoACK)
    IIC_Start                                0x08001555   Thumb Code    78  iic_drv.o(i.IIC_Start)
    IIC_Stop                                 0x080015a9   Thumb Code    78  iic_drv.o(i.IIC_Stop)
    IIC_WaitACK                              0x080015fd   Thumb Code    96  iic_drv.o(i.IIC_WaitACK)
    IIC_WriteByte                            0x08001661   Thumb Code    96  iic_drv.o(i.IIC_WriteByte)
    Key_Init                                 0x080016c5   Thumb Code   248  key_drv.o(i.Key_Init)
    LCD_GPIO_Init                            0x080017c1   Thumb Code   104  lcd_driver.o(i.LCD_GPIO_Init)
    LCD_UpdateAllData                        0x08001835   Thumb Code   290  main.o(i.LCD_UpdateAllData)
    LCD_WriteData_16Bit                      0x080019a9   Thumb Code    38  lcd_driver.o(i.LCD_WriteData_16Bit)
    Lcd_Clear                                0x080019d9   Thumb Code    50  lcd_driver.o(i.Lcd_Clear)
    Lcd_Init                                 0x08001a0b   Thumb Code   546  lcd_driver.o(i.Lcd_Init)
    Lcd_Reset                                0x08001c2d   Thumb Code    28  lcd_driver.o(i.Lcd_Reset)
    Lcd_SetRegion                            0x08001c4d   Thumb Code    86  lcd_driver.o(i.Lcd_SetRegion)
    Lcd_WriteData                            0x08001ca5   Thumb Code    32  lcd_driver.o(i.Lcd_WriteData)
    Lcd_WriteIndex                           0x08001ccd   Thumb Code    32  lcd_driver.o(i.Lcd_WriteIndex)
    MemManage_Handler                        0x08001cf5   Thumb Code     4  stm32f10x_it.o(i.MemManage_Handler)
    NMI_Handler                              0x08001cf9   Thumb Code     2  stm32f10x_it.o(i.NMI_Handler)
    NVIC_Init                                0x08001cfd   Thumb Code   100  misc.o(i.NVIC_Init)
    NVIC_PriorityGroupConfig                 0x08001d6d   Thumb Code    10  misc.o(i.NVIC_PriorityGroupConfig)
    PendSV_Handler                           0x08001d81   Thumb Code     2  stm32f10x_it.o(i.PendSV_Handler)
    RCC_ADCCLKConfig                         0x08001d85   Thumb Code    18  stm32f10x_rcc.o(i.RCC_ADCCLKConfig)
    RCC_APB1PeriphClockCmd                   0x08001d9d   Thumb Code    26  stm32f10x_rcc.o(i.RCC_APB1PeriphClockCmd)
    RCC_APB2PeriphClockCmd                   0x08001dbd   Thumb Code    26  stm32f10x_rcc.o(i.RCC_APB2PeriphClockCmd)
    RCC_GetClocksFreq                        0x08001ddd   Thumb Code   192  stm32f10x_rcc.o(i.RCC_GetClocksFreq)
    SGP30_Init                               0x08001eb1   Thumb Code    12  sgp30.o(i.SGP30_Init)
    SGP30_Read                               0x08001ebd   Thumb Code   118  sgp30.o(i.SGP30_Read)
    SGP30_Write                              0x08001f33   Thumb Code    58  sgp30.o(i.SGP30_Write)
    SHT30_CMD                                0x08001f6d   Thumb Code    62  gxht3x.o(i.SHT30_CMD)
    SHT30_Read_Humiture                      0x08001fad   Thumb Code   286  gxht3x.o(i.SHT30_Read_Humiture)
    SPI_WriteData                            0x080020e1   Thumb Code    54  lcd_driver.o(i.SPI_WriteData)
    SVC_Handler                              0x0800211d   Thumb Code     2  stm32f10x_it.o(i.SVC_Handler)
    Sgp30_Get_Co2_Value                      0x08002209   Thumb Code    30  sgp30.o(i.Sgp30_Get_Co2_Value)
    SysTick_Handler                          0x08002227   Thumb Code     2  stm32f10x_it.o(i.SysTick_Handler)
    SystemInit                               0x08002229   Thumb Code    78  system_stm32f10x.o(i.SystemInit)
    Systick_Init                             0x08002289   Thumb Code    44  systick.o(i.Systick_Init)
    TIM_ARRPreloadConfig                     0x080022bd   Thumb Code    24  stm32f10x_tim.o(i.TIM_ARRPreloadConfig)
    TIM_Cmd                                  0x080022d5   Thumb Code    24  stm32f10x_tim.o(i.TIM_Cmd)
    TIM_CtrlPWMOutputs                       0x080022ed   Thumb Code    30  stm32f10x_tim.o(i.TIM_CtrlPWMOutputs)
    TIM_OC1Init                              0x0800230d   Thumb Code   132  stm32f10x_tim.o(i.TIM_OC1Init)
    TIM_OC1PreloadConfig                     0x080023a5   Thumb Code    18  stm32f10x_tim.o(i.TIM_OC1PreloadConfig)
    TIM_OCStructInit                         0x080023b7   Thumb Code    20  stm32f10x_tim.o(i.TIM_OCStructInit)
    TIM_SetCompare1                          0x080023cb   Thumb Code     4  stm32f10x_tim.o(i.TIM_SetCompare1)
    TIM_SetCounter                           0x080023cf   Thumb Code     4  stm32f10x_tim.o(i.TIM_SetCounter)
    TIM_TimeBaseInit                         0x080023d5   Thumb Code   122  stm32f10x_tim.o(i.TIM_TimeBaseInit)
    UART4_IRQHandler                         0x08002479   Thumb Code   104  usart_drv.o(i.UART4_IRQHandler)
    UART4_MyConfig                           0x080024f5   Thumb Code   166  usart_drv.o(i.UART4_MyConfig)
    USART1_IRQHandler                        0x080025a5   Thumb Code    46  usart_drv.o(i.USART1_IRQHandler)
    USART1_Init                              0x080025d9   Thumb Code   120  usart_drv.o(i.USART1_Init)
    USART_ClearFlag                          0x08002659   Thumb Code    18  stm32f10x_usart.o(i.USART_ClearFlag)
    USART_ClearITPendingBit                  0x0800266b   Thumb Code    30  stm32f10x_usart.o(i.USART_ClearITPendingBit)
    USART_Cmd                                0x08002689   Thumb Code    24  stm32f10x_usart.o(i.USART_Cmd)
    USART_GetFlagStatus                      0x080026a1   Thumb Code    26  stm32f10x_usart.o(i.USART_GetFlagStatus)
    USART_GetITStatus                        0x080026bb   Thumb Code    84  stm32f10x_usart.o(i.USART_GetITStatus)
    USART_ITConfig                           0x0800270f   Thumb Code    74  stm32f10x_usart.o(i.USART_ITConfig)
    USART_Init                               0x08002759   Thumb Code   210  stm32f10x_usart.o(i.USART_Init)
    USART_ReceiveData                        0x08002831   Thumb Code    10  stm32f10x_usart.o(i.USART_ReceiveData)
    USART_SendData                           0x0800283b   Thumb Code     8  stm32f10x_usart.o(i.USART_SendData)
    UsageFault_Handler                       0x08002843   Thumb Code     4  stm32f10x_it.o(i.UsageFault_Handler)
    WiFi_ConnectServer                       0x08002849   Thumb Code   198  esp8266.o(i.WiFi_ConnectServer)
    WiFi_Reset                               0x080029d5   Thumb Code   104  esp8266.o(i.WiFi_Reset)
    WiFi_ResetIO_Init                        0x08002a65   Thumb Code    50  esp8266.o(i.WiFi_ResetIO_Init)
    WiFi_SendCmd                             0x08002a9d   Thumb Code    86  esp8266.o(i.WiFi_SendCmd)
    WiFi_ack                                 0x08002b11   Thumb Code   206  esp8266.o(i.WiFi_ack)
    __0printf                                0x08002cb5   Thumb Code    22  printfa.o(i.__0printf)
    __1printf                                0x08002cb5   Thumb Code     0  printfa.o(i.__0printf)
    __2printf                                0x08002cb5   Thumb Code     0  printfa.o(i.__0printf)
    __c89printf                              0x08002cb5   Thumb Code     0  printfa.o(i.__0printf)
    printf                                   0x08002cb5   Thumb Code     0  printfa.o(i.__0printf)
    __0snprintf                              0x08002cd5   Thumb Code    48  printfa.o(i.__0snprintf)
    __1snprintf                              0x08002cd5   Thumb Code     0  printfa.o(i.__0snprintf)
    __2snprintf                              0x08002cd5   Thumb Code     0  printfa.o(i.__0snprintf)
    __c89snprintf                            0x08002cd5   Thumb Code     0  printfa.o(i.__0snprintf)
    snprintf                                 0x08002cd5   Thumb Code     0  printfa.o(i.__0snprintf)
    __0sprintf                               0x08002d09   Thumb Code    34  printfa.o(i.__0sprintf)
    __1sprintf                               0x08002d09   Thumb Code     0  printfa.o(i.__0sprintf)
    __2sprintf                               0x08002d09   Thumb Code     0  printfa.o(i.__0sprintf)
    __c89sprintf                             0x08002d09   Thumb Code     0  printfa.o(i.__0sprintf)
    sprintf                                  0x08002d09   Thumb Code     0  printfa.o(i.__0sprintf)
    __0vsprintf                              0x08002d31   Thumb Code    30  printfa.o(i.__0vsprintf)
    __1vsprintf                              0x08002d31   Thumb Code     0  printfa.o(i.__0vsprintf)
    __2vsprintf                              0x08002d31   Thumb Code     0  printfa.o(i.__0vsprintf)
    __c89vsprintf                            0x08002d31   Thumb Code     0  printfa.o(i.__0vsprintf)
    vsprintf                                 0x08002d31   Thumb Code     0  printfa.o(i.__0vsprintf)
    __aeabi_errno_addr                       0x08002d55   Thumb Code     4  errno.o(i.__aeabi_errno_addr)
    __rt_errno_addr                          0x08002d55   Thumb Code     0  errno.o(i.__aeabi_errno_addr)
    __scatterload_copy                       0x08002d5d   Thumb Code    14  handlers.o(i.__scatterload_copy)
    __scatterload_null                       0x08002d6b   Thumb Code     2  handlers.o(i.__scatterload_null)
    __scatterload_zeroinit                   0x08002d6d   Thumb Code    14  handlers.o(i.__scatterload_zeroinit)
    cool_init                                0x08003629   Thumb Code    46  cool.o(i.cool_init)
    coolflag                                 0x0800365d   Thumb Code    26  cool.o(i.coolflag)
    crc_gxht                                 0x0800367d   Thumb Code    58  gxht3x.o(i.crc_gxht)
    delay_ms                                 0x080036b9   Thumb Code    72  systick.o(i.delay_ms)
    delay_us                                 0x08003705   Thumb Code    72  systick.o(i.delay_us)
    feng_ming                                0x08003751   Thumb Code    48  feng.o(i.feng_ming)
    fputc                                    0x08003785   Thumb Code    32  usart_drv.o(i.fputc)
    main                                     0x080037a9   Thumb Code   358  main.o(i.main)
    pwn_init                                 0x08003989   Thumb Code   150  pwn.o(i.pwn_init)
    u4_printf                                0x08003a29   Thumb Code    94  usart_drv.o(i.u4_printf)
    wifi_init                                0x08003a91   Thumb Code   264  esp8266.o(i.wifi_init)
    asc16                                    0x08003e48   Data        1521  gui.o(.constdata)
    sz32                                     0x08004439   Data        1921  gui.o(.constdata)
    hz16                                     0x08004bba   Data        1768  gui.o(.constdata)
    hz24                                     0x080052a2   Data        1406  gui.o(.constdata)
    __ctype_table                            0x08005820   Data         129  ctype_o.o(.constdata)
    Region$$Table$$Base                      0x08005b48   Number         0  anon$$obj.o(Region$$Table)
    Region$$Table$$Limit                     0x08005b68   Number         0  anon$$obj.o(Region$$Table)
    ServerIP                                 0x20000000   Data           4  main.o(.data)
    ServerPort                               0x20000004   Data           4  main.o(.data)
    Flame_threshold                          0x20000008   Data           2  main.o(.data)
    fire_off                                 0x2000000a   Data           1  main.o(.data)
    co2_value                                0x2000000c   Data           2  main.o(.data)
    Humi                                     0x2000000e   Data           2  main.o(.data)
    Temp                                     0x20000010   Data           4  main.o(.data)
    key_val                                  0x20000028   Data           1  key_drv.o(.data)
    wifi_mode                                0x2000002a   Data           1  esp8266.o(.data)
    Connect_flag                             0x2000002b   Data           1  esp8266.o(.data)
    nms                                      0x2000002c   Data           4  systick.o(.data)
    nus                                      0x20000030   Data           4  systick.o(.data)
    Uart4_RxCompleted                        0x20000034   Data           1  usart_drv.o(.data)
    Uart4_RxCounter                          0x20000038   Data           4  usart_drv.o(.data)
    __stdout                                 0x2000003c   Data           4  stdout.o(.data)
    Uart4_RxBuff                             0x20000048   Data        1024  usart_drv.o(.bss)
    UART4_TxBuff                             0x20000448   Data        1024  usart_drv.o(.bss)
    __initial_sp                             0x20000c48   Data           0  startup_stm32f10x_hd.o(STACK)



==============================================================================

Memory Map of the image

  Image Entry point : 0x08000131

  Load Region LR_IROM1 (Base: 0x08000000, Size: 0x00005bac, Max: 0x00040000, ABSOLUTE)

    Execution Region ER_IROM1 (Exec base: 0x08000000, Load base: 0x08000000, Size: 0x00005b68, Max: 0x00040000, ABSOLUTE)

    Exec Addr    Load Addr    Size         Type   Attr      Idx    E Section Name        Object

    0x08000000   0x08000000   0x00000130   Data   RO            3    RESET               startup_stm32f10x_hd.o
    0x08000130   0x08000130   0x00000000   Code   RO         3922  * .ARM.Collect$$$$00000000  mc_w.l(entry.o)
    0x08000130   0x08000130   0x00000004   Code   RO         4214    .ARM.Collect$$$$00000001  mc_w.l(entry2.o)
    0x08000134   0x08000134   0x00000004   Code   RO         4217    .ARM.Collect$$$$00000004  mc_w.l(entry5.o)
    0x08000138   0x08000138   0x00000000   Code   RO         4219    .ARM.Collect$$$$00000008  mc_w.l(entry7b.o)
    0x08000138   0x08000138   0x00000000   Code   RO         4221    .ARM.Collect$$$$0000000A  mc_w.l(entry8b.o)
    0x08000138   0x08000138   0x00000008   Code   RO         4222    .ARM.Collect$$$$0000000B  mc_w.l(entry9a.o)
    0x08000140   0x08000140   0x00000004   Code   RO         4229    .ARM.Collect$$$$0000000E  mc_w.l(entry12b.o)
    0x08000144   0x08000144   0x00000000   Code   RO         4224    .ARM.Collect$$$$0000000F  mc_w.l(entry10a.o)
    0x08000144   0x08000144   0x00000000   Code   RO         4226    .ARM.Collect$$$$00000011  mc_w.l(entry11a.o)
    0x08000144   0x08000144   0x00000004   Code   RO         4215    .ARM.Collect$$$$00002712  mc_w.l(entry2.o)
    0x08000148   0x08000148   0x00000024   Code   RO            4    .text               startup_stm32f10x_hd.o
    0x0800016c   0x0800016c   0x00000024   Code   RO         3925    .text               mc_w.l(memcpya.o)
    0x08000190   0x08000190   0x00000024   Code   RO         3927    .text               mc_w.l(memseta.o)
    0x080001b4   0x080001b4   0x00000024   Code   RO         3929    .text               mc_w.l(strstr.o)
    0x080001d8   0x080001d8   0x0000000e   Code   RO         3931    .text               mc_w.l(strlen.o)
    0x080001e6   0x080001e6   0x0000001a   Code   RO         4200    .text               mc_w.l(atoi.o)
    0x08000200   0x08000200   0x0000014e   Code   RO         4202    .text               mf_w.l(dadd.o)
    0x0800034e   0x0800034e   0x000000e4   Code   RO         4204    .text               mf_w.l(dmul.o)
    0x08000432   0x08000432   0x000000de   Code   RO         4206    .text               mf_w.l(ddiv.o)
    0x08000510   0x08000510   0x00000022   Code   RO         4208    .text               mf_w.l(dflti.o)
    0x08000532   0x08000532   0x0000003e   Code   RO         4210    .text               mf_w.l(dfixi.o)
    0x08000570   0x08000570   0x00000032   Code   RO         4212    .text               mf_w.l(dfixui.o)
    0x080005a2   0x080005a2   0x0000002c   Code   RO         4231    .text               mc_w.l(uidiv.o)
    0x080005ce   0x080005ce   0x00000062   Code   RO         4233    .text               mc_w.l(uldiv.o)
    0x08000630   0x08000630   0x0000001e   Code   RO         4235    .text               mc_w.l(llshl.o)
    0x0800064e   0x0800064e   0x00000020   Code   RO         4237    .text               mc_w.l(llushr.o)
    0x0800066e   0x0800066e   0x00000024   Code   RO         4239    .text               mc_w.l(llsshr.o)
    0x08000692   0x08000692   0x00000070   Code   RO         4252    .text               mc_w.l(strtol.o)
    0x08000702   0x08000702   0x00000000   Code   RO         4254    .text               mc_w.l(iusefp.o)
    0x08000702   0x08000702   0x000000ba   Code   RO         4255    .text               mf_w.l(depilogue.o)
    0x080007bc   0x080007bc   0x00000030   Code   RO         4257    .text               mf_w.l(dfixul.o)
    0x080007ec   0x080007ec   0x00000030   Code   RO         4259    .text               mf_w.l(cdrcmple.o)
    0x0800081c   0x0800081c   0x00000024   Code   RO         4261    .text               mc_w.l(init.o)
    0x08000840   0x08000840   0x00000008   Code   RO         4265    .text               mc_w.l(ctype_o.o)
    0x08000848   0x08000848   0x0000009e   Code   RO         4295    .text               mc_w.l(_strtoul.o)
    0x080008e6   0x080008e6   0x0000001c   Code   RO         4300    .text               mc_w.l(_chval.o)
    0x08000902   0x08000902   0x00000002   PAD
    0x08000904   0x08000904   0x000000a0   Code   RO         3609    i.ADC1_CH2_Init     adc_drv.o
    0x080009a4   0x080009a4   0x00000006   Code   RO          334    i.ADC_ClearFlag     stm32f10x_adc.o
    0x080009aa   0x080009aa   0x00000016   Code   RO          336    i.ADC_Cmd           stm32f10x_adc.o
    0x080009c0   0x080009c0   0x00000014   Code   RO          344    i.ADC_GetCalibrationStatus  stm32f10x_adc.o
    0x080009d4   0x080009d4   0x00000008   Code   RO          345    i.ADC_GetConversionValue  stm32f10x_adc.o
    0x080009dc   0x080009dc   0x00000012   Code   RO          347    i.ADC_GetFlagStatus  stm32f10x_adc.o
    0x080009ee   0x080009ee   0x00000014   Code   RO          350    i.ADC_GetResetCalibrationStatus  stm32f10x_adc.o
    0x08000a02   0x08000a02   0x00000002   PAD
    0x08000a04   0x08000a04   0x00000050   Code   RO          354    i.ADC_Init          stm32f10x_adc.o
    0x08000a54   0x08000a54   0x000000b8   Code   RO          358    i.ADC_RegularChannelConfig  stm32f10x_adc.o
    0x08000b0c   0x08000b0c   0x0000000a   Code   RO          359    i.ADC_ResetCalibration  stm32f10x_adc.o
    0x08000b16   0x08000b16   0x00000016   Code   RO          361    i.ADC_SoftwareStartConvCmd  stm32f10x_adc.o
    0x08000b2c   0x08000b2c   0x0000000a   Code   RO          363    i.ADC_StartCalibration  stm32f10x_adc.o
    0x08000b36   0x08000b36   0x00000004   Code   RO          187    i.BusFault_Handler  stm32f10x_it.o
    0x08000b3a   0x08000b3a   0x00000002   Code   RO          188    i.DebugMon_Handler  stm32f10x_it.o
    0x08000b3c   0x08000b3c   0x00000048   Code   RO         3663    i.EXTI0_IRQHandler  key_drv.o
    0x08000b84   0x08000b84   0x00000050   Code   RO         3664    i.EXTI1_IRQHandler  key_drv.o
    0x08000bd4   0x08000bd4   0x00000050   Code   RO         3665    i.EXTI4_IRQHandler  key_drv.o
    0x08000c24   0x08000c24   0x0000000c   Code   RO         1092    i.EXTI_ClearITPendingBit  stm32f10x_exti.o
    0x08000c30   0x08000c30   0x00000028   Code   RO         1096    i.EXTI_GetITStatus  stm32f10x_exti.o
    0x08000c58   0x08000c58   0x00000094   Code   RO         1097    i.EXTI_Init         stm32f10x_exti.o
    0x08000cec   0x08000cec   0x00000040   Code   RO         1442    i.GPIO_EXTILineConfig  stm32f10x_gpio.o
    0x08000d2c   0x08000d2c   0x00000116   Code   RO         1445    i.GPIO_Init         stm32f10x_gpio.o
    0x08000e42   0x08000e42   0x00000012   Code   RO         1449    i.GPIO_ReadInputDataBit  stm32f10x_gpio.o
    0x08000e54   0x08000e54   0x00000004   Code   RO         1452    i.GPIO_ResetBits    stm32f10x_gpio.o
    0x08000e58   0x08000e58   0x00000004   Code   RO         1453    i.GPIO_SetBits      stm32f10x_gpio.o
    0x08000e5c   0x08000e5c   0x0000000a   Code   RO         1456    i.GPIO_WriteBit     stm32f10x_gpio.o
    0x08000e66   0x08000e66   0x00000002   PAD
    0x08000e68   0x08000e68   0x0000003c   Code   RO         3610    i.Get_ConvVal       adc_drv.o
    0x08000ea4   0x08000ea4   0x00000194   Code   RO         3450    i.Gui_DrawFont_GBK16  gui.o
    0x08001038   0x08001038   0x00000020   Code   RO         3522    i.Gui_DrawPoint     lcd_driver.o
    0x08001058   0x08001058   0x00000004   Code   RO          189    i.HardFault_Handler  stm32f10x_it.o
    0x0800105c   0x0800105c   0x00000070   Code   RO           10    i.HardWare_Init     main.o
    0x080010cc   0x080010cc   0x00000048   Code   RO         3357    i.IIC2_Config       iic2.o
    0x08001114   0x08001114   0x0000002c   Code   RO         3358    i.IIC2_Input        iic2.o
    0x08001140   0x08001140   0x0000002c   Code   RO         3359    i.IIC2_Output       iic2.o
    0x0800116c   0x0800116c   0x00000050   Code   RO         3360    i.IIC2_ReadByte     iic2.o
    0x080011bc   0x080011bc   0x0000004c   Code   RO         3361    i.IIC2_SendACK      iic2.o
    0x08001208   0x08001208   0x0000004c   Code   RO         3362    i.IIC2_SendNoACK    iic2.o
    0x08001254   0x08001254   0x0000005c   Code   RO         3363    i.IIC2_Start        iic2.o
    0x080012b0   0x080012b0   0x0000005c   Code   RO         3364    i.IIC2_Stop         iic2.o
    0x0800130c   0x0800130c   0x0000006c   Code   RO         3365    i.IIC2_WaitACK      iic2.o
    0x08001378   0x08001378   0x00000070   Code   RO         3366    i.IIC2_WriteByte    iic2.o
    0x080013e8   0x080013e8   0x00000044   Code   RO         3261    i.IIC_Config        iic_drv.o
    0x0800142c   0x0800142c   0x0000002c   Code   RO         3262    i.IIC_Input         iic_drv.o
    0x08001458   0x08001458   0x0000002c   Code   RO         3263    i.IIC_Output        iic_drv.o
    0x08001484   0x08001484   0x00000048   Code   RO         3264    i.IIC_ReadByte      iic_drv.o
    0x080014cc   0x080014cc   0x00000044   Code   RO         3265    i.IIC_SendACK       iic_drv.o
    0x08001510   0x08001510   0x00000044   Code   RO         3266    i.IIC_SendNoACK     iic_drv.o
    0x08001554   0x08001554   0x00000054   Code   RO         3267    i.IIC_Start         iic_drv.o
    0x080015a8   0x080015a8   0x00000054   Code   RO         3268    i.IIC_Stop          iic_drv.o
    0x080015fc   0x080015fc   0x00000064   Code   RO         3269    i.IIC_WaitACK       iic_drv.o
    0x08001660   0x08001660   0x00000064   Code   RO         3270    i.IIC_WriteByte     iic_drv.o
    0x080016c4   0x080016c4   0x000000fc   Code   RO         3666    i.Key_Init          key_drv.o
    0x080017c0   0x080017c0   0x00000074   Code   RO         3523    i.LCD_GPIO_Init     lcd_driver.o
    0x08001834   0x08001834   0x00000174   Code   RO           11    i.LCD_UpdateAllData  main.o
    0x080019a8   0x080019a8   0x00000030   Code   RO         3524    i.LCD_WriteData_16Bit  lcd_driver.o
    0x080019d8   0x080019d8   0x00000032   Code   RO         3525    i.Lcd_Clear         lcd_driver.o
    0x08001a0a   0x08001a0a   0x00000222   Code   RO         3526    i.Lcd_Init          lcd_driver.o
    0x08001c2c   0x08001c2c   0x00000020   Code   RO         3528    i.Lcd_Reset         lcd_driver.o
    0x08001c4c   0x08001c4c   0x00000056   Code   RO         3529    i.Lcd_SetRegion     lcd_driver.o
    0x08001ca2   0x08001ca2   0x00000002   PAD
    0x08001ca4   0x08001ca4   0x00000028   Code   RO         3531    i.Lcd_WriteData     lcd_driver.o
    0x08001ccc   0x08001ccc   0x00000028   Code   RO         3532    i.Lcd_WriteIndex    lcd_driver.o
    0x08001cf4   0x08001cf4   0x00000004   Code   RO          190    i.MemManage_Handler  stm32f10x_it.o
    0x08001cf8   0x08001cf8   0x00000002   Code   RO          191    i.NMI_Handler       stm32f10x_it.o
    0x08001cfa   0x08001cfa   0x00000002   PAD
    0x08001cfc   0x08001cfc   0x00000070   Code   RO          294    i.NVIC_Init         misc.o
    0x08001d6c   0x08001d6c   0x00000014   Code   RO          295    i.NVIC_PriorityGroupConfig  misc.o
    0x08001d80   0x08001d80   0x00000002   Code   RO          192    i.PendSV_Handler    stm32f10x_it.o
    0x08001d82   0x08001d82   0x00000002   PAD
    0x08001d84   0x08001d84   0x00000018   Code   RO         1859    i.RCC_ADCCLKConfig  stm32f10x_rcc.o
    0x08001d9c   0x08001d9c   0x00000020   Code   RO         1861    i.RCC_APB1PeriphClockCmd  stm32f10x_rcc.o
    0x08001dbc   0x08001dbc   0x00000020   Code   RO         1863    i.RCC_APB2PeriphClockCmd  stm32f10x_rcc.o
    0x08001ddc   0x08001ddc   0x000000d4   Code   RO         1871    i.RCC_GetClocksFreq  stm32f10x_rcc.o
    0x08001eb0   0x08001eb0   0x0000000c   Code   RO         3327    i.SGP30_Init        sgp30.o
    0x08001ebc   0x08001ebc   0x00000076   Code   RO         3328    i.SGP30_Read        sgp30.o
    0x08001f32   0x08001f32   0x0000003a   Code   RO         3329    i.SGP30_Write       sgp30.o
    0x08001f6c   0x08001f6c   0x0000003e   Code   RO         3423    i.SHT30_CMD         gxht3x.o
    0x08001faa   0x08001faa   0x00000002   PAD
    0x08001fac   0x08001fac   0x00000134   Code   RO         3424    i.SHT30_Read_Humiture  gxht3x.o
    0x080020e0   0x080020e0   0x0000003c   Code   RO         3534    i.SPI_WriteData     lcd_driver.o
    0x0800211c   0x0800211c   0x00000002   Code   RO          193    i.SVC_Handler       stm32f10x_it.o
    0x0800211e   0x0800211e   0x00000008   Code   RO          260    i.SetSysClock       system_stm32f10x.o
    0x08002126   0x08002126   0x00000002   PAD
    0x08002128   0x08002128   0x000000e0   Code   RO          261    i.SetSysClockTo72   system_stm32f10x.o
    0x08002208   0x08002208   0x0000001e   Code   RO         3330    i.Sgp30_Get_Co2_Value  sgp30.o
    0x08002226   0x08002226   0x00000002   Code   RO          194    i.SysTick_Handler   stm32f10x_it.o
    0x08002228   0x08002228   0x00000060   Code   RO          263    i.SystemInit        system_stm32f10x.o
    0x08002288   0x08002288   0x00000034   Code   RO         3829    i.Systick_Init      systick.o
    0x080022bc   0x080022bc   0x00000018   Code   RO         2483    i.TIM_ARRPreloadConfig  stm32f10x_tim.o
    0x080022d4   0x080022d4   0x00000018   Code   RO         2495    i.TIM_Cmd           stm32f10x_tim.o
    0x080022ec   0x080022ec   0x0000001e   Code   RO         2497    i.TIM_CtrlPWMOutputs  stm32f10x_tim.o
    0x0800230a   0x0800230a   0x00000002   PAD
    0x0800230c   0x0800230c   0x00000098   Code   RO         2524    i.TIM_OC1Init       stm32f10x_tim.o
    0x080023a4   0x080023a4   0x00000012   Code   RO         2527    i.TIM_OC1PreloadConfig  stm32f10x_tim.o
    0x080023b6   0x080023b6   0x00000014   Code   RO         2542    i.TIM_OCStructInit  stm32f10x_tim.o
    0x080023ca   0x080023ca   0x00000004   Code   RO         2556    i.TIM_SetCompare1   stm32f10x_tim.o
    0x080023ce   0x080023ce   0x00000004   Code   RO         2560    i.TIM_SetCounter    stm32f10x_tim.o
    0x080023d2   0x080023d2   0x00000002   PAD
    0x080023d4   0x080023d4   0x000000a4   Code   RO         2566    i.TIM_TimeBaseInit  stm32f10x_tim.o
    0x08002478   0x08002478   0x0000007c   Code   RO         3862    i.UART4_IRQHandler  usart_drv.o
    0x080024f4   0x080024f4   0x000000b0   Code   RO         3863    i.UART4_MyConfig    usart_drv.o
    0x080025a4   0x080025a4   0x00000034   Code   RO         3864    i.USART1_IRQHandler  usart_drv.o
    0x080025d8   0x080025d8   0x00000080   Code   RO         3865    i.USART1_Init       usart_drv.o
    0x08002658   0x08002658   0x00000012   Code   RO         3027    i.USART_ClearFlag   stm32f10x_usart.o
    0x0800266a   0x0800266a   0x0000001e   Code   RO         3028    i.USART_ClearITPendingBit  stm32f10x_usart.o
    0x08002688   0x08002688   0x00000018   Code   RO         3031    i.USART_Cmd         stm32f10x_usart.o
    0x080026a0   0x080026a0   0x0000001a   Code   RO         3034    i.USART_GetFlagStatus  stm32f10x_usart.o
    0x080026ba   0x080026ba   0x00000054   Code   RO         3035    i.USART_GetITStatus  stm32f10x_usart.o
    0x0800270e   0x0800270e   0x0000004a   Code   RO         3037    i.USART_ITConfig    stm32f10x_usart.o
    0x08002758   0x08002758   0x000000d8   Code   RO         3038    i.USART_Init        stm32f10x_usart.o
    0x08002830   0x08002830   0x0000000a   Code   RO         3045    i.USART_ReceiveData  stm32f10x_usart.o
    0x0800283a   0x0800283a   0x00000008   Code   RO         3048    i.USART_SendData    stm32f10x_usart.o
    0x08002842   0x08002842   0x00000004   Code   RO          195    i.UsageFault_Handler  stm32f10x_it.o
    0x08002846   0x08002846   0x00000002   PAD
    0x08002848   0x08002848   0x0000018c   Code   RO         3718    i.WiFi_ConnectServer  esp8266.o
    0x080029d4   0x080029d4   0x00000090   Code   RO         3724    i.WiFi_Reset        esp8266.o
    0x08002a64   0x08002a64   0x00000038   Code   RO         3725    i.WiFi_ResetIO_Init  esp8266.o
    0x08002a9c   0x08002a9c   0x00000074   Code   RO         3727    i.WiFi_SendCmd      esp8266.o
    0x08002b10   0x08002b10   0x000001a4   Code   RO         3731    i.WiFi_ack          esp8266.o
    0x08002cb4   0x08002cb4   0x00000020   Code   RO         4168    i.__0printf         mc_w.l(printfa.o)
    0x08002cd4   0x08002cd4   0x00000034   Code   RO         4169    i.__0snprintf       mc_w.l(printfa.o)
    0x08002d08   0x08002d08   0x00000028   Code   RO         4170    i.__0sprintf        mc_w.l(printfa.o)
    0x08002d30   0x08002d30   0x00000024   Code   RO         4174    i.__0vsprintf       mc_w.l(printfa.o)
    0x08002d54   0x08002d54   0x00000008   Code   RO         4241    i.__aeabi_errno_addr  mc_w.l(errno.o)
    0x08002d5c   0x08002d5c   0x0000000e   Code   RO         4304    i.__scatterload_copy  mc_w.l(handlers.o)
    0x08002d6a   0x08002d6a   0x00000002   Code   RO         4305    i.__scatterload_null  mc_w.l(handlers.o)
    0x08002d6c   0x08002d6c   0x0000000e   Code   RO         4306    i.__scatterload_zeroinit  mc_w.l(handlers.o)
    0x08002d7a   0x08002d7a   0x00000002   PAD
    0x08002d7c   0x08002d7c   0x00000184   Code   RO         4175    i._fp_digits        mc_w.l(printfa.o)
    0x08002f00   0x08002f00   0x000006b4   Code   RO         4176    i._printf_core      mc_w.l(printfa.o)
    0x080035b4   0x080035b4   0x00000024   Code   RO         4177    i._printf_post_padding  mc_w.l(printfa.o)
    0x080035d8   0x080035d8   0x0000002e   Code   RO         4178    i._printf_pre_padding  mc_w.l(printfa.o)
    0x08003606   0x08003606   0x00000016   Code   RO         4179    i._snputc           mc_w.l(printfa.o)
    0x0800361c   0x0800361c   0x0000000a   Code   RO         4180    i._sputc            mc_w.l(printfa.o)
    0x08003626   0x08003626   0x00000002   PAD
    0x08003628   0x08003628   0x00000034   Code   RO         3645    i.cool_init         cool.o
    0x0800365c   0x0800365c   0x00000020   Code   RO         3646    i.coolflag          cool.o
    0x0800367c   0x0800367c   0x0000003a   Code   RO         3425    i.crc_gxht          gxht3x.o
    0x080036b6   0x080036b6   0x00000002   PAD
    0x080036b8   0x080036b8   0x0000004c   Code   RO         3830    i.delay_ms          systick.o
    0x08003704   0x08003704   0x0000004c   Code   RO         3832    i.delay_us          systick.o
    0x08003750   0x08003750   0x00000034   Code   RO         3628    i.feng_ming         feng.o
    0x08003784   0x08003784   0x00000024   Code   RO         3866    i.fputc             usart_drv.o
    0x080037a8   0x080037a8   0x000001e0   Code   RO           12    i.main              main.o
    0x08003988   0x08003988   0x000000a0   Code   RO         3706    i.pwn_init          pwn.o
    0x08003a28   0x08003a28   0x00000068   Code   RO         3867    i.u4_printf         usart_drv.o
    0x08003a90   0x08003a90   0x000003b8   Code   RO         3732    i.wifi_init         esp8266.o
    0x08003e48   0x08003e48   0x000019d8   Data   RO         3457    .constdata          gui.o
    0x08005820   0x08005820   0x00000081   Data   RO         4266    .constdata          mc_w.l(ctype_o.o)
    0x080058a1   0x080058a1   0x00000003   PAD
    0x080058a4   0x080058a4   0x00000004   Data   RO         4267    .constdata          mc_w.l(ctype_o.o)
    0x080058a8   0x080058a8   0x00000013   Data   RO           14    .conststring        main.o
    0x080058bb   0x080058bb   0x00000001   PAD
    0x080058bc   0x080058bc   0x0000028c   Data   RO         3733    .conststring        esp8266.o
    0x08005b48   0x08005b48   0x00000020   Data   RO         4302    Region$$Table       anon$$obj.o


    Execution Region RW_IRAM1 (Exec base: 0x20000000, Load base: 0x08005b68, Size: 0x00000c48, Max: 0x0000c000, ABSOLUTE)

    Exec Addr    Load Addr    Size         Type   Attr      Idx    E Section Name        Object

    0x20000000   0x08005b68   0x00000014   Data   RW           15    .data               main.o
    0x20000014   0x08005b7c   0x00000014   Data   RW         1891    .data               stm32f10x_rcc.o
    0x20000028   0x08005b90   0x00000002   Data   RW         3668    .data               key_drv.o
    0x2000002a   0x08005b92   0x00000002   Data   RW         3734    .data               esp8266.o
    0x2000002c   0x08005b94   0x00000008   Data   RW         3833    .data               systick.o
    0x20000034   0x08005b9c   0x00000008   Data   RW         3869    .data               usart_drv.o
    0x2000003c   0x08005ba4   0x00000004   Data   RW         4230    .data               mc_w.l(stdout.o)
    0x20000040   0x08005ba8   0x00000004   Data   RW         4244    .data               mc_w.l(errno.o)
    0x20000044   0x08005bac   0x00000004   PAD
    0x20000048        -       0x00000800   Zero   RW         3868    .bss                usart_drv.o
    0x20000848        -       0x00000400   Zero   RW            1    STACK               startup_stm32f10x_hd.o


==============================================================================

Image component sizes


      Code (inc. data)   RO Data    RW Data    ZI Data      Debug   Object Name

       220         16          0          0          0       1110   adc_drv.o
        84         12          0          0          0        903   cool.o
      2084       1176        652          2          0       4093   esp8266.o
        52          4          0          0          0        448   feng.o
       404         10       6616          0          0       2152   gui.o
       428         22          0          0          0       2197   gxht3x.o
       796         46          0          0          0       4818   iic2.o
       732         48          0          0          0       4860   iic_drv.o
       484         82          0          2          0       2729   key_drv.o
      1050         48          0          0          0       5454   lcd_driver.o
       964        210         19         20          0     267316   main.o
       132         22          0          0          0       1559   misc.o
       160         10          0          0          0        683   pwn.o
       218          0          0          0          0       2282   sgp30.o
        36          8        304          0       1024        896   startup_stm32f10x_hd.o
       400         10          0          0          0       8605   stm32f10x_adc.o
       200         18          0          0          0       2136   stm32f10x_exti.o
       378          4          0          0          0       4882   stm32f10x_gpio.o
        26          0          0          0          0       3494   stm32f10x_it.o
       300         38          0         20          0       4981   stm32f10x_rcc.o
       440         62          0          0          0       5796   stm32f10x_tim.o
       490          6          0          0          0       7401   stm32f10x_usart.o
       328         28          0          0          0       2089   system_stm32f10x.o
       204         16          0          8          0       1571   systick.o
       620         58          0          8       2048       5784   usart_drv.o

    ----------------------------------------------------------------------
     11252       1954       7624         60       3072     348239   Object Totals
         0          0         32          0          0          0   (incl. Generated)
        22          0          1          0          0          0   (incl. Padding)

    ----------------------------------------------------------------------

      Code (inc. data)   RO Data    RW Data    ZI Data      Debug   Library Member Name

        28          0          0          0          0         68   _chval.o
       158          0          0          0          0         92   _strtoul.o
        26          0          0          0          0         80   atoi.o
         8          4        133          0          0         68   ctype_o.o
         0          0          0          0          0          0   entry.o
         0          0          0          0          0          0   entry10a.o
         0          0          0          0          0          0   entry11a.o
         4          0          0          0          0          0   entry12b.o
         8          4          0          0          0          0   entry2.o
         4          0          0          0          0          0   entry5.o
         0          0          0          0          0          0   entry7b.o
         0          0          0          0          0          0   entry8b.o
         8          4          0          0          0          0   entry9a.o
         8          4          0          4          0         68   errno.o
        30          0          0          0          0          0   handlers.o
        36          8          0          0          0         68   init.o
         0          0          0          0          0          0   iusefp.o
        30          0          0          0          0         68   llshl.o
        36          0          0          0          0         68   llsshr.o
        32          0          0          0          0         68   llushr.o
        36          0          0          0          0         68   memcpya.o
        36          0          0          0          0        108   memseta.o
      2378        106          0          0          0        852   printfa.o
         0          0          0          4          0          0   stdout.o
        14          0          0          0          0         68   strlen.o
        36          0          0          0          0         80   strstr.o
       112          0          0          0          0         88   strtol.o
        44          0          0          0          0         80   uidiv.o
        98          0          0          0          0         92   uldiv.o
        48          0          0          0          0         68   cdrcmple.o
       334          0          0          0          0        148   dadd.o
       222          0          0          0          0        100   ddiv.o
       186          0          0          0          0        176   depilogue.o
        62          0          0          0          0         80   dfixi.o
        50          0          0          0          0         76   dfixui.o
        48          0          0          0          0         68   dfixul.o
        34          0          0          0          0         76   dflti.o
       228          0          0          0          0         96   dmul.o

    ----------------------------------------------------------------------
      4388        130        136          8          4       2972   Library Totals
         6          0          3          0          4          0   (incl. Padding)

    ----------------------------------------------------------------------

      Code (inc. data)   RO Data    RW Data    ZI Data      Debug   Library Name

      3170        130        133          8          0       2084   mc_w.l
      1212          0          0          0          0        888   mf_w.l

    ----------------------------------------------------------------------
      4388        130        136          8          4       2972   Library Totals

    ----------------------------------------------------------------------

==============================================================================


      Code (inc. data)   RO Data    RW Data    ZI Data      Debug   

     15640       2084       7760         68       3076     343563   Grand Totals
     15640       2084       7760         68       3076     343563   ELF Image Totals
     15640       2084       7760         68          0          0   ROM Totals

==============================================================================

    Total RO  Size (Code + RO Data)                23400 (  22.85kB)
    Total RW  Size (RW Data + ZI Data)              3144 (   3.07kB)
    Total ROM Size (Code + RO Data + RW Data)      23468 (  22.92kB)

==============================================================================

