Component: ARM Compiler 5.06 update 7 (build 960) Tool: armlink [4d3601]

==============================================================================

Section Cross References

    stm32f10x_adc.o(i.ADC_DeInit) refers to stm32f10x_rcc.o(i.RCC_APB2PeriphResetCmd) for RCC_APB2PeriphResetCmd
    stm32f10x_bkp.o(i.BKP_DeInit) refers to stm32f10x_rcc.o(i.RCC_BackupResetCmd) for RCC_BackupResetCmd
    stm32f10x_can.o(i.CAN_DeInit) refers to stm32f10x_rcc.o(i.RCC_APB1PeriphResetCmd) for RCC_APB1PeriphResetCmd
    stm32f10x_can.o(i.CAN_GetITStatus) refers to stm32f10x_can.o(i.CheckITStatus) for CheckITStatus
    stm32f10x_cec.o(i.CEC_DeInit) refers to stm32f10x_rcc.o(i.RCC_APB1PeriphResetCmd) for RCC_APB1PeriphResetCmd
    stm32f10x_dac.o(i.DAC_DeInit) refers to stm32f10x_rcc.o(i.RCC_APB1PeriphResetCmd) for RCC_APB1PeriphResetCmd
    stm32f10x_flash.o(i.FLASH_EnableWriteProtection) refers to stm32f10x_flash.o(i.FLASH_WaitForLastOperation) for FLASH_WaitForLastOperation
    stm32f10x_flash.o(i.FLASH_EraseAllBank1Pages) refers to stm32f10x_flash.o(i.FLASH_WaitForLastBank1Operation) for FLASH_WaitForLastBank1Operation
    stm32f10x_flash.o(i.FLASH_EraseAllPages) refers to stm32f10x_flash.o(i.FLASH_WaitForLastOperation) for FLASH_WaitForLastOperation
    stm32f10x_flash.o(i.FLASH_EraseOptionBytes) refers to stm32f10x_flash.o(i.FLASH_GetReadOutProtectionStatus) for FLASH_GetReadOutProtectionStatus
    stm32f10x_flash.o(i.FLASH_EraseOptionBytes) refers to stm32f10x_flash.o(i.FLASH_WaitForLastOperation) for FLASH_WaitForLastOperation
    stm32f10x_flash.o(i.FLASH_ErasePage) refers to stm32f10x_flash.o(i.FLASH_WaitForLastOperation) for FLASH_WaitForLastOperation
    stm32f10x_flash.o(i.FLASH_ProgramHalfWord) refers to stm32f10x_flash.o(i.FLASH_WaitForLastOperation) for FLASH_WaitForLastOperation
    stm32f10x_flash.o(i.FLASH_ProgramOptionByteData) refers to stm32f10x_flash.o(i.FLASH_WaitForLastOperation) for FLASH_WaitForLastOperation
    stm32f10x_flash.o(i.FLASH_ProgramWord) refers to stm32f10x_flash.o(i.FLASH_WaitForLastOperation) for FLASH_WaitForLastOperation
    stm32f10x_flash.o(i.FLASH_ReadOutProtection) refers to stm32f10x_flash.o(i.FLASH_WaitForLastOperation) for FLASH_WaitForLastOperation
    stm32f10x_flash.o(i.FLASH_UserOptionByteConfig) refers to stm32f10x_flash.o(i.FLASH_WaitForLastOperation) for FLASH_WaitForLastOperation
    stm32f10x_flash.o(i.FLASH_WaitForLastBank1Operation) refers to stm32f10x_flash.o(i.FLASH_GetBank1Status) for FLASH_GetBank1Status
    stm32f10x_flash.o(i.FLASH_WaitForLastOperation) refers to stm32f10x_flash.o(i.FLASH_GetBank1Status) for FLASH_GetBank1Status
    stm32f10x_gpio.o(i.GPIO_AFIODeInit) refers to stm32f10x_rcc.o(i.RCC_APB2PeriphResetCmd) for RCC_APB2PeriphResetCmd
    stm32f10x_gpio.o(i.GPIO_DeInit) refers to stm32f10x_rcc.o(i.RCC_APB2PeriphResetCmd) for RCC_APB2PeriphResetCmd
    stm32f10x_i2c.o(i.I2C_DeInit) refers to stm32f10x_rcc.o(i.RCC_APB1PeriphResetCmd) for RCC_APB1PeriphResetCmd
    stm32f10x_i2c.o(i.I2C_Init) refers to stm32f10x_rcc.o(i.RCC_GetClocksFreq) for RCC_GetClocksFreq
    stm32f10x_pwr.o(i.PWR_DeInit) refers to stm32f10x_rcc.o(i.RCC_APB1PeriphResetCmd) for RCC_APB1PeriphResetCmd
    stm32f10x_rcc.o(i.RCC_GetClocksFreq) refers to stm32f10x_rcc.o(.data) for APBAHBPrescTable
    stm32f10x_rcc.o(i.RCC_WaitForHSEStartUp) refers to stm32f10x_rcc.o(i.RCC_GetFlagStatus) for RCC_GetFlagStatus
    stm32f10x_rtc.o(i.RTC_SetAlarm) refers to stm32f10x_rtc.o(i.RTC_EnterConfigMode) for RTC_EnterConfigMode
    stm32f10x_rtc.o(i.RTC_SetAlarm) refers to stm32f10x_rtc.o(i.RTC_ExitConfigMode) for RTC_ExitConfigMode
    stm32f10x_rtc.o(i.RTC_SetCounter) refers to stm32f10x_rtc.o(i.RTC_EnterConfigMode) for RTC_EnterConfigMode
    stm32f10x_rtc.o(i.RTC_SetCounter) refers to stm32f10x_rtc.o(i.RTC_ExitConfigMode) for RTC_ExitConfigMode
    stm32f10x_rtc.o(i.RTC_SetPrescaler) refers to stm32f10x_rtc.o(i.RTC_EnterConfigMode) for RTC_EnterConfigMode
    stm32f10x_rtc.o(i.RTC_SetPrescaler) refers to stm32f10x_rtc.o(i.RTC_ExitConfigMode) for RTC_ExitConfigMode
    stm32f10x_spi.o(i.I2S_Init) refers to stm32f10x_rcc.o(i.RCC_GetClocksFreq) for RCC_GetClocksFreq
    stm32f10x_spi.o(i.SPI_I2S_DeInit) refers to stm32f10x_rcc.o(i.RCC_APB2PeriphResetCmd) for RCC_APB2PeriphResetCmd
    stm32f10x_spi.o(i.SPI_I2S_DeInit) refers to stm32f10x_rcc.o(i.RCC_APB1PeriphResetCmd) for RCC_APB1PeriphResetCmd
    stm32f10x_tim.o(i.TIM_DeInit) refers to stm32f10x_rcc.o(i.RCC_APB2PeriphResetCmd) for RCC_APB2PeriphResetCmd
    stm32f10x_tim.o(i.TIM_DeInit) refers to stm32f10x_rcc.o(i.RCC_APB1PeriphResetCmd) for RCC_APB1PeriphResetCmd
    stm32f10x_tim.o(i.TIM_ETRClockMode1Config) refers to stm32f10x_tim.o(i.TIM_ETRConfig) for TIM_ETRConfig
    stm32f10x_tim.o(i.TIM_ETRClockMode2Config) refers to stm32f10x_tim.o(i.TIM_ETRConfig) for TIM_ETRConfig
    stm32f10x_tim.o(i.TIM_ICInit) refers to stm32f10x_tim.o(i.TI1_Config) for TI1_Config
[...]
    Removing stm32f10x_fsmc.o(i.FSMC_GetECC), (28 bytes).
    Removing stm32f10x_fsmc.o(i.FSMC_GetFlagStatus), (56 bytes).
    Removing stm32f10x_fsmc.o(i.FSMC_GetITStatus), (68 bytes).
    Removing stm32f10x_fsmc.o(i.FSMC_ITConfig), (128 bytes).
    Removing stm32f10x_fsmc.o(i.FSMC_NANDCmd), (92 bytes).
    Removing stm32f10x_fsmc.o(i.FSMC_NANDDeInit), (68 bytes).
    Removing stm32f10x_fsmc.o(i.FSMC_NANDECCCmd), (92 bytes).
    Removing stm32f10x_fsmc.o(i.FSMC_NANDInit), (136 bytes).
    Removing stm32f10x_fsmc.o(i.FSMC_NANDStructInit), (54 bytes).
    Removing stm32f10x_fsmc.o(i.FSMC_NORSRAMCmd), (52 bytes).
    Removing stm32f10x_fsmc.o(i.FSMC_NORSRAMDeInit), (54 bytes).
    Removing stm32f10x_fsmc.o(i.FSMC_NORSRAMInit), (230 bytes).
    Removing stm32f10x_fsmc.o(i.FSMC_NORSRAMStructInit), (114 bytes).
    Removing stm32f10x_fsmc.o(i.FSMC_PCCARDCmd), (48 bytes).
    Removing stm32f10x_fsmc.o(i.FSMC_PCCARDDeInit), (40 bytes).
    Removing stm32f10x_fsmc.o(i.FSMC_PCCARDInit), (132 bytes).
    Removing stm32f10x_fsmc.o(i.FSMC_PCCARDStructInit), (60 bytes).
    Removing stm32f10x_gpio.o(i.GPIO_AFIODeInit), (20 bytes).
    Removing stm32f10x_gpio.o(i.GPIO_DeInit), (200 bytes).
    Removing stm32f10x_gpio.o(i.GPIO_ETH_MediaInterfaceConfig), (12 bytes).
    Removing stm32f10x_gpio.o(i.GPIO_EXTILineConfig), (64 bytes).
    Removing stm32f10x_gpio.o(i.GPIO_EventOutputCmd), (12 bytes).
    Removing stm32f10x_gpio.o(i.GPIO_EventOutputConfig), (32 bytes).
    Removing stm32f10x_gpio.o(i.GPIO_PinLockConfig), (18 bytes).
    Removing stm32f10x_gpio.o(i.GPIO_PinRemapConfig), (144 bytes).
    Removing stm32f10x_gpio.o(i.GPIO_ReadInputData), (8 bytes).
    Removing stm32f10x_gpio.o(i.GPIO_ReadInputDataBit), (18 bytes).
    Removing stm32f10x_gpio.o(i.GPIO_ReadOutputData), (8 bytes).
    Removing stm32f10x_gpio.o(i.GPIO_ReadOutputDataBit), (18 bytes).
    Removing stm32f10x_gpio.o(i.GPIO_StructInit), (16 bytes).
    Removing stm32f10x_gpio.o(i.GPIO_Write), (4 bytes).
    Removing stm32f10x_gpio.o(i.GPIO_WriteBit), (10 bytes).
    Removing stm32f10x_i2c.o(i.I2C_ARPCmd), (24 bytes).
    Removing stm32f10x_i2c.o(i.I2C_AcknowledgeConfig), (24 bytes).
    Removing stm32f10x_i2c.o(i.I2C_CalculatePEC), (24 bytes).
    Removing stm32f10x_i2c.o(i.I2C_CheckEvent), (42 bytes).
    Removing stm32f10x_i2c.o(i.I2C_ClearFlag), (12 bytes).
    Removing stm32f10x_i2c.o(i.I2C_ClearITPendingBit), (12 bytes).
    Removing stm32f10x_i2c.o(i.I2C_Cmd), (24 bytes).
    Removing stm32f10x_i2c.o(i.I2C_DMACmd), (24 bytes).
    Removing stm32f10x_i2c.o(i.I2C_DMALastTransferCmd), (24 bytes).
    Removing stm32f10x_i2c.o(i.I2C_DeInit), (56 bytes).
    Removing stm32f10x_i2c.o(i.I2C_DualAddressCmd), (24 bytes).
    Removing stm32f10x_i2c.o(i.I2C_FastModeDutyCycleConfig), (28 bytes).
    Removing stm32f10x_i2c.o(i.I2C_GeneralCallCmd), (24 bytes).
    Removing stm32f10x_i2c.o(i.I2C_GenerateSTART), (24 bytes).
    Removing stm32f10x_i2c.o(i.I2C_GenerateSTOP), (24 bytes).
    Removing stm32f10x_i2c.o(i.I2C_GetFlagStatus), (58 bytes).
    Removing stm32f10x_i2c.o(i.I2C_GetITStatus), (38 bytes).
    Removing stm32f10x_i2c.o(i.I2C_GetLastEvent), (26 bytes).
    Removing stm32f10x_i2c.o(i.I2C_GetPEC), (8 bytes).
    Removing stm32f10x_i2c.o(i.I2C_ITConfig), (18 bytes).
    Removing stm32f10x_i2c.o(i.I2C_Init), (236 bytes).
    Removing stm32f10x_i2c.o(i.I2C_NACKPositionConfig), (28 bytes).
    Removing stm32f10x_i2c.o(i.I2C_OwnAddress2Config), (22 bytes).
    Removing stm32f10x_i2c.o(i.I2C_PECPositionConfig), (28 bytes).
    Removing stm32f10x_i2c.o(i.I2C_ReadRegister), (22 bytes).
    Removing stm32f10x_i2c.o(i.I2C_ReceiveData), (8 bytes).
    Removing stm32f10x_i2c.o(i.I2C_SMBusAlertConfig), (28 bytes).
    Removing stm32f10x_i2c.o(i.I2C_Send7bitAddress), (18 bytes).
    Removing stm32f10x_i2c.o(i.I2C_SendData), (4 bytes).
    Removing stm32f10x_i2c.o(i.I2C_SoftwareResetCmd), (22 bytes).
    Removing stm32f10x_i2c.o(i.I2C_StretchClockCmd), (24 bytes).
    Removing stm32f10x_i2c.o(i.I2C_StructInit), (30 bytes).
    Removing stm32f10x_i2c.o(i.I2C_TransmitPEC), (24 bytes).
    Removing stm32f10x_iwdg.o(i.IWDG_Enable), (16 bytes).
    Removing stm32f10x_iwdg.o(i.IWDG_GetFlagStatus), (24 bytes).
    Removing stm32f10x_iwdg.o(i.IWDG_ReloadCounter), (16 bytes).
    Removing stm32f10x_iwdg.o(i.IWDG_SetPrescaler), (12 bytes).
    Removing stm32f10x_iwdg.o(i.IWDG_SetReload), (12 bytes).
    Removing stm32f10x_iwdg.o(i.IWDG_WriteAccessCmd), (12 bytes).
    Removing stm32f10x_pwr.o(i.PWR_BackupAccessCmd), (12 bytes).
    Removing stm32f10x_pwr.o(i.PWR_ClearFlag), (20 bytes).
    Removing stm32f10x_pwr.o(i.PWR_DeInit), (22 bytes).
    Removing stm32f10x_pwr.o(i.PWR_EnterSTANDBYMode), (52 bytes).
    Removing stm32f10x_pwr.o(i.PWR_EnterSTOPMode), (64 bytes).
    Removing stm32f10x_pwr.o(i.PWR_GetFlagStatus), (24 bytes).
    Removing stm32f10x_pwr.o(i.PWR_PVDCmd), (12 bytes).
    Removing stm32f10x_pwr.o(i.PWR_PVDLevelConfig), (24 bytes).
    Removing stm32f10x_pwr.o(i.PWR_WakeUpPinCmd), (12 bytes).
    Removing stm32f10x_rcc.o(i.RCC_ADCCLKConfig), (24 bytes).
    Removing stm32f10x_rcc.o(i.RCC_AHBPeriphClockCmd), (32 bytes).
    Removing stm32f10x_rcc.o(i.RCC_APB1PeriphClockCmd), (32 bytes).
    Removing stm32f10x_rcc.o(i.RCC_APB1PeriphResetCmd), (32 bytes).
    Removing stm32f10x_rcc.o(i.RCC_APB2PeriphResetCmd), (32 bytes).
    Removing stm32f10x_rcc.o(i.RCC_AdjustHSICalibrationValue), (24 bytes).
    Removing stm32f10x_rcc.o(i.RCC_BackupResetCmd), (12 bytes).
    Removing stm32f10x_rcc.o(i.RCC_ClearFlag), (20 bytes).
    Removing stm32f10x_rcc.o(i.RCC_ClearITPendingBit), (12 bytes).
    Removing stm32f10x_rcc.o(i.RCC_ClockSecuritySystemCmd), (12 bytes).
    Removing stm32f10x_rcc.o(i.RCC_DeInit), (76 bytes).
    Removing stm32f10x_rcc.o(i.RCC_GetFlagStatus), (60 bytes).
    Removing stm32f10x_rcc.o(i.RCC_GetITStatus), (24 bytes).
    Removing stm32f10x_rcc.o(i.RCC_GetSYSCLKSource), (16 bytes).
    Removing stm32f10x_rcc.o(i.RCC_HCLKConfig), (24 bytes).
    Removing stm32f10x_rcc.o(i.RCC_HSEConfig), (76 bytes).
    Removing stm32f10x_rcc.o(i.RCC_HSICmd), (12 bytes).
    Removing stm32f10x_rcc.o(i.RCC_ITConfig), (32 bytes).
    Removing stm32f10x_rcc.o(i.RCC_LSEConfig), (52 bytes).
    Removing stm32f10x_rcc.o(i.RCC_LSICmd), (12 bytes).
    Removing stm32f10x_rcc.o(i.RCC_MCOConfig), (12 bytes).
    Removing stm32f10x_rcc.o(i.RCC_PCLK1Config), (24 bytes).
    Removing stm32f10x_rcc.o(i.RCC_PCLK2Config), (24 bytes).
    Removing stm32f10x_rcc.o(i.RCC_PLLCmd), (12 bytes).
    Removing stm32f10x_rcc.o(i.RCC_PLLConfig), (28 bytes).
    Removing stm32f10x_rcc.o(i.RCC_RTCCLKCmd), (12 bytes).
    Removing stm32f10x_rcc.o(i.RCC_RTCCLKConfig), (16 bytes).
    Removing stm32f10x_rcc.o(i.RCC_SYSCLKConfig), (24 bytes).
    Removing stm32f10x_rcc.o(i.RCC_USBCLKConfig), (12 bytes).
    Removing stm32f10x_rcc.o(i.RCC_WaitForHSEStartUp), (56 bytes).
    Removing stm32f10x_rtc.o(i.RTC_ClearFlag), (16 bytes).
    Removing stm32f10x_rtc.o(i.RTC_ClearITPendingBit), (16 bytes).
    Removing stm32f10x_rtc.o(i.RTC_EnterConfigMode), (20 bytes).
    Removing stm32f10x_rtc.o(i.RTC_ExitConfigMode), (20 bytes).
    Removing stm32f10x_rtc.o(i.RTC_GetCounter), (20 bytes).
    Removing stm32f10x_rtc.o(i.RTC_GetDivider), (24 bytes).
    Removing stm32f10x_rtc.o(i.RTC_GetFlagStatus), (24 bytes).
    Removing stm32f10x_rtc.o(i.RTC_GetITStatus), (36 bytes).
    Removing stm32f10x_rtc.o(i.RTC_ITConfig), (32 bytes).
    Removing stm32f10x_rtc.o(i.RTC_SetAlarm), (28 bytes).
    Removing stm32f10x_rtc.o(i.RTC_SetCounter), (28 bytes).
    Removing stm32f10x_rtc.o(i.RTC_SetPrescaler), (32 bytes).
    Removing stm32f10x_rtc.o(i.RTC_WaitForLastTask), (20 bytes).
    Removing stm32f10x_rtc.o(i.RTC_WaitForSynchro), (36 bytes).
    Removing stm32f10x_sdio.o(i.SDIO_CEATAITCmd), (16 bytes).
    Removing stm32f10x_sdio.o(i.SDIO_ClearFlag), (12 bytes).
    Removing stm32f10x_sdio.o(i.SDIO_ClearITPendingBit), (12 bytes).
    Removing stm32f10x_sdio.o(i.SDIO_ClockCmd), (12 bytes).
    Removing stm32f10x_sdio.o(i.SDIO_CmdStructInit), (14 bytes).
    Removing stm32f10x_sdio.o(i.SDIO_CommandCompletionCmd), (12 bytes).
    Removing stm32f10x_sdio.o(i.SDIO_DMACmd), (12 bytes).
    Removing stm32f10x_sdio.o(i.SDIO_DataConfig), (48 bytes).
    Removing stm32f10x_sdio.o(i.SDIO_DataStructInit), (20 bytes).
    Removing stm32f10x_sdio.o(i.SDIO_DeInit), (36 bytes).
    Removing stm32f10x_sdio.o(i.SDIO_GetCommandResponse), (12 bytes).
    Removing stm32f10x_sdio.o(i.SDIO_GetDataCounter), (12 bytes).
    Removing stm32f10x_sdio.o(i.SDIO_GetFIFOCount), (12 bytes).
    Removing stm32f10x_sdio.o(i.SDIO_GetFlagStatus), (24 bytes).
    Removing stm32f10x_sdio.o(i.SDIO_GetITStatus), (24 bytes).
    Removing stm32f10x_sdio.o(i.SDIO_GetPowerState), (16 bytes).
    Removing stm32f10x_sdio.o(i.SDIO_GetResponse), (24 bytes).
    Removing stm32f10x_sdio.o(i.SDIO_ITConfig), (32 bytes).
    Removing stm32f10x_sdio.o(i.SDIO_Init), (48 bytes).
    Removing stm32f10x_sdio.o(i.SDIO_ReadData), (12 bytes).
    Removing stm32f10x_sdio.o(i.SDIO_SendCEATACmd), (12 bytes).
    Removing stm32f10x_sdio.o(i.SDIO_SendCommand), (44 bytes).
    Removing stm32f10x_sdio.o(i.SDIO_SendSDIOSuspendCmd), (12 bytes).
    Removing stm32f10x_sdio.o(i.SDIO_SetPowerState), (28 bytes).
    Removing stm32f10x_sdio.o(i.SDIO_SetSDIOOperation), (12 bytes).
    Removing stm32f10x_sdio.o(i.SDIO_SetSDIOReadWaitMode), (12 bytes).
    Removing stm32f10x_sdio.o(i.SDIO_StartSDIOReadWait), (12 bytes).
    Removing stm32f10x_sdio.o(i.SDIO_StopSDIOReadWait), (12 bytes).
    Removing stm32f10x_sdio.o(i.SDIO_StructInit), (16 bytes).
    Removing stm32f10x_sdio.o(i.SDIO_WriteData), (12 bytes).
    Removing stm32f10x_spi.o(i.I2S_Cmd), (24 bytes).
    Removing stm32f10x_spi.o(i.I2S_Init), (232 bytes).
    Removing stm32f10x_spi.o(i.I2S_StructInit), (20 bytes).
    Removing stm32f10x_spi.o(i.SPI_BiDirectionalLineConfig), (28 bytes).
    Removing stm32f10x_spi.o(i.SPI_CalculateCRC), (24 bytes).
    Removing stm32f10x_spi.o(i.SPI_DataSizeConfig), (18 bytes).
    Removing stm32f10x_spi.o(i.SPI_GetCRC), (16 bytes).
    Removing stm32f10x_spi.o(i.SPI_GetCRCPolynomial), (6 bytes).
    Removing stm32f10x_spi.o(i.SPI_I2S_ClearFlag), (6 bytes).
    Removing stm32f10x_spi.o(i.SPI_I2S_ClearITPendingBit), (20 bytes).
    Removing stm32f10x_spi.o(i.SPI_I2S_DMACmd), (18 bytes).
    Removing stm32f10x_spi.o(i.SPI_I2S_DeInit), (88 bytes).
    Removing stm32f10x_spi.o(i.SPI_I2S_GetITStatus), (52 bytes).
    Removing stm32f10x_spi.o(i.SPI_I2S_ITConfig), (32 bytes).
    Removing stm32f10x_spi.o(i.SPI_NSSInternalSoftwareConfig), (30 bytes).
    Removing stm32f10x_spi.o(i.SPI_SSOutputCmd), (24 bytes).
    Removing stm32f10x_spi.o(i.SPI_StructInit), (24 bytes).
    Removing stm32f10x_spi.o(i.SPI_TransmitCRC), (10 bytes).
    Removing stm32f10x_tim.o(i.TI1_Config), (128 bytes).
    Removing stm32f10x_tim.o(i.TI2_Config), (152 bytes).
    Removing stm32f10x_tim.o(i.TI3_Config), (144 bytes).
    Removing stm32f10x_tim.o(i.TI4_Config), (152 bytes).
    Removing stm32f10x_tim.o(i.TIM_ARRPreloadConfig), (24 bytes).
    Removing stm32f10x_tim.o(i.TIM_BDTRConfig), (32 bytes).
    Removing stm32f10x_tim.o(i.TIM_BDTRStructInit), (18 bytes).
    Removing stm32f10x_tim.o(i.TIM_CCPreloadControl), (24 bytes).
    Removing stm32f10x_tim.o(i.TIM_CCxCmd), (30 bytes).
    Removing stm32f10x_tim.o(i.TIM_CCxNCmd), (30 bytes).
    Removing stm32f10x_tim.o(i.TIM_ClearFlag), (6 bytes).
    Removing stm32f10x_tim.o(i.TIM_ClearITPendingBit), (6 bytes).
    Removing stm32f10x_tim.o(i.TIM_ClearOC1Ref), (18 bytes).
    Removing stm32f10x_tim.o(i.TIM_ClearOC2Ref), (24 bytes).
    Removing stm32f10x_tim.o(i.TIM_ClearOC3Ref), (18 bytes).
    Removing stm32f10x_tim.o(i.TIM_ClearOC4Ref), (24 bytes).
    Removing stm32f10x_tim.o(i.TIM_Cmd), (24 bytes).
    Removing stm32f10x_tim.o(i.TIM_CounterModeConfig), (18 bytes).
    Removing stm32f10x_tim.o(i.TIM_CtrlPWMOutputs), (30 bytes).
    Removing stm32f10x_tim.o(i.TIM_DMACmd), (18 bytes).
    Removing stm32f10x_tim.o(i.TIM_DMAConfig), (10 bytes).
    Removing stm32f10x_tim.o(i.TIM_DeInit), (488 bytes).
    Removing stm32f10x_tim.o(i.TIM_ETRClockMode1Config), (54 bytes).
    Removing stm32f10x_tim.o(i.TIM_ETRClockMode2Config), (32 bytes).
    Removing stm32f10x_tim.o(i.TIM_ETRConfig), (28 bytes).
    Removing stm32f10x_tim.o(i.TIM_EncoderInterfaceConfig), (66 bytes).
    Removing stm32f10x_tim.o(i.TIM_ForcedOC1Config), (18 bytes).
    Removing stm32f10x_tim.o(i.TIM_ForcedOC2Config), (26 bytes).
    Removing stm32f10x_tim.o(i.TIM_ForcedOC3Config), (18 bytes).
    Removing stm32f10x_tim.o(i.TIM_ForcedOC4Config), (26 bytes).
    Removing stm32f10x_tim.o(i.TIM_GenerateEvent), (4 bytes).
    Removing stm32f10x_tim.o(i.TIM_GetCapture1), (6 bytes).
    Removing stm32f10x_tim.o(i.TIM_GetCapture2), (6 bytes).
    Removing stm32f10x_tim.o(i.TIM_GetCapture3), (6 bytes).
    Removing stm32f10x_tim.o(i.TIM_GetCapture4), (8 bytes).
    Removing stm32f10x_tim.o(i.TIM_GetCounter), (6 bytes).
    Removing stm32f10x_tim.o(i.TIM_GetFlagStatus), (18 bytes).
    Removing stm32f10x_tim.o(i.TIM_GetITStatus), (34 bytes).
    Removing stm32f10x_tim.o(i.TIM_GetPrescaler), (6 bytes).
    Removing stm32f10x_tim.o(i.TIM_ICInit), (172 bytes).
    Removing stm32f10x_tim.o(i.TIM_ICStructInit), (18 bytes).
    Removing stm32f10x_tim.o(i.TIM_ITConfig), (18 bytes).
    Removing stm32f10x_tim.o(i.TIM_ITRxExternalClockConfig), (24 bytes).
    Removing stm32f10x_tim.o(i.TIM_InternalClockConfig), (12 bytes).
    Removing stm32f10x_tim.o(i.TIM_OC1FastConfig), (18 bytes).
    Removing stm32f10x_tim.o(i.TIM_OC1Init), (152 bytes).
    Removing stm32f10x_tim.o(i.TIM_OC1NPolarityConfig), (18 bytes).
    Removing stm32f10x_tim.o(i.TIM_OC1PolarityConfig), (18 bytes).
    Removing stm32f10x_tim.o(i.TIM_OC1PreloadConfig), (18 bytes).
    Removing stm32f10x_tim.o(i.TIM_OC2FastConfig), (26 bytes).
    Removing stm32f10x_tim.o(i.TIM_OC2Init), (164 bytes).
    Removing stm32f10x_tim.o(i.TIM_OC2NPolarityConfig), (26 bytes).
    Removing stm32f10x_tim.o(i.TIM_OC2PolarityConfig), (26 bytes).
    Removing stm32f10x_tim.o(i.TIM_OC2PreloadConfig), (26 bytes).
    Removing stm32f10x_tim.o(i.TIM_OC3FastConfig), (18 bytes).
    Removing stm32f10x_tim.o(i.TIM_OC3Init), (160 bytes).
    Removing stm32f10x_tim.o(i.TIM_OC3NPolarityConfig), (26 bytes).
    Removing stm32f10x_tim.o(i.TIM_OC3PolarityConfig), (26 bytes).
    Removing stm32f10x_tim.o(i.TIM_OC3PreloadConfig), (18 bytes).
    Removing stm32f10x_tim.o(i.TIM_OC4FastConfig), (26 bytes).
    Removing stm32f10x_tim.o(i.TIM_OC4Init), (124 bytes).
    Removing stm32f10x_tim.o(i.TIM_OC4PolarityConfig), (26 bytes).
    Removing stm32f10x_tim.o(i.TIM_OC4PreloadConfig), (26 bytes).
    Removing stm32f10x_tim.o(i.TIM_OCStructInit), (20 bytes).
    Removing stm32f10x_tim.o(i.TIM_PWMIConfig), (124 bytes).
    Removing stm32f10x_tim.o(i.TIM_PrescalerConfig), (6 bytes).
    Removing stm32f10x_tim.o(i.TIM_SelectCCDMA), (24 bytes).
    Removing stm32f10x_tim.o(i.TIM_SelectCOM), (24 bytes).
    Removing stm32f10x_tim.o(i.TIM_SelectHallSensor), (24 bytes).
    Removing stm32f10x_tim.o(i.TIM_SelectInputTrigger), (18 bytes).
    Removing stm32f10x_tim.o(i.TIM_SelectMasterSlaveMode), (18 bytes).
    Removing stm32f10x_tim.o(i.TIM_SelectOCxM), (82 bytes).
    Removing stm32f10x_tim.o(i.TIM_SelectOnePulseMode), (18 bytes).
    Removing stm32f10x_tim.o(i.TIM_SelectOutputTrigger), (18 bytes).
    Removing stm32f10x_tim.o(i.TIM_SelectSlaveMode), (18 bytes).
    Removing stm32f10x_tim.o(i.TIM_SetAutoreload), (4 bytes).
    Removing stm32f10x_tim.o(i.TIM_SetClockDivision), (18 bytes).
    Removing stm32f10x_tim.o(i.TIM_SetCompare1), (4 bytes).
    Removing stm32f10x_tim.o(i.TIM_SetCompare2), (4 bytes).
    Removing stm32f10x_tim.o(i.TIM_SetCompare3), (4 bytes).
    Removing stm32f10x_tim.o(i.TIM_SetCompare4), (6 bytes).
    Removing stm32f10x_tim.o(i.TIM_SetCounter), (4 bytes).
    Removing stm32f10x_tim.o(i.TIM_SetIC1Prescaler), (18 bytes).
    Removing stm32f10x_tim.o(i.TIM_SetIC2Prescaler), (26 bytes).
    Removing stm32f10x_tim.o(i.TIM_SetIC3Prescaler), (18 bytes).
    Removing stm32f10x_tim.o(i.TIM_SetIC4Prescaler), (26 bytes).
    Removing stm32f10x_tim.o(i.TIM_TIxExternalClockConfig), (62 bytes).
    Removing stm32f10x_tim.o(i.TIM_TimeBaseInit), (164 bytes).
    Removing stm32f10x_tim.o(i.TIM_TimeBaseStructInit), (18 bytes).
    Removing stm32f10x_tim.o(i.TIM_UpdateDisableConfig), (24 bytes).
    Removing stm32f10x_tim.o(i.TIM_UpdateRequestConfig), (24 bytes).
    Removing stm32f10x_usart.o(i.USART_ClearITPendingBit), (30 bytes).
    Removing stm32f10x_usart.o(i.USART_ClockInit), (34 bytes).
    Removing stm32f10x_usart.o(i.USART_ClockStructInit), (12 bytes).
    Removing stm32f10x_usart.o(i.USART_DMACmd), (18 bytes).
    Removing stm32f10x_usart.o(i.USART_DeInit), (156 bytes).
    Removing stm32f10x_usart.o(i.USART_GetITStatus), (84 bytes).
    Removing stm32f10x_usart.o(i.USART_HalfDuplexCmd), (24 bytes).
    Removing stm32f10x_usart.o(i.USART_ITConfig), (74 bytes).
    Removing stm32f10x_usart.o(i.USART_IrDACmd), (24 bytes).
    Removing stm32f10x_usart.o(i.USART_IrDAConfig), (18 bytes).
    Removing stm32f10x_usart.o(i.USART_LINBreakDetectLengthConfig), (18 bytes).
    Removing stm32f10x_usart.o(i.USART_LINCmd), (24 bytes).
    Removing stm32f10x_usart.o(i.USART_OneBitMethodCmd), (24 bytes).
    Removing stm32f10x_usart.o(i.USART_OverSampling8Cmd), (22 bytes).
    Removing stm32f10x_usart.o(i.USART_ReceiveData), (10 bytes).
    Removing stm32f10x_usart.o(i.USART_ReceiverWakeUpCmd), (24 bytes).
    Removing stm32f10x_usart.o(i.USART_SendBreak), (10 bytes).
    Removing stm32f10x_usart.o(i.USART_SetAddress), (18 bytes).
    Removing stm32f10x_usart.o(i.USART_SetGuardTime), (16 bytes).
    Removing stm32f10x_usart.o(i.USART_SetPrescaler), (16 bytes).
    Removing stm32f10x_usart.o(i.USART_SmartCardCmd), (24 bytes).
    Removing stm32f10x_usart.o(i.USART_SmartCardNACKCmd), (24 bytes).
    Removing stm32f10x_usart.o(i.USART_StructInit), (24 bytes).
    Removing stm32f10x_usart.o(i.USART_WakeUpConfig), (18 bytes).
    Removing stm32f10x_wwdg.o(i.WWDG_ClearFlag), (12 bytes).
    Removing stm32f10x_wwdg.o(i.WWDG_DeInit), (22 bytes).
    Removing stm32f10x_wwdg.o(i.WWDG_Enable), (16 bytes).
    Removing stm32f10x_wwdg.o(i.WWDG_EnableIT), (12 bytes).
    Removing stm32f10x_wwdg.o(i.WWDG_GetFlagStatus), (12 bytes).
    Removing stm32f10x_wwdg.o(i.WWDG_SetCounter), (16 bytes).
    Removing stm32f10x_wwdg.o(i.WWDG_SetPrescaler), (24 bytes).
    Removing stm32f10x_wwdg.o(i.WWDG_SetWindowValue), (40 bytes).
    Removing core_cm3.o(.emb_text), (32 bytes).
    Removing system_stm32f10x.o(i.SystemCoreClockUpdate), (164 bytes).
    Removing system_stm32f10x.o(.data), (20 bytes).
    Removing startup_stm32f10x_hd.o(HEAP), (512 bytes).
    Removing w25qxx_drv.o(i.W25QXX_EraseBlock), (68 bytes).
    Removing w25qxx_drv.o(i.W25QXX_PowerDown), (36 bytes).
    Removing w25qxx_drv.o(i.W25QXX_Write_Disable), (32 bytes).
    Removing w25qxx_drv.o(i.W25QXX_Write_SR), (40 bytes).
    Removing systick.o(i.delay_ms), (76 bytes).
    Removing systick.o(i.delay_nms), (70 bytes).
    Removing usart_drv.o(i.USART2_Config), (132 bytes).
    Removing usart_drv.o(i.u1_printf), (104 bytes).
    Removing usart_drv.o(.bss), (256 bytes).
    Removing ff.o(i.dir_read), (210 bytes).
    Removing ff.o(i.dir_remove), (96 bytes).
    Removing ff.o(i.f_closedir), (24 bytes).
    Removing ff.o(i.f_getfree), (260 bytes).
    Removing ff.o(i.f_lseek), (416 bytes).
    Removing ff.o(i.f_mkdir), (300 bytes).
    Removing ff.o(i.f_opendir), (120 bytes).
    Removing ff.o(i.f_readdir), (104 bytes).
    Removing ff.o(i.f_rename), (298 bytes).
    Removing ff.o(i.f_stat), (80 bytes).
    Removing ff.o(i.f_truncate), (178 bytes).
    Removing ff.o(i.f_unlink), (176 bytes).
    Removing ff.o(i.get_fileinfo), (380 bytes).
    Removing ff.o(i.pick_lfn), (140 bytes).
    Removing ff.o(i.put_utf), (66 bytes).

485 unused section(s) (total 22632 bytes) removed from the image.

==============================================================================

Image Symbol Table

    Local Symbols

    Symbol Name                              Value     Ov Type        Size  Object(Section)

    ../clib/microlib/division.c              0x00000000   Number         0  uldiv.o ABSOLUTE
    ../clib/microlib/division.c              0x00000000   Number         0  uidiv.o ABSOLUTE
    ../clib/microlib/init/entry.s            0x00000000   Number         0  entry.o ABSOLUTE
    ../clib/microlib/init/entry.s            0x00000000   Number         0  entry2.o ABSOLUTE
    ../clib/microlib/init/entry.s            0x00000000   Number         0  entry9a.o ABSOLUTE
    ../clib/microlib/init/entry.s            0x00000000   Number         0  entry12a.o ABSOLUTE
    ../clib/microlib/init/entry.s            0x00000000   Number         0  entry5.o ABSOLUTE
    ../clib/microlib/init/entry.s            0x00000000   Number         0  entry7a.o ABSOLUTE
    ../clib/microlib/init/entry.s            0x00000000   Number         0  entry7b.o ABSOLUTE
    ../clib/microlib/init/entry.s            0x00000000   Number         0  entry9b.o ABSOLUTE
    ../clib/microlib/init/entry.s            0x00000000   Number         0  entry8a.o ABSOLUTE
    ../clib/microlib/init/entry.s            0x00000000   Number         0  entry11b.o ABSOLUTE
    ../clib/microlib/init/entry.s            0x00000000   Number         0  entry11a.o ABSOLUTE
    ../clib/microlib/init/entry.s            0x00000000   Number         0  entry12b.o ABSOLUTE
    ../clib/microlib/init/entry.s            0x00000000   Number         0  entry10b.o ABSOLUTE
    ../clib/microlib/init/entry.s            0x00000000   Number         0  entry8b.o ABSOLUTE
    ../clib/microlib/init/entry.s            0x00000000   Number         0  entry10a.o ABSOLUTE
    ../clib/microlib/longlong.c              0x00000000   Number         0  llshl.o ABSOLUTE
    ../clib/microlib/longlong.c              0x00000000   Number         0  llsshr.o ABSOLUTE
    ../clib/microlib/longlong.c              0x00000000   Number         0  llushr.o ABSOLUTE
    ../clib/microlib/printf/printf.c         0x00000000   Number         0  printf0.o ABSOLUTE
    ../clib/microlib/printf/printf.c         0x00000000   Number         0  printfa.o ABSOLUTE
    ../clib/microlib/printf/printf.c         0x00000000   Number         0  printfb.o ABSOLUTE
    ../clib/microlib/printf/printf.c         0x00000000   Number         0  printf1.o ABSOLUTE
    ../clib/microlib/printf/printf.c         0x00000000   Number         0  printf5.o ABSOLUTE
    ../clib/microlib/printf/printf.c         0x00000000   Number         0  printf3.o ABSOLUTE
    ../clib/microlib/printf/printf.c         0x00000000   Number         0  printf2.o ABSOLUTE
    ../clib/microlib/printf/printf.c         0x00000000   Number         0  printf4.o ABSOLUTE
    ../clib/microlib/printf/printf.c         0x00000000   Number         0  printf6.o ABSOLUTE
    ../clib/microlib/printf/printf.c         0x00000000   Number         0  printf7.o ABSOLUTE
    ../clib/microlib/printf/printf.c         0x00000000   Number         0  printf8.o ABSOLUTE
    ../clib/microlib/printf/stubs.s          0x00000000   Number         0  stubs.o ABSOLUTE
    ../clib/microlib/stdio/streams.c         0x00000000   Number         0  stdout.o ABSOLUTE
    ../clib/microlib/string/memcmp.c         0x00000000   Number         0  memcmp.o ABSOLUTE
    ../clib/microlib/string/memcpy.c         0x00000000   Number         0  memcpya.o ABSOLUTE
    ../clib/microlib/string/memcpy.c         0x00000000   Number         0  memcpyb.o ABSOLUTE
    ../clib/microlib/string/memset.c         0x00000000   Number         0  memseta.o ABSOLUTE
    ../clib/microlib/string/strchr.c         0x00000000   Number         0  strchr.o ABSOLUTE
    ../clib/microlib/string/strlen.c         0x00000000   Number         0  strlen.o ABSOLUTE
    ../clib/microlib/stubs.s                 0x00000000   Number         0  iusefp.o ABSOLUTE
    ../fplib/microlib/fpadd.c                0x00000000   Number         0  dadd.o ABSOLUTE
    ../fplib/microlib/fpdiv.c                0x00000000   Number         0  ddiv.o ABSOLUTE
    ../fplib/microlib/fpepilogue.c           0x00000000   Number         0  depilogue.o ABSOLUTE
    ../fplib/microlib/fpfix.c                0x00000000   Number         0  dfixul.o ABSOLUTE
    ../fplib/microlib/fpmul.c                0x00000000   Number         0  dmul.o ABSOLUTE
    ..\\libraries\\CMSIS\\CM3\\CoreSupport\\core_cm3.c 0x00000000   Number         0  core_cm3.o ABSOLUTE
    ..\drivers\src\spi_drv.c                 0x00000000   Number         0  spi_drv.o ABSOLUTE
    ..\drivers\src\w25qxx_drv.c              0x00000000   Number         0  w25qxx_drv.o ABSOLUTE
    ..\fatfs\diskio.c                        0x00000000   Number         0  diskio.o ABSOLUTE
    ..\fatfs\ff.c                            0x00000000   Number         0  ff.o ABSOLUTE
    ..\fatfs\ffunicode.c                     0x00000000   Number         0  ffunicode.o ABSOLUTE
    ..\libraries\CMSIS\CM3\CoreSupport\core_cm3.c 0x00000000   Number         0  core_cm3.o ABSOLUTE
    ..\libraries\CMSIS\CM3\DeviceSupport\ST\STM32F10x\startup\arm\startup_stm32f10x_hd.s 0x00000000   Number         0  startup_stm32f10x_hd.o ABSOLUTE
    ..\libraries\CMSIS\CM3\DeviceSupport\ST\STM32F10x\system_stm32f10x.c 0x00000000   Number         0  system_stm32f10x.o ABSOLUTE
    ..\libraries\STM32F10x_StdPeriph_Driver\src\misc.c 0x00000000   Number         0  misc.o ABSOLUTE
    ..\libraries\STM32F10x_StdPeriph_Driver\src\stm32f10x_adc.c 0x00000000   Number         0  stm32f10x_adc.o ABSOLUTE
    ..\libraries\STM32F10x_StdPeriph_Driver\src\stm32f10x_bkp.c 0x00000000   Number         0  stm32f10x_bkp.o ABSOLUTE
    ..\libraries\STM32F10x_StdPeriph_Driver\src\stm32f10x_can.c 0x00000000   Number         0  stm32f10x_can.o ABSOLUTE
    ..\libraries\STM32F10x_StdPeriph_Driver\src\stm32f10x_cec.c 0x00000000   Number         0  stm32f10x_cec.o ABSOLUTE
    ..\libraries\STM32F10x_StdPeriph_Driver\src\stm32f10x_crc.c 0x00000000   Number         0  stm32f10x_crc.o ABSOLUTE
    ..\libraries\STM32F10x_StdPeriph_Driver\src\stm32f10x_dac.c 0x00000000   Number         0  stm32f10x_dac.o ABSOLUTE
    ..\libraries\STM32F10x_StdPeriph_Driver\src\stm32f10x_dbgmcu.c 0x00000000   Number         0  stm32f10x_dbgmcu.o ABSOLUTE
    ..\libraries\STM32F10x_StdPeriph_Driver\src\stm32f10x_dma.c 0x00000000   Number         0  stm32f10x_dma.o ABSOLUTE
    ..\libraries\STM32F10x_StdPeriph_Driver\src\stm32f10x_exti.c 0x00000000   Number         0  stm32f10x_exti.o ABSOLUTE
    ..\libraries\STM32F10x_StdPeriph_Driver\src\stm32f10x_flash.c 0x00000000   Number         0  stm32f10x_flash.o ABSOLUTE
    ..\libraries\STM32F10x_StdPeriph_Driver\src\stm32f10x_fsmc.c 0x00000000   Number         0  stm32f10x_fsmc.o ABSOLUTE
    ..\libraries\STM32F10x_StdPeriph_Driver\src\stm32f10x_gpio.c 0x00000000   Number         0  stm32f10x_gpio.o ABSOLUTE
    ..\libraries\STM32F10x_StdPeriph_Driver\src\stm32f10x_i2c.c 0x00000000   Number         0  stm32f10x_i2c.o ABSOLUTE
    ..\libraries\STM32F10x_StdPeriph_Driver\src\stm32f10x_iwdg.c 0x00000000   Number         0  stm32f10x_iwdg.o ABSOLUTE
    ..\libraries\STM32F10x_StdPeriph_Driver\src\stm32f10x_pwr.c 0x00000000   Number         0  stm32f10x_pwr.o ABSOLUTE
    ..\libraries\STM32F10x_StdPeriph_Driver\src\stm32f10x_rcc.c 0x00000000   Number         0  stm32f10x_rcc.o ABSOLUTE
    ..\libraries\STM32F10x_StdPeriph_Driver\src\stm32f10x_rtc.c 0x00000000   Number         0  stm32f10x_rtc.o ABSOLUTE
    ..\libraries\STM32F10x_StdPeriph_Driver\src\stm32f10x_sdio.c 0x00000000   Number         0  stm32f10x_sdio.o ABSOLUTE
    ..\libraries\STM32F10x_StdPeriph_Driver\src\stm32f10x_spi.c 0x00000000   Number         0  stm32f10x_spi.o ABSOLUTE
    ..\libraries\STM32F10x_StdPeriph_Driver\src\stm32f10x_tim.c 0x00000000   Number         0  stm32f10x_tim.o ABSOLUTE
    ..\libraries\STM32F10x_StdPeriph_Driver\src\stm32f10x_usart.c 0x00000000   Number         0  stm32f10x_usart.o ABSOLUTE
    ..\libraries\STM32F10x_StdPeriph_Driver\src\stm32f10x_wwdg.c 0x00000000   Number         0  stm32f10x_wwdg.o ABSOLUTE
    ..\public\src\system.c                   0x00000000   Number         0  system.o ABSOLUTE
    ..\public\src\systick.c                  0x00000000   Number         0  systick.o ABSOLUTE
    ..\public\src\usart_drv.c                0x00000000   Number         0  usart_drv.o ABSOLUTE
    ..\user\main.c                           0x00000000   Number         0  main.o ABSOLUTE
    ..\user\stm32f10x_it.c                   0x00000000   Number         0  stm32f10x_it.o ABSOLUTE
    cdrcmple.s                               0x00000000   Number         0  cdrcmple.o ABSOLUTE
    dc.s                                     0x00000000   Number         0  dc.o ABSOLUTE
    handlers.s                               0x00000000   Number         0  handlers.o ABSOLUTE
    init.s                                   0x00000000   Number         0  init.o ABSOLUTE
    RESET                                    0x08000000   Section      304  startup_stm32f10x_hd.o(RESET)
    .ARM.Collect$$$$00000000                 0x08000130   Section        0  entry.o(.ARM.Collect$$$$00000000)
    .ARM.Collect$$$$00000001                 0x08000130   Section        4  entry2.o(.ARM.Collect$$$$00000001)
    .ARM.Collect$$$$00000004                 0x08000134   Section        4  entry5.o(.ARM.Collect$$$$00000004)
    .ARM.Collect$$$$00000008                 0x08000138   Section        0  entry7b.o(.ARM.Collect$$$$00000008)
    .ARM.Collect$$$$0000000A                 0x08000138   Section        0  entry8b.o(.ARM.Collect$$$$0000000A)
    .ARM.Collect$$$$0000000B                 0x08000138   Section        8  entry9a.o(.ARM.Collect$$$$0000000B)
    .ARM.Collect$$$$0000000E                 0x08000140   Section        4  entry12b.o(.ARM.Collect$$$$0000000E)
    .ARM.Collect$$$$0000000F                 0x08000144   Section        0  entry10a.o(.ARM.Collect$$$$0000000F)
    .ARM.Collect$$$$00000011                 0x08000144   Section        0  entry11a.o(.ARM.Collect$$$$00000011)
    .ARM.Collect$$$$00002712                 0x08000144   Section        4  entry2.o(.ARM.Collect$$$$00002712)
    __lit__00000000                          0x08000144   Data           4  entry2.o(.ARM.Collect$$$$00002712)
    .text                                    0x08000148   Section       36  startup_stm32f10x_hd.o(.text)
    .text                                    0x0800016c   Section        0  memcpya.o(.text)
    .text                                    0x08000190   Section        0  memseta.o(.text)
    .text                                    0x080001b4   Section        0  strchr.o(.text)
    .text                                    0x080001c8   Section        0  memcmp.o(.text)
    .text                                    0x080001e2   Section        0  uidiv.o(.text)
    .text                                    0x0800020e   Section        0  uldiv.o(.text)
    .text                                    0x08000270   Section        0  dadd.o(.text)
    .text                                    0x08000270   Section        0  iusefp.o(.text)
    .text                                    0x080003be   Section        0  dmul.o(.text)
    .text                                    0x080004a2   Section        0  ddiv.o(.text)
    .text                                    0x08000580   Section        0  dfixul.o(.text)
    .text                                    0x080005b0   Section       48  cdrcmple.o(.text)
    .text                                    0x080005e0   Section       36  init.o(.text)
    .text                                    0x08000604   Section        0  llshl.o(.text)
    .text                                    0x08000622   Section        0  llushr.o(.text)
    .text                                    0x08000642   Section        0  llsshr.o(.text)
    .text                                    0x08000666   Section        0  depilogue.o(.text)
    i.BusFault_Handler                       0x08000720   Section        0  stm32f10x_it.o(i.BusFault_Handler)
    i.DebugMon_Handler                       0x08000724   Section        0  stm32f10x_it.o(i.DebugMon_Handler)
    i.GPIO_Init                              0x08000726   Section        0  stm32f10x_gpio.o(i.GPIO_Init)
    i.GPIO_ResetBits                         0x0800083c   Section        0  stm32f10x_gpio.o(i.GPIO_ResetBits)
    i.GPIO_SetBits                           0x08000840   Section        0  stm32f10x_gpio.o(i.GPIO_SetBits)
    i.HardFault_Handler                      0x08000844   Section        0  stm32f10x_it.o(i.HardFault_Handler)
    i.HardWare_Init                          0x08000848   Section        0  main.o(i.HardWare_Init)
    i.MemManage_Handler                      0x0800085e   Section        0  stm32f10x_it.o(i.MemManage_Handler)
    i.NMI_Handler                            0x08000862   Section        0  stm32f10x_it.o(i.NMI_Handler)
    i.PendSV_Handler                         0x08000864   Section        0  stm32f10x_it.o(i.PendSV_Handler)
    i.RCC_APB2PeriphClockCmd                 0x08000868   Section        0  stm32f10x_rcc.o(i.RCC_APB2PeriphClockCmd)
    i.RCC_GetClocksFreq                      0x08000888   Section        0  stm32f10x_rcc.o(i.RCC_GetClocksFreq)
    i.SPI1_Config                            0x0800095c   Section        0  spi_drv.o(i.SPI1_Config)
    i.SPI1_ReadByte                          0x08000a10   Section        0  spi_drv.o(i.SPI1_ReadByte)
    i.SPI1_ReadWriteByte                     0x08000a20   Section        0  spi_drv.o(i.SPI1_ReadWriteByte)
    i.SPI_Cmd                                0x08000a58   Section        0  stm32f10x_spi.o(i.SPI_Cmd)
    i.SPI_I2S_GetFlagStatus                  0x08000a70   Section        0  stm32f10x_spi.o(i.SPI_I2S_GetFlagStatus)
    i.SPI_I2S_ReceiveData                    0x08000a82   Section        0  stm32f10x_spi.o(i.SPI_I2S_ReceiveData)
    i.SPI_I2S_SendData                       0x08000a88   Section        0  stm32f10x_spi.o(i.SPI_I2S_SendData)
    i.SPI_Init                               0x08000a8c   Section        0  stm32f10x_spi.o(i.SPI_Init)
    i.SVC_Handler                            0x08000ac8   Section        0  stm32f10x_it.o(i.SVC_Handler)
    i.SetSysClock                            0x08000aca   Section        0  system_stm32f10x.o(i.SetSysClock)
    SetSysClock                              0x08000acb   Thumb Code     8  system_stm32f10x.o(i.SetSysClock)
    i.SetSysClockTo72                        0x08000ad4   Section        0  system_stm32f10x.o(i.SetSysClockTo72)
    SetSysClockTo72                          0x08000ad5   Thumb Code   214  system_stm32f10x.o(i.SetSysClockTo72)
    i.SysTick_Handler                        0x08000bb4   Section        0  stm32f10x_it.o(i.SysTick_Handler)
    i.SysTick_Init                           0x08000bb8   Section        0  systick.o(i.SysTick_Init)
    i.SystemInit                             0x08000bec   Section        0  system_stm32f10x.o(i.SystemInit)
    i.USART_ClearFlag                        0x08000c4c   Section        0  stm32f10x_usart.o(i.USART_ClearFlag)
    i.USART_Cmd                              0x08000c5e   Section        0  stm32f10x_usart.o(i.USART_Cmd)
    i.USART_GetFlagStatus                    0x08000c76   Section        0  stm32f10x_usart.o(i.USART_GetFlagStatus)
    i.USART_Init                             0x08000c90   Section        0  stm32f10x_usart.o(i.USART_Init)
    i.USART_SendData                         0x08000d68   Section        0  stm32f10x_usart.o(i.USART_SendData)
    i.UsageFault_Handler                     0x08000d70   Section        0  stm32f10x_it.o(i.UsageFault_Handler)
    i.Usart_MyConfig                         0x08000d74   Section        0  usart_drv.o(i.Usart_MyConfig)
    i.W25QXX_Erase_Sector                    0x08000df4   Section        0  w25qxx_drv.o(i.W25QXX_Erase_Sector)
    i.W25QXX_Read                            0x08000e38   Section        0  w25qxx_drv.o(i.W25QXX_Read)
    i.W25QXX_ReadID                          0x08000e88   Section        0  w25qxx_drv.o(i.W25QXX_ReadID)
    i.W25QXX_ReadSR                          0x08000ecc   Section        0  w25qxx_drv.o(i.W25QXX_ReadSR)
    i.W25QXX_WAKEUP                          0x08000ef4   Section        0  w25qxx_drv.o(i.W25QXX_WAKEUP)
    i.W25QXX_Wait_Busy                       0x08000f18   Section        0  w25qxx_drv.o(i.W25QXX_Wait_Busy)
    i.W25QXX_Write                           0x08000f2c   Section        0  w25qxx_drv.o(i.W25QXX_Write)
    i.W25QXX_WritePage                       0x08000fe4   Section        0  w25qxx_drv.o(i.W25QXX_WritePage)
    i.W25QXX_Write_Enable                    0x0800103c   Section        0  w25qxx_drv.o(i.W25QXX_Write_Enable)
    i.W25QXX_Write_NoCheck                   0x0800105c   Section        0  w25qxx_drv.o(i.W25QXX_Write_NoCheck)
    i.__0printf                              0x080010a4   Section        0  printfa.o(i.__0printf)
    i.__scatterload_copy                     0x080010c4   Section       14  handlers.o(i.__scatterload_copy)
    i.__scatterload_null                     0x080010d2   Section        2  handlers.o(i.__scatterload_null)
    i.__scatterload_zeroinit                 0x080010d4   Section       14  handlers.o(i.__scatterload_zeroinit)
    i._fp_digits                             0x080010e4   Section        0  printfa.o(i._fp_digits)
    _fp_digits                               0x080010e5   Thumb Code   366  printfa.o(i._fp_digits)
    i._printf_core                           0x08001268   Section        0  printfa.o(i._printf_core)
    _printf_core                             0x08001269   Thumb Code  1704  printfa.o(i._printf_core)
    i._printf_post_padding                   0x0800191c   Section        0  printfa.o(i._printf_post_padding)
    _printf_post_padding                     0x0800191d   Thumb Code    36  printfa.o(i._printf_post_padding)
    i._printf_pre_padding                    0x08001940   Section        0  printfa.o(i._printf_pre_padding)
    _printf_pre_padding                      0x08001941   Thumb Code    46  printfa.o(i._printf_pre_padding)
    i.check_fs                               0x08001970   Section        0  ff.o(i.check_fs)
    check_fs                                 0x08001971   Thumb Code   210  ff.o(i.check_fs)
    i.clst2sect                              0x08001a50   Section        0  ff.o(i.clst2sect)
    clst2sect                                0x08001a51   Thumb Code    26  ff.o(i.clst2sect)
    i.cmp_lfn                                0x08001a6c   Section        0  ff.o(i.cmp_lfn)
    cmp_lfn                                  0x08001a6d   Thumb Code   148  ff.o(i.cmp_lfn)
    i.create_chain                           0x08001b04   Section        0  ff.o(i.create_chain)
    create_chain                             0x08001b05   Thumb Code   292  ff.o(i.create_chain)
    i.create_name                            0x08001c28   Section        0  ff.o(i.create_name)
    create_name                              0x08001c29   Thumb Code   584  ff.o(i.create_name)
    i.create_partition                       0x08001e84   Section        0  ff.o(i.create_partition)
    create_partition                         0x08001e85   Thumb Code   346  ff.o(i.create_partition)
    i.dbc_1st                                0x08001fe0   Section        0  ff.o(i.dbc_1st)
    dbc_1st                                  0x08001fe1   Thumb Code    46  ff.o(i.dbc_1st)
    i.dbc_2nd                                0x08002014   Section        0  ff.o(i.dbc_2nd)
    dbc_2nd                                  0x08002015   Thumb Code    66  ff.o(i.dbc_2nd)
    i.delay_us                               0x0800205c   Section        0  systick.o(i.delay_us)
    i.dir_alloc                              0x080020a8   Section        0  ff.o(i.dir_alloc)
    dir_alloc                                0x080020a9   Thumb Code    96  ff.o(i.dir_alloc)
    i.dir_clear                              0x08002108   Section        0  ff.o(i.dir_clear)
    dir_clear                                0x08002109   Thumb Code    94  ff.o(i.dir_clear)
    i.dir_find                               0x08002166   Section        0  ff.o(i.dir_find)
    dir_find                                 0x08002167   Thumb Code   252  ff.o(i.dir_find)
    i.dir_next                               0x08002262   Section        0  ff.o(i.dir_next)
    dir_next                                 0x08002263   Thumb Code   218  ff.o(i.dir_next)
    i.dir_register                           0x0800233c   Section        0  ff.o(i.dir_register)
    dir_register                             0x0800233d   Thumb Code   330  ff.o(i.dir_register)
    i.dir_sdi                                0x08002486   Section        0  ff.o(i.dir_sdi)
    dir_sdi                                  0x08002487   Thumb Code   166  ff.o(i.dir_sdi)
    i.disk_initialize                        0x0800252c   Section        0  diskio.o(i.disk_initialize)
    i.disk_ioctl                             0x0800255e   Section        0  diskio.o(i.disk_ioctl)
    i.disk_read                              0x08002598   Section        0  diskio.o(i.disk_read)
    i.disk_status                            0x080025d2   Section        0  diskio.o(i.disk_status)
    i.disk_write                             0x080025fc   Section        0  diskio.o(i.disk_write)
    i.f_close                                0x08002640   Section        0  ff.o(i.f_close)
    i.f_mkfs                                 0x08002664   Section        0  ff.o(i.f_mkfs)
    i.f_mount                                0x08002d50   Section        0  ff.o(i.f_mount)
    i.f_open                                 0x08002db0   Section        0  ff.o(i.f_open)
    i.f_read                                 0x08002fbe   Section        0  ff.o(i.f_read)
    i.f_sync                                 0x08003196   Section        0  ff.o(i.f_sync)
    i.f_write                                0x08003238   Section        0  ff.o(i.f_write)
    i.ff_oem2uni                             0x0800344c   Section        0  ffunicode.o(i.ff_oem2uni)
    i.ff_uni2oem                             0x080034b4   Section        0  ffunicode.o(i.ff_uni2oem)
    i.ff_wtoupper                            0x08003528   Section        0  ffunicode.o(i.ff_wtoupper)
    i.find_volume                            0x080035d8   Section        0  ff.o(i.find_volume)
    find_volume                              0x080035d9   Thumb Code   120  ff.o(i.find_volume)
    i.follow_path                            0x08003650   Section        0  ff.o(i.follow_path)
    follow_path                              0x08003651   Thumb Code   168  ff.o(i.follow_path)
    i.fputc                                  0x080036f8   Section        0  usart_drv.o(i.fputc)
    i.gen_numname                            0x0800371c   Section        0  ff.o(i.gen_numname)
    gen_numname                              0x0800371d   Thumb Code   226  ff.o(i.gen_numname)
    i.get_fat                                0x08003804   Section        0  ff.o(i.get_fat)
    get_fat                                  0x08003805   Thumb Code   306  ff.o(i.get_fat)
    i.get_fattime                            0x08003938   Section        0  diskio.o(i.get_fattime)
    i.get_ldnumber                           0x08003940   Section        0  ff.o(i.get_ldnumber)
    get_ldnumber                             0x08003941   Thumb Code    82  ff.o(i.get_ldnumber)
    i.ld_16                                  0x08003992   Section        0  ff.o(i.ld_16)
    ld_16                                    0x08003993   Thumb Code    12  ff.o(i.ld_16)
    i.ld_32                                  0x0800399e   Section        0  ff.o(i.ld_32)
    ld_32                                    0x0800399f   Thumb Code    24  ff.o(i.ld_32)
    i.ld_clust                               0x080039b6   Section        0  ff.o(i.ld_clust)
    ld_clust                                 0x080039b7   Thumb Code    38  ff.o(i.ld_clust)
    i.main                                   0x080039dc   Section        0  main.o(i.main)
    i.mount_volume                           0x08003d6c   Section        0  ff.o(i.mount_volume)
    mount_volume                             0x08003d6d   Thumb Code   730  ff.o(i.mount_volume)
    i.move_window                            0x08004060   Section        0  ff.o(i.move_window)
    move_window                              0x08004061   Thumb Code    52  ff.o(i.move_window)
    i.put_fat                                0x08004094   Section        0  ff.o(i.put_fat)
    put_fat                                  0x08004095   Thumb Code   400  ff.o(i.put_fat)
    i.put_lfn                                0x08004224   Section        0  ff.o(i.put_lfn)
    put_lfn                                  0x08004225   Thumb Code   124  ff.o(i.put_lfn)
    i.remove_chain                           0x080042a4   Section        0  ff.o(i.remove_chain)
    remove_chain                             0x080042a5   Thumb Code   154  ff.o(i.remove_chain)
    i.st_16                                  0x0800433e   Section        0  ff.o(i.st_16)
    st_16                                    0x0800433f   Thumb Code    12  ff.o(i.st_16)
    i.st_32                                  0x0800434a   Section        0  ff.o(i.st_32)
    st_32                                    0x0800434b   Thumb Code    24  ff.o(i.st_32)
    i.st_clust                               0x08004362   Section        0  ff.o(i.st_clust)
    st_clust                                 0x08004363   Thumb Code    36  ff.o(i.st_clust)
    i.sum_sfn                                0x08004386   Section        0  ff.o(i.sum_sfn)
    sum_sfn                                  0x08004387   Thumb Code    32  ff.o(i.sum_sfn)
    i.sync_fs                                0x080043a8   Section        0  ff.o(i.sync_fs)
    sync_fs                                  0x080043a9   Thumb Code   132  ff.o(i.sync_fs)
    i.sync_window                            0x08004438   Section        0  ff.o(i.sync_window)
    sync_window                              0x08004439   Thumb Code    74  ff.o(i.sync_window)
    i.tchar2uni                              0x08004482   Section        0  ff.o(i.tchar2uni)
    tchar2uni                                0x08004483   Thumb Code    76  ff.o(i.tchar2uni)
    i.validate                               0x080044ce   Section        0  ff.o(i.validate)
    validate                                 0x080044cf   Thumb Code    60  ff.o(i.validate)
    .constdata                               0x0800450c   Section       68  ff.o(.constdata)
    LfnOfs                                   0x0800450c   Data          13  ff.o(.constdata)
    DbcTbl                                   0x08004519   Data          10  ff.o(.constdata)
    cst                                      0x08004524   Data          14  ff.o(.constdata)
    cst32                                    0x08004532   Data          14  ff.o(.constdata)
    defopt                                   0x08004540   Data          16  ff.o(.constdata)
    .constdata                               0x08004550   Section    175030  ffunicode.o(.constdata)
    uni2oem936                               0x08004550   Data       87172  ffunicode.o(.constdata)
    oem2uni936                               0x080199d4   Data       87172  ffunicode.o(.constdata)
    cvt1                                     0x0802ee58   Data         498  ffunicode.o(.constdata)
    cvt2                                     0x0802f04a   Data         188  ffunicode.o(.constdata)
    .data                                    0x20000000   Section       20  stm32f10x_rcc.o(.data)
    APBAHBPrescTable                         0x20000000   Data          16  stm32f10x_rcc.o(.data)
    ADCPrescTable                            0x20000010   Data           4  stm32f10x_rcc.o(.data)
    .data                                    0x20000014   Section       21  main.o(.data)
    .data                                    0x2000002c   Section        8  systick.o(.data)
    .data                                    0x20000034   Section        6  ff.o(.data)
    FatFs                                    0x20000034   Data           4  ff.o(.data)
    Fsid                                     0x20000038   Data           2  ff.o(.data)
    .data                                    0x2000003c   Section        4  stdout.o(.data)
    .bss                                     0x20000040   Section    13408  main.o(.bss)
    work                                     0x200024a0   Data        4096  main.o(.bss)
    .bss                                     0x200034a0   Section     4096  w25qxx_drv.o(.bss)
    STACK                                    0x200044a0   Section     1024  startup_stm32f10x_hd.o(STACK)

    Global Symbols

    Symbol Name                              Value     Ov Type        Size  Object(Section)

    BuildAttributes$$THM_ISAv4$P$D$K$B$S$PE$A:L22UL41UL21$X:L11$S22US41US21$IEEE1$IW$USESV6$~STKCKD$USESV7$~SHL$OSPACE$ROPI$EBA8$MICROLIB$REQ8$PRES8$EABIv2 0x00000000   Number         0  anon$$obj.o ABSOLUTE
    __ARM_use_no_argv                        0x00000000   Number         0  main.o ABSOLUTE
    _printf_a                                0x00000000   Number         0  stubs.o ABSOLUTE
    _printf_c                                0x00000000   Number         0  stubs.o ABSOLUTE
    _printf_charcount                        0x00000000   Number         0  stubs.o ABSOLUTE
    _printf_d                                0x00000000   Number         0  stubs.o ABSOLUTE
    _printf_e                                0x00000000   Number         0  stubs.o ABSOLUTE
    _printf_f                                0x00000000   Number         0  stubs.o ABSOLUTE
    _printf_flags                            0x00000000   Number         0  stubs.o ABSOLUTE
    _printf_fp_dec                           0x00000000   Number         0  stubs.o ABSOLUTE
    _printf_fp_hex                           0x00000000   Number         0  stubs.o ABSOLUTE
    _printf_g                                0x00000000   Number         0  stubs.o ABSOLUTE
    _printf_i                                0x00000000   Number         0  stubs.o ABSOLUTE
    _printf_int_dec                          0x00000000   Number         0  stubs.o ABSOLUTE
    _printf_l                                0x00000000   Number         0  stubs.o ABSOLUTE
    _printf_lc                               0x00000000   Number         0  stubs.o ABSOLUTE
    _printf_ll                               0x00000000   Number         0  stubs.o ABSOLUTE
    _printf_lld                              0x00000000   Number         0  stubs.o ABSOLUTE
    _printf_lli                              0x00000000   Number         0  stubs.o ABSOLUTE
    _printf_llo                              0x00000000   Number         0  stubs.o ABSOLUTE
    _printf_llu                              0x00000000   Number         0  stubs.o ABSOLUTE
    _printf_llx                              0x00000000   Number         0  stubs.o ABSOLUTE
    _printf_longlong_dec                     0x00000000   Number         0  stubs.o ABSOLUTE
    _printf_longlong_hex                     0x00000000   Number         0  stubs.o ABSOLUTE
    _printf_longlong_oct                     0x00000000   Number         0  stubs.o ABSOLUTE
    _printf_ls                               0x00000000   Number         0  stubs.o ABSOLUTE
    _printf_mbtowc                           0x00000000   Number         0  stubs.o ABSOLUTE
    _printf_n                                0x00000000   Number         0  stubs.o ABSOLUTE
    _printf_o                                0x00000000   Number         0  stubs.o ABSOLUTE
    _printf_p                                0x00000000   Number         0  stubs.o ABSOLUTE
    _printf_percent                          0x00000000   Number         0  stubs.o ABSOLUTE
    _printf_pre_padding                      0x00000000   Number         0  stubs.o ABSOLUTE
    _printf_return_value                     0x00000000   Number         0  stubs.o ABSOLUTE
    _printf_s                                0x00000000   Number         0  stubs.o ABSOLUTE
    _printf_sizespec                         0x00000000   Number         0  stubs.o ABSOLUTE
    _printf_str                              0x00000000   Number         0  stubs.o ABSOLUTE
    _printf_truncate_signed                  0x00000000   Number         0  stubs.o ABSOLUTE
    _printf_truncate_unsigned                0x00000000   Number         0  stubs.o ABSOLUTE
    _printf_u                                0x00000000   Number         0  stubs.o ABSOLUTE
    _printf_wc                               0x00000000   Number         0  stubs.o ABSOLUTE
    _printf_wctomb                           0x00000000   Number         0  stubs.o ABSOLUTE
    _printf_widthprec                        0x00000000   Number         0  stubs.o ABSOLUTE
    _printf_x                                0x00000000   Number         0  stubs.o ABSOLUTE
    __arm_fini_                               - Undefined Weak Reference
    __cpp_initialize__aeabi_                  - Undefined Weak Reference
    __cxa_finalize                            - Undefined Weak Reference
    __decompress                              - Undefined Weak Reference
    _clock_init                               - Undefined Weak Reference
    _microlib_exit                            - Undefined Weak Reference
    __Vectors_Size                           0x00000130   Number         0  startup_stm32f10x_hd.o ABSOLUTE
    __Vectors                                0x08000000   Data           4  startup_stm32f10x_hd.o(RESET)
    __Vectors_End                            0x08000130   Data           0  startup_stm32f10x_hd.o(RESET)
    __main                                   0x08000131   Thumb Code     0  entry.o(.ARM.Collect$$$$00000000)
    _main_stk                                0x08000131   Thumb Code     0  entry2.o(.ARM.Collect$$$$00000001)
    _main_scatterload                        0x08000135   Thumb Code     0  entry5.o(.ARM.Collect$$$$00000004)
    __main_after_scatterload                 0x08000139   Thumb Code     0  entry5.o(.ARM.Collect$$$$00000004)
    _main_clock                              0x08000139   Thumb Code     0  entry7b.o(.ARM.Collect$$$$00000008)
    _main_cpp_init                           0x08000139   Thumb Code     0  entry8b.o(.ARM.Collect$$$$0000000A)
    _main_init                               0x08000139   Thumb Code     0  entry9a.o(.ARM.Collect$$$$0000000B)
    __rt_lib_shutdown_fini                   0x08000141   Thumb Code     0  entry12b.o(.ARM.Collect$$$$0000000E)
    __rt_final_cpp                           0x08000145   Thumb Code     0  entry10a.o(.ARM.Collect$$$$0000000F)
    __rt_final_exit                          0x08000145   Thumb Code     0  entry11a.o(.ARM.Collect$$$$00000011)
    Reset_Handler                            0x08000149   Thumb Code     8  startup_stm32f10x_hd.o(.text)
    ADC1_2_IRQHandler                        0x08000163   Thumb Code     0  startup_stm32f10x_hd.o(.text)
    ADC3_IRQHandler                          0x08000163   Thumb Code     0  startup_stm32f10x_hd.o(.text)
    CAN1_RX1_IRQHandler                      0x08000163   Thumb Code     0  startup_stm32f10x_hd.o(.text)
    CAN1_SCE_IRQHandler                      0x08000163   Thumb Code     0  startup_stm32f10x_hd.o(.text)
    DMA1_Channel1_IRQHandler                 0x08000163   Thumb Code     0  startup_stm32f10x_hd.o(.text)
    DMA1_Channel2_IRQHandler                 0x08000163   Thumb Code     0  startup_stm32f10x_hd.o(.text)
    DMA1_Channel3_IRQHandler                 0x08000163   Thumb Code     0  startup_stm32f10x_hd.o(.text)
    DMA1_Channel4_IRQHandler                 0x08000163   Thumb Code     0  startup_stm32f10x_hd.o(.text)
    DMA1_Channel5_IRQHandler                 0x08000163   Thumb Code     0  startup_stm32f10x_hd.o(.text)
    DMA1_Channel6_IRQHandler                 0x08000163   Thumb Code     0  startup_stm32f10x_hd.o(.text)
    DMA1_Channel7_IRQHandler                 0x08000163   Thumb Code     0  startup_stm32f10x_hd.o(.text)
    DMA2_Channel1_IRQHandler                 0x08000163   Thumb Code     0  startup_stm32f10x_hd.o(.text)
    DMA2_Channel2_IRQHandler                 0x08000163   Thumb Code     0  startup_stm32f10x_hd.o(.text)
    DMA2_Channel3_IRQHandler                 0x08000163   Thumb Code     0  startup_stm32f10x_hd.o(.text)
    DMA2_Channel4_5_IRQHandler               0x08000163   Thumb Code     0  startup_stm32f10x_hd.o(.text)
    EXTI0_IRQHandler                         0x08000163   Thumb Code     0  startup_stm32f10x_hd.o(.text)
    EXTI15_10_IRQHandler                     0x08000163   Thumb Code     0  startup_stm32f10x_hd.o(.text)
    EXTI1_IRQHandler                         0x08000163   Thumb Code     0  startup_stm32f10x_hd.o(.text)
    EXTI2_IRQHandler                         0x08000163   Thumb Code     0  startup_stm32f10x_hd.o(.text)
    EXTI3_IRQHandler                         0x08000163   Thumb Code     0  startup_stm32f10x_hd.o(.text)
    EXTI4_IRQHandler                         0x08000163   Thumb Code     0  startup_stm32f10x_hd.o(.text)
    EXTI9_5_IRQHandler                       0x08000163   Thumb Code     0  startup_stm32f10x_hd.o(.text)
    FLASH_IRQHandler                         0x08000163   Thumb Code     0  startup_stm32f10x_hd.o(.text)
    FSMC_IRQHandler                          0x08000163   Thumb Code     0  startup_stm32f10x_hd.o(.text)
    I2C1_ER_IRQHandler                       0x08000163   Thumb Code     0  startup_stm32f10x_hd.o(.text)
    I2C1_EV_IRQHandler                       0x08000163   Thumb Code     0  startup_stm32f10x_hd.o(.text)
    I2C2_ER_IRQHandler                       0x08000163   Thumb Code     0  startup_stm32f10x_hd.o(.text)
    I2C2_EV_IRQHandler                       0x08000163   Thumb Code     0  startup_stm32f10x_hd.o(.text)
    PVD_IRQHandler                           0x08000163   Thumb Code     0  startup_stm32f10x_hd.o(.text)
    RCC_IRQHandler                           0x08000163   Thumb Code     0  startup_stm32f10x_hd.o(.text)
    RTCAlarm_IRQHandler                      0x08000163   Thumb Code     0  startup_stm32f10x_hd.o(.text)
    RTC_IRQHandler                           0x08000163   Thumb Code     0  startup_stm32f10x_hd.o(.text)
    SDIO_IRQHandler                          0x08000163   Thumb Code     0  startup_stm32f10x_hd.o(.text)
    SPI1_IRQHandler                          0x08000163   Thumb Code     0  startup_stm32f10x_hd.o(.text)
    SPI2_IRQHandler                          0x08000163   Thumb Code     0  startup_stm32f10x_hd.o(.text)
    SPI3_IRQHandler                          0x08000163   Thumb Code     0  startup_stm32f10x_hd.o(.text)
    TAMPER_IRQHandler                        0x08000163   Thumb Code     0  startup_stm32f10x_hd.o(.text)
    TIM1_BRK_IRQHandler                      0x08000163   Thumb Code     0  startup_stm32f10x_hd.o(.text)
    TIM1_CC_IRQHandler                       0x08000163   Thumb Code     0  startup_stm32f10x_hd.o(.text)
    TIM1_TRG_COM_IRQHandler                  0x08000163   Thumb Code     0  startup_stm32f10x_hd.o(.text)
    TIM1_UP_IRQHandler                       0x08000163   Thumb Code     0  startup_stm32f10x_hd.o(.text)
    TIM2_IRQHandler                          0x08000163   Thumb Code     0  startup_stm32f10x_hd.o(.text)
    TIM3_IRQHandler                          0x08000163   Thumb Code     0  startup_stm32f10x_hd.o(.text)
    TIM4_IRQHandler                          0x08000163   Thumb Code     0  startup_stm32f10x_hd.o(.text)
    TIM5_IRQHandler                          0x08000163   Thumb Code     0  startup_stm32f10x_hd.o(.text)
    TIM6_IRQHandler                          0x08000163   Thumb Code     0  startup_stm32f10x_hd.o(.text)
    TIM7_IRQHandler                          0x08000163   Thumb Code     0  startup_stm32f10x_hd.o(.text)
    TIM8_BRK_IRQHandler                      0x08000163   Thumb Code     0  startup_stm32f10x_hd.o(.text)
    TIM8_CC_IRQHandler                       0x08000163   Thumb Code     0  startup_stm32f10x_hd.o(.text)
    TIM8_TRG_COM_IRQHandler                  0x08000163   Thumb Code     0  startup_stm32f10x_hd.o(.text)
    TIM8_UP_IRQHandler                       0x08000163   Thumb Code     0  startup_stm32f10x_hd.o(.text)
    UART4_IRQHandler                         0x08000163   Thumb Code     0  startup_stm32f10x_hd.o(.text)
    UART5_IRQHandler                         0x08000163   Thumb Code     0  startup_stm32f10x_hd.o(.text)
    USART1_IRQHandler                        0x08000163   Thumb Code     0  startup_stm32f10x_hd.o(.text)
    USART2_IRQHandler                        0x08000163   Thumb Code     0  startup_stm32f10x_hd.o(.text)
    USART3_IRQHandler                        0x08000163   Thumb Code     0  startup_stm32f10x_hd.o(.text)
    USBWakeUp_IRQHandler                     0x08000163   Thumb Code     0  startup_stm32f10x_hd.o(.text)
    USB_HP_CAN1_TX_IRQHandler                0x08000163   Thumb Code     0  startup_stm32f10x_hd.o(.text)
    USB_LP_CAN1_RX0_IRQHandler               0x08000163   Thumb Code     0  startup_stm32f10x_hd.o(.text)
    WWDG_IRQHandler                          0x08000163   Thumb Code     0  startup_stm32f10x_hd.o(.text)
    __aeabi_memcpy                           0x0800016d   Thumb Code    36  memcpya.o(.text)
    __aeabi_memcpy4                          0x0800016d   Thumb Code     0  memcpya.o(.text)
    __aeabi_memcpy8                          0x0800016d   Thumb Code     0  memcpya.o(.text)
    __aeabi_memset                           0x08000191   Thumb Code    14  memseta.o(.text)
    __aeabi_memset4                          0x08000191   Thumb Code     0  memseta.o(.text)
    __aeabi_memset8                          0x08000191   Thumb Code     0  memseta.o(.text)
    __aeabi_memclr                           0x0800019f   Thumb Code     4  memseta.o(.text)
    __aeabi_memclr4                          0x0800019f   Thumb Code     0  memseta.o(.text)
    __aeabi_memclr8                          0x0800019f   Thumb Code     0  memseta.o(.text)
    _memset$wrapper                          0x080001a3   Thumb Code    18  memseta.o(.text)
    strchr                                   0x080001b5   Thumb Code    20  strchr.o(.text)
    memcmp                                   0x080001c9   Thumb Code    26  memcmp.o(.text)
    __aeabi_uidiv                            0x080001e3   Thumb Code     0  uidiv.o(.text)
    __aeabi_uidivmod                         0x080001e3   Thumb Code    44  uidiv.o(.text)
    __aeabi_uldivmod                         0x0800020f   Thumb Code    98  uldiv.o(.text)
    __I$use$fp                               0x08000271   Thumb Code     0  iusefp.o(.text)
    __aeabi_dadd                             0x08000271   Thumb Code   322  dadd.o(.text)
    __aeabi_dsub                             0x080003b3   Thumb Code     6  dadd.o(.text)
    __aeabi_drsub                            0x080003b9   Thumb Code     6  dadd.o(.text)
    __aeabi_dmul                             0x080003bf   Thumb Code   228  dmul.o(.text)
    __aeabi_ddiv                             0x080004a3   Thumb Code   222  ddiv.o(.text)
    __aeabi_d2ulz                            0x08000581   Thumb Code    48  dfixul.o(.text)
    __aeabi_cdrcmple                         0x080005b1   Thumb Code    48  cdrcmple.o(.text)
    __scatterload                            0x080005e1   Thumb Code    28  init.o(.text)
    __scatterload_rt2                        0x080005e1   Thumb Code     0  init.o(.text)
    __aeabi_llsl                             0x08000605   Thumb Code    30  llshl.o(.text)
    _ll_shift_l                              0x08000605   Thumb Code     0  llshl.o(.text)
    __aeabi_llsr                             0x08000623   Thumb Code    32  llushr.o(.text)
    _ll_ushift_r                             0x08000623   Thumb Code     0  llushr.o(.text)
    __aeabi_lasr                             0x08000643   Thumb Code    36  llsshr.o(.text)
    _ll_sshift_r                             0x08000643   Thumb Code     0  llsshr.o(.text)
    _double_round                            0x08000667   Thumb Code    30  depilogue.o(.text)
    _double_epilogue                         0x08000685   Thumb Code   156  depilogue.o(.text)
    BusFault_Handler                         0x08000721   Thumb Code     4  stm32f10x_it.o(i.BusFault_Handler)
    DebugMon_Handler                         0x08000725   Thumb Code     2  stm32f10x_it.o(i.DebugMon_Handler)
    GPIO_Init                                0x08000727   Thumb Code   278  stm32f10x_gpio.o(i.GPIO_Init)
    GPIO_ResetBits                           0x0800083d   Thumb Code     4  stm32f10x_gpio.o(i.GPIO_ResetBits)
    GPIO_SetBits                             0x08000841   Thumb Code     4  stm32f10x_gpio.o(i.GPIO_SetBits)
    HardFault_Handler                        0x08000845   Thumb Code     4  stm32f10x_it.o(i.HardFault_Handler)
    HardWare_Init                            0x08000849   Thumb Code    22  main.o(i.HardWare_Init)
    MemManage_Handler                        0x0800085f   Thumb Code     4  stm32f10x_it.o(i.MemManage_Handler)
    NMI_Handler                              0x08000863   Thumb Code     2  stm32f10x_it.o(i.NMI_Handler)
    PendSV_Handler                           0x08000865   Thumb Code     2  stm32f10x_it.o(i.PendSV_Handler)
    RCC_APB2PeriphClockCmd                   0x08000869   Thumb Code    26  stm32f10x_rcc.o(i.RCC_APB2PeriphClockCmd)
    RCC_GetClocksFreq                        0x08000889   Thumb Code   192  stm32f10x_rcc.o(i.RCC_GetClocksFreq)
    SPI1_Config                              0x0800095d   Thumb Code   172  spi_drv.o(i.SPI1_Config)
    SPI1_ReadByte                            0x08000a11   Thumb Code    16  spi_drv.o(i.SPI1_ReadByte)
    SPI1_ReadWriteByte                       0x08000a21   Thumb Code    50  spi_drv.o(i.SPI1_ReadWriteByte)
    SPI_Cmd                                  0x08000a59   Thumb Code    24  stm32f10x_spi.o(i.SPI_Cmd)
    SPI_I2S_GetFlagStatus                    0x08000a71   Thumb Code    18  stm32f10x_spi.o(i.SPI_I2S_GetFlagStatus)
    SPI_I2S_ReceiveData                      0x08000a83   Thumb Code     6  stm32f10x_spi.o(i.SPI_I2S_ReceiveData)
    SPI_I2S_SendData                         0x08000a89   Thumb Code     4  stm32f10x_spi.o(i.SPI_I2S_SendData)
    SPI_Init                                 0x08000a8d   Thumb Code    60  stm32f10x_spi.o(i.SPI_Init)
    SVC_Handler                              0x08000ac9   Thumb Code     2  stm32f10x_it.o(i.SVC_Handler)
    SysTick_Handler                          0x08000bb5   Thumb Code     2  stm32f10x_it.o(i.SysTick_Handler)
    SysTick_Init                             0x08000bb9   Thumb Code    44  systick.o(i.SysTick_Init)
    SystemInit                               0x08000bed   Thumb Code    78  system_stm32f10x.o(i.SystemInit)
    USART_ClearFlag                          0x08000c4d   Thumb Code    18  stm32f10x_usart.o(i.USART_ClearFlag)
    USART_Cmd                                0x08000c5f   Thumb Code    24  stm32f10x_usart.o(i.USART_Cmd)
    USART_GetFlagStatus                      0x08000c77   Thumb Code    26  stm32f10x_usart.o(i.USART_GetFlagStatus)
    USART_Init                               0x08000c91   Thumb Code   210  stm32f10x_usart.o(i.USART_Init)
    USART_SendData                           0x08000d69   Thumb Code     8  stm32f10x_usart.o(i.USART_SendData)
    UsageFault_Handler                       0x08000d71   Thumb Code     4  stm32f10x_it.o(i.UsageFault_Handler)
    Usart_MyConfig                           0x08000d75   Thumb Code   120  usart_drv.o(i.Usart_MyConfig)
    W25QXX_Erase_Sector                      0x08000df5   Thumb Code    64  w25qxx_drv.o(i.W25QXX_Erase_Sector)
    W25QXX_Read                              0x08000e39   Thumb Code    76  w25qxx_drv.o(i.W25QXX_Read)
    W25QXX_ReadID                            0x08000e89   Thumb Code    62  w25qxx_drv.o(i.W25QXX_ReadID)
    W25QXX_ReadSR                            0x08000ecd   Thumb Code    36  w25qxx_drv.o(i.W25QXX_ReadSR)
    W25QXX_WAKEUP                            0x08000ef5   Thumb Code    32  w25qxx_drv.o(i.W25QXX_WAKEUP)
    W25QXX_Wait_Busy                         0x08000f19   Thumb Code    18  w25qxx_drv.o(i.W25QXX_Wait_Busy)
    W25QXX_Write                             0x08000f2d   Thumb Code   180  w25qxx_drv.o(i.W25QXX_Write)
    W25QXX_WritePage                         0x08000fe5   Thumb Code    84  w25qxx_drv.o(i.W25QXX_WritePage)
    W25QXX_Write_Enable                      0x0800103d   Thumb Code    26  w25qxx_drv.o(i.W25QXX_Write_Enable)
    W25QXX_Write_NoCheck                     0x0800105d   Thumb Code    70  w25qxx_drv.o(i.W25QXX_Write_NoCheck)
    __0printf                                0x080010a5   Thumb Code    22  printfa.o(i.__0printf)
    __1printf                                0x080010a5   Thumb Code     0  printfa.o(i.__0printf)
    __2printf                                0x080010a5   Thumb Code     0  printfa.o(i.__0printf)
    __c89printf                              0x080010a5   Thumb Code     0  printfa.o(i.__0printf)
    printf                                   0x080010a5   Thumb Code     0  printfa.o(i.__0printf)
    __scatterload_copy                       0x080010c5   Thumb Code    14  handlers.o(i.__scatterload_copy)
    __scatterload_null                       0x080010d3   Thumb Code     2  handlers.o(i.__scatterload_null)
    __scatterload_zeroinit                   0x080010d5   Thumb Code    14  handlers.o(i.__scatterload_zeroinit)
    delay_us                                 0x0800205d   Thumb Code    72  systick.o(i.delay_us)
    disk_initialize                          0x0800252d   Thumb Code    50  diskio.o(i.disk_initialize)
    disk_ioctl                               0x0800255f   Thumb Code    58  diskio.o(i.disk_ioctl)
    disk_read                                0x08002599   Thumb Code    58  diskio.o(i.disk_read)
    disk_status                              0x080025d3   Thumb Code    42  diskio.o(i.disk_status)
    disk_write                               0x080025fd   Thumb Code    68  diskio.o(i.disk_write)
    f_close                                  0x08002641   Thumb Code    34  ff.o(i.f_close)
    f_mkfs                                   0x08002665   Thumb Code  1718  ff.o(i.f_mkfs)
    f_mount                                  0x08002d51   Thumb Code    90  ff.o(i.f_mount)
    f_open                                   0x08002db1   Thumb Code   526  ff.o(i.f_open)
    f_read                                   0x08002fbf   Thumb Code   472  ff.o(i.f_read)
    f_sync                                   0x08003197   Thumb Code   162  ff.o(i.f_sync)
    f_write                                  0x08003239   Thumb Code   532  ff.o(i.f_write)
    ff_oem2uni                               0x0800344d   Thumb Code   100  ffunicode.o(i.ff_oem2uni)
    ff_uni2oem                               0x080034b5   Thumb Code   112  ffunicode.o(i.ff_uni2oem)
    ff_wtoupper                              0x08003529   Thumb Code   166  ffunicode.o(i.ff_wtoupper)
    fputc                                    0x080036f9   Thumb Code    32  usart_drv.o(i.fputc)
    get_fattime                              0x08003939   Thumb Code     4  diskio.o(i.get_fattime)
    main                                     0x080039dd   Thumb Code   350  main.o(i.main)
    Region$$Table$$Base                      0x0802f108   Number         0  anon$$obj.o(Region$$Table)
    Region$$Table$$Limit                     0x0802f128   Number         0  anon$$obj.o(Region$$Table)
    res_flash                                0x20000014   Data           1  main.o(.data)
    fnum                                     0x20000018   Data           4  main.o(.data)
    WriteBuffer                              0x2000001c   Data          13  main.o(.data)
    nus                                      0x2000002c   Data           4  systick.o(.data)
    nms                                      0x20000030   Data           4  systick.o(.data)
    __stdout                                 0x2000003c   Data           4  stdout.o(.data)
    fs                                       0x20000040   Data        4152  main.o(.bss)
    fnew                                     0x20001078   Data        4136  main.o(.bss)
    ReadBuffer                               0x200020a0   Data        1024  main.o(.bss)
    W25QXX_BUFFER                            0x200034a0   Data        4096  w25qxx_drv.o(.bss)
    __initial_sp                             0x200048a0   Data           0  startup_stm32f10x_hd.o(STACK)



==============================================================================

Memory Map of the image

  Image Entry point : 0x08000131

  Load Region LR_IROM1 (Base: 0x08000000, Size: 0x0002f168, Max: 0x00080000, ABSOLUTE)

    Execution Region ER_IROM1 (Exec base: 0x08000000, Load base: 0x08000000, Size: 0x0002f128, Max: 0x00080000, ABSOLUTE)

    Exec Addr    Load Addr    Size         Type   Attr      Idx    E Section Name        Object

    0x08000000   0x08000000   0x00000130   Data   RO         3103    RESET               startup_stm32f10x_hd.o
    0x08000130   0x08000130   0x00000000   Code   RO         3812  * .ARM.Collect$$$$00000000  mc_w.l(entry.o)
    0x08000130   0x08000130   0x00000004   Code   RO         4088    .ARM.Collect$$$$00000001  mc_w.l(entry2.o)
    0x08000134   0x08000134   0x00000004   Code   RO         4091    .ARM.Collect$$$$00000004  mc_w.l(entry5.o)
    0x08000138   0x08000138   0x00000000   Code   RO         4093    .ARM.Collect$$$$00000008  mc_w.l(entry7b.o)
    0x08000138   0x08000138   0x00000000   Code   RO         4095    .ARM.Collect$$$$0000000A  mc_w.l(entry8b.o)
    0x08000138   0x08000138   0x00000008   Code   RO         4096    .ARM.Collect$$$$0000000B  mc_w.l(entry9a.o)
    0x08000140   0x08000140   0x00000004   Code   RO         4103    .ARM.Collect$$$$0000000E  mc_w.l(entry12b.o)
    0x08000144   0x08000144   0x00000000   Code   RO         4098    .ARM.Collect$$$$0000000F  mc_w.l(entry10a.o)
    0x08000144   0x08000144   0x00000000   Code   RO         4100    .ARM.Collect$$$$00000011  mc_w.l(entry11a.o)
    0x08000144   0x08000144   0x00000004   Code   RO         4089    .ARM.Collect$$$$00002712  mc_w.l(entry2.o)
    0x08000148   0x08000148   0x00000024   Code   RO         3104    .text               startup_stm32f10x_hd.o
    0x0800016c   0x0800016c   0x00000024   Code   RO         3815    .text               mc_w.l(memcpya.o)
    0x08000190   0x08000190   0x00000024   Code   RO         3817    .text               mc_w.l(memseta.o)
    0x080001b4   0x080001b4   0x00000014   Code   RO         3819    .text               mc_w.l(strchr.o)
    0x080001c8   0x080001c8   0x0000001a   Code   RO         3823    .text               mc_w.l(memcmp.o)
    0x080001e2   0x080001e2   0x0000002c   Code   RO         4105    .text               mc_w.l(uidiv.o)
    0x0800020e   0x0800020e   0x00000062   Code   RO         4107    .text               mc_w.l(uldiv.o)
    0x08000270   0x08000270   0x00000000   Code   RO         4109    .text               mc_w.l(iusefp.o)
    0x08000270   0x08000270   0x0000014e   Code   RO         4110    .text               mf_w.l(dadd.o)
    0x080003be   0x080003be   0x000000e4   Code   RO         4112    .text               mf_w.l(dmul.o)
    0x080004a2   0x080004a2   0x000000de   Code   RO         4114    .text               mf_w.l(ddiv.o)
    0x08000580   0x08000580   0x00000030   Code   RO         4116    .text               mf_w.l(dfixul.o)
    0x080005b0   0x080005b0   0x00000030   Code   RO         4118    .text               mf_w.l(cdrcmple.o)
    0x080005e0   0x080005e0   0x00000024   Code   RO         4120    .text               mc_w.l(init.o)
    0x08000604   0x08000604   0x0000001e   Code   RO         4122    .text               mc_w.l(llshl.o)
    0x08000622   0x08000622   0x00000020   Code   RO         4124    .text               mc_w.l(llushr.o)
    0x08000642   0x08000642   0x00000024   Code   RO         4126    .text               mc_w.l(llsshr.o)
    0x08000666   0x08000666   0x000000ba   Code   RO         4128    .text               mf_w.l(depilogue.o)
    0x08000720   0x08000720   0x00000004   Code   RO         3158    i.BusFault_Handler  stm32f10x_it.o
    0x08000724   0x08000724   0x00000002   Code   RO         3159    i.DebugMon_Handler  stm32f10x_it.o
    0x08000726   0x08000726   0x00000116   Code   RO         1240    i.GPIO_Init         stm32f10x_gpio.o
    0x0800083c   0x0800083c   0x00000004   Code   RO         1247    i.GPIO_ResetBits    stm32f10x_gpio.o
    0x08000840   0x08000840   0x00000004   Code   RO         1248    i.GPIO_SetBits      stm32f10x_gpio.o
    0x08000844   0x08000844   0x00000004   Code   RO         3160    i.HardFault_Handler  stm32f10x_it.o
    0x08000848   0x08000848   0x00000016   Code   RO         3108    i.HardWare_Init     main.o
    0x0800085e   0x0800085e   0x00000004   Code   RO         3161    i.MemManage_Handler  stm32f10x_it.o
    0x08000862   0x08000862   0x00000002   Code   RO         3162    i.NMI_Handler       stm32f10x_it.o
    0x08000864   0x08000864   0x00000002   Code   RO         3163    i.PendSV_Handler    stm32f10x_it.o
    0x08000866   0x08000866   0x00000002   PAD
    0x08000868   0x08000868   0x00000020   Code   RO         1658    i.RCC_APB2PeriphClockCmd  stm32f10x_rcc.o
    0x08000888   0x08000888   0x000000d4   Code   RO         1666    i.RCC_GetClocksFreq  stm32f10x_rcc.o
    0x0800095c   0x0800095c   0x000000b4   Code   RO         3221    i.SPI1_Config       spi_drv.o
    0x08000a10   0x08000a10   0x00000010   Code   RO         3222    i.SPI1_ReadByte     spi_drv.o
    0x08000a20   0x08000a20   0x00000038   Code   RO         3223    i.SPI1_ReadWriteByte  spi_drv.o
    0x08000a58   0x08000a58   0x00000018   Code   RO         2135    i.SPI_Cmd           stm32f10x_spi.o
    0x08000a70   0x08000a70   0x00000012   Code   RO         2143    i.SPI_I2S_GetFlagStatus  stm32f10x_spi.o
    0x08000a82   0x08000a82   0x00000006   Code   RO         2146    i.SPI_I2S_ReceiveData  stm32f10x_spi.o
    0x08000a88   0x08000a88   0x00000004   Code   RO         2147    i.SPI_I2S_SendData  stm32f10x_spi.o
    0x08000a8c   0x08000a8c   0x0000003c   Code   RO         2148    i.SPI_Init          stm32f10x_spi.o
    0x08000ac8   0x08000ac8   0x00000002   Code   RO         3164    i.SVC_Handler       stm32f10x_it.o
    0x08000aca   0x08000aca   0x00000008   Code   RO         3067    i.SetSysClock       system_stm32f10x.o
    0x08000ad2   0x08000ad2   0x00000002   PAD
    0x08000ad4   0x08000ad4   0x000000e0   Code   RO         3068    i.SetSysClockTo72   system_stm32f10x.o
    0x08000bb4   0x08000bb4   0x00000002   Code   RO         3165    i.SysTick_Handler   stm32f10x_it.o
    0x08000bb6   0x08000bb6   0x00000002   PAD
    0x08000bb8   0x08000bb8   0x00000034   Code   RO         3351    i.SysTick_Init      systick.o
    0x08000bec   0x08000bec   0x00000060   Code   RO         3070    i.SystemInit        system_stm32f10x.o
    0x08000c4c   0x08000c4c   0x00000012   Code   RO         2822    i.USART_ClearFlag   stm32f10x_usart.o
    0x08000c5e   0x08000c5e   0x00000018   Code   RO         2826    i.USART_Cmd         stm32f10x_usart.o
    0x08000c76   0x08000c76   0x0000001a   Code   RO         2829    i.USART_GetFlagStatus  stm32f10x_usart.o
    0x08000c90   0x08000c90   0x000000d8   Code   RO         2833    i.USART_Init        stm32f10x_usart.o
    0x08000d68   0x08000d68   0x00000008   Code   RO         2843    i.USART_SendData    stm32f10x_usart.o
    0x08000d70   0x08000d70   0x00000004   Code   RO         3166    i.UsageFault_Handler  stm32f10x_it.o
    0x08000d74   0x08000d74   0x00000080   Code   RO         3385    i.Usart_MyConfig    usart_drv.o
    0x08000df4   0x08000df4   0x00000044   Code   RO         3246    i.W25QXX_Erase_Sector  w25qxx_drv.o
    0x08000e38   0x08000e38   0x00000050   Code   RO         3248    i.W25QXX_Read       w25qxx_drv.o
    0x08000e88   0x08000e88   0x00000044   Code   RO         3249    i.W25QXX_ReadID     w25qxx_drv.o
    0x08000ecc   0x08000ecc   0x00000028   Code   RO         3250    i.W25QXX_ReadSR     w25qxx_drv.o
    0x08000ef4   0x08000ef4   0x00000024   Code   RO         3251    i.W25QXX_WAKEUP     w25qxx_drv.o
    0x08000f18   0x08000f18   0x00000012   Code   RO         3252    i.W25QXX_Wait_Busy  w25qxx_drv.o
    0x08000f2a   0x08000f2a   0x00000002   PAD
    0x08000f2c   0x08000f2c   0x000000b8   Code   RO         3253    i.W25QXX_Write      w25qxx_drv.o
    0x08000fe4   0x08000fe4   0x00000058   Code   RO         3254    i.W25QXX_WritePage  w25qxx_drv.o
    0x0800103c   0x0800103c   0x00000020   Code   RO         3256    i.W25QXX_Write_Enable  w25qxx_drv.o
    0x0800105c   0x0800105c   0x00000046   Code   RO         3257    i.W25QXX_Write_NoCheck  w25qxx_drv.o
    0x080010a2   0x080010a2   0x00000002   PAD
    0x080010a4   0x080010a4   0x00000020   Code   RO         4060    i.__0printf         mc_w.l(printfa.o)
    0x080010c4   0x080010c4   0x0000000e   Code   RO         4132    i.__scatterload_copy  mc_w.l(handlers.o)
    0x080010d2   0x080010d2   0x00000002   Code   RO         4133    i.__scatterload_null  mc_w.l(handlers.o)
    0x080010d4   0x080010d4   0x0000000e   Code   RO         4134    i.__scatterload_zeroinit  mc_w.l(handlers.o)
    0x080010e2   0x080010e2   0x00000002   PAD
    0x080010e4   0x080010e4   0x00000184   Code   RO         4067    i._fp_digits        mc_w.l(printfa.o)
    0x08001268   0x08001268   0x000006b4   Code   RO         4068    i._printf_core      mc_w.l(printfa.o)
    0x0800191c   0x0800191c   0x00000024   Code   RO         4069    i._printf_post_padding  mc_w.l(printfa.o)
    0x08001940   0x08001940   0x0000002e   Code   RO         4070    i._printf_pre_padding  mc_w.l(printfa.o)
    0x0800196e   0x0800196e   0x00000002   PAD
    0x08001970   0x08001970   0x000000e0   Code   RO         3472    i.check_fs          ff.o
    0x08001a50   0x08001a50   0x0000001a   Code   RO         3473    i.clst2sect         ff.o
    0x08001a6a   0x08001a6a   0x00000002   PAD
    0x08001a6c   0x08001a6c   0x00000098   Code   RO         3474    i.cmp_lfn           ff.o
    0x08001b04   0x08001b04   0x00000124   Code   RO         3475    i.create_chain      ff.o
    0x08001c28   0x08001c28   0x0000025c   Code   RO         3476    i.create_name       ff.o
    0x08001e84   0x08001e84   0x0000015a   Code   RO         3477    i.create_partition  ff.o
    0x08001fde   0x08001fde   0x00000002   PAD
    0x08001fe0   0x08001fe0   0x00000034   Code   RO         3478    i.dbc_1st           ff.o
    0x08002014   0x08002014   0x00000048   Code   RO         3479    i.dbc_2nd           ff.o
    0x0800205c   0x0800205c   0x0000004c   Code   RO         3354    i.delay_us          systick.o
    0x080020a8   0x080020a8   0x00000060   Code   RO         3480    i.dir_alloc         ff.o
    0x08002108   0x08002108   0x0000005e   Code   RO         3481    i.dir_clear         ff.o
    0x08002166   0x08002166   0x000000fc   Code   RO         3482    i.dir_find          ff.o
    0x08002262   0x08002262   0x000000da   Code   RO         3483    i.dir_next          ff.o
    0x0800233c   0x0800233c   0x0000014a   Code   RO         3485    i.dir_register      ff.o
    0x08002486   0x08002486   0x000000a6   Code   RO         3487    i.dir_sdi           ff.o
    0x0800252c   0x0800252c   0x00000032   Code   RO         3424    i.disk_initialize   diskio.o
    0x0800255e   0x0800255e   0x0000003a   Code   RO         3425    i.disk_ioctl        diskio.o
    0x08002598   0x08002598   0x0000003a   Code   RO         3426    i.disk_read         diskio.o
    0x080025d2   0x080025d2   0x0000002a   Code   RO         3427    i.disk_status       diskio.o
    0x080025fc   0x080025fc   0x00000044   Code   RO         3428    i.disk_write        diskio.o
    0x08002640   0x08002640   0x00000022   Code   RO         3488    i.f_close           ff.o
    0x08002662   0x08002662   0x00000002   PAD
    0x08002664   0x08002664   0x000006ec   Code   RO         3493    i.f_mkfs            ff.o
    0x08002d50   0x08002d50   0x00000060   Code   RO         3494    i.f_mount           ff.o
    0x08002db0   0x08002db0   0x0000020e   Code   RO         3495    i.f_open            ff.o
    0x08002fbe   0x08002fbe   0x000001d8   Code   RO         3497    i.f_read            ff.o
    0x08003196   0x08003196   0x000000a2   Code   RO         3501    i.f_sync            ff.o
    0x08003238   0x08003238   0x00000214   Code   RO         3504    i.f_write           ff.o
    0x0800344c   0x0800344c   0x00000068   Code   RO         3786    i.ff_oem2uni        ffunicode.o
    0x080034b4   0x080034b4   0x00000074   Code   RO         3787    i.ff_uni2oem        ffunicode.o
    0x08003528   0x08003528   0x000000b0   Code   RO         3788    i.ff_wtoupper       ffunicode.o
    0x080035d8   0x080035d8   0x00000078   Code   RO         3505    i.find_volume       ff.o
    0x08003650   0x08003650   0x000000a8   Code   RO         3506    i.follow_path       ff.o
    0x080036f8   0x080036f8   0x00000024   Code   RO         3386    i.fputc             usart_drv.o
    0x0800371c   0x0800371c   0x000000e8   Code   RO         3507    i.gen_numname       ff.o
    0x08003804   0x08003804   0x00000132   Code   RO         3508    i.get_fat           ff.o
    0x08003936   0x08003936   0x00000002   PAD
    0x08003938   0x08003938   0x00000008   Code   RO         3429    i.get_fattime       diskio.o
    0x08003940   0x08003940   0x00000052   Code   RO         3510    i.get_ldnumber      ff.o
    0x08003992   0x08003992   0x0000000c   Code   RO         3511    i.ld_16             ff.o
    0x0800399e   0x0800399e   0x00000018   Code   RO         3512    i.ld_32             ff.o
    0x080039b6   0x080039b6   0x00000026   Code   RO         3513    i.ld_clust          ff.o
    0x080039dc   0x080039dc   0x00000390   Code   RO         3109    i.main              main.o
    0x08003d6c   0x08003d6c   0x000002f4   Code   RO         3514    i.mount_volume      ff.o
    0x08004060   0x08004060   0x00000034   Code   RO         3515    i.move_window       ff.o
    0x08004094   0x08004094   0x00000190   Code   RO         3517    i.put_fat           ff.o
    0x08004224   0x08004224   0x00000080   Code   RO         3518    i.put_lfn           ff.o
    0x080042a4   0x080042a4   0x0000009a   Code   RO         3520    i.remove_chain      ff.o
    0x0800433e   0x0800433e   0x0000000c   Code   RO         3521    i.st_16             ff.o
    0x0800434a   0x0800434a   0x00000018   Code   RO         3522    i.st_32             ff.o
    0x08004362   0x08004362   0x00000024   Code   RO         3523    i.st_clust          ff.o
    0x08004386   0x08004386   0x00000020   Code   RO         3524    i.sum_sfn           ff.o
    0x080043a6   0x080043a6   0x00000002   PAD
    0x080043a8   0x080043a8   0x00000090   Code   RO         3525    i.sync_fs           ff.o
    0x08004438   0x08004438   0x0000004a   Code   RO         3526    i.sync_window       ff.o
    0x08004482   0x08004482   0x0000004c   Code   RO         3527    i.tchar2uni         ff.o
    0x080044ce   0x080044ce   0x0000003c   Code   RO         3528    i.validate          ff.o
    0x0800450a   0x0800450a   0x00000002   PAD
    0x0800450c   0x0800450c   0x00000044   Data   RO         3529    .constdata          ff.o
    0x08004550   0x08004550   0x0002abb6   Data   RO         3789    .constdata          ffunicode.o
    0x0802f106   0x0802f106   0x00000002   PAD
    0x0802f108   0x0802f108   0x00000020   Data   RO         4130    Region$$Table       anon$$obj.o


    Execution Region RW_IRAM1 (Exec base: 0x20000000, Load base: 0x0802f128, Size: 0x000048a0, Max: 0x00010000, ABSOLUTE)

    Exec Addr    Load Addr    Size         Type   Attr      Idx    E Section Name        Object

    0x20000000   0x0802f128   0x00000014   Data   RW         1686    .data               stm32f10x_rcc.o
    0x20000014   0x0802f13c   0x00000015   Data   RW         3111    .data               main.o
    0x20000029   0x0802f151   0x00000003   PAD
    0x2000002c   0x0802f154   0x00000008   Data   RW         3355    .data               systick.o
    0x20000034   0x0802f15c   0x00000006   Data   RW         3530    .data               ff.o
    0x2000003a   0x0802f162   0x00000002   PAD
    0x2000003c   0x0802f164   0x00000004   Data   RW         4104    .data               mc_w.l(stdout.o)
    0x20000040        -       0x00003460   Zero   RW         3110    .bss                main.o
    0x200034a0        -       0x00001000   Zero   RW         3259    .bss                w25qxx_drv.o
    0x200044a0        -       0x00000400   Zero   RW         3101    STACK               startup_stm32f10x_hd.o


==============================================================================

Image component sizes


      Code (inc. data)   RO Data    RW Data    ZI Data      Debug   Object Name

         0          0          0          0          0         32   core_cm3.o
       284          4          0          0          0       5264   diskio.o
      9448        190         68          6          0      52562   ff.o
       396         28     175030          0          0       3052   ffunicode.o
       934        562          0         21      13408       4519   main.o
         0          0          0          0          0     238320   misc.o
       252         14          0          0          0       1795   spi_drv.o
        36          8        304          0       1024        936   startup_stm32f10x_hd.o
       286          0          0          0          0       3364   stm32f10x_gpio.o
        26          0          0          0          0       4190   stm32f10x_it.o
       244         26          0         20          0       4177   stm32f10x_rcc.o
       112          0          0          0          0       4330   stm32f10x_spi.o
       292          6          0          0          0       5066   stm32f10x_usart.o
       328         28          0          0          0       2393   system_stm32f10x.o
       128         12          0          8          0       1340   systick.o
       164         12          0          0          0       3081   usart_drv.o
       684         36          0          0       4096       7138   w25qxx_drv.o

    ----------------------------------------------------------------------
     13636        926     175436         60      18528     341559   Object Totals
         0          0         32          0          0          0   (incl. Generated)
        22          0          2          5          0          0   (incl. Padding)

    ----------------------------------------------------------------------

      Code (inc. data)   RO Data    RW Data    ZI Data      Debug   Library Member Name

         0          0          0          0          0          0   entry.o
         0          0          0          0          0          0   entry10a.o
         0          0          0          0          0          0   entry11a.o
         4          0          0          0          0          0   entry12b.o
         8          4          0          0          0          0   entry2.o
         4          0          0          0          0          0   entry5.o
         0          0          0          0          0          0   entry7b.o
         0          0          0          0          0          0   entry8b.o
         8          4          0          0          0          0   entry9a.o
        30          0          0          0          0          0   handlers.o
        36          8          0          0          0         68   init.o
         0          0          0          0          0          0   iusefp.o
        30          0          0          0          0         68   llshl.o
        36          0          0          0          0         68   llsshr.o
        32          0          0          0          0         68   llushr.o
        26          0          0          0          0         80   memcmp.o
        36          0          0          0          0         68   memcpya.o
        36          0          0          0          0        108   memseta.o
      2218         90          0          0          0        464   printfa.o
         0          0          0          4          0          0   stdout.o
        20          0          0          0          0         68   strchr.o
        44          0          0          0          0         80   uidiv.o
        98          0          0          0          0         92   uldiv.o
        48          0          0          0          0         68   cdrcmple.o
       334          0          0          0          0        148   dadd.o
       222          0          0          0          0        100   ddiv.o
       186          0          0          0          0        176   depilogue.o
        48          0          0          0          0         68   dfixul.o
       228          0          0          0          0         96   dmul.o

    ----------------------------------------------------------------------
      3736        106          0          4          0       1888   Library Totals
         4          0          0          0          0          0   (incl. Padding)

    ----------------------------------------------------------------------

      Code (inc. data)   RO Data    RW Data    ZI Data      Debug   Library Name

      2666        106          0          4          0       1232   mc_w.l
      1066          0          0          0          0        656   mf_w.l

    ----------------------------------------------------------------------
      3736        106          0          4          0       1888   Library Totals

    ----------------------------------------------------------------------

==============================================================================


      Code (inc. data)   RO Data    RW Data    ZI Data      Debug   

     17372       1032     175436         64      18528     337827   Grand Totals
     17372       1032     175436         64      18528     337827   ELF Image Totals
     17372       1032     175436         64          0          0   ROM Totals

==============================================================================

    Total RO  Size (Code + RO Data)               192808 ( 188.29kB)
    Total RW  Size (RW Data + ZI Data)             18592 (  18.16kB)
    Total ROM Size (Code + RO Data + RW Data)     192872 ( 188.35kB)

==============================================================================

