<html>
<body>
<pre>
<h1>礦ision Build Log</h1>
<h2>Tool Versions:</h2>
IDE-Version: μVision V5.33.0.0
Copyright (C) 2020 ARM Ltd and ARM Germany GmbH. All rights reserved.
License Information: flm flm, flm, LIC=MPPLD-8KUH9-HLACL-0KZKE-EWBZW-I522R
 
Tool Versions:
Toolchain:       MDK-ARM Plus  Version: 5.33.0.0
Toolchain Path:  D:\keil5\ARM\ARMCC\Bin
C Compiler:      Armcc.exe V5.06 update 7 (build 960)
Assembler:       Armasm.exe V5.06 update 7 (build 960)
Linker/Locator:  ArmLink.exe V5.06 update 7 (build 960)
Library Manager: ArmAr.exe V5.06 update 7 (build 960)
Hex Converter:   FromElf.exe V5.06 update 7 (build 960)
CPU DLL:         SARMCM3.DLL V5.33.0.0
Dialog DLL:      DCM.DLL V1.17.3.0
Target DLL:      CMSIS_AGDI.dll V1.32.12.0
Dialog DLL:      TCM.DLL V1.48.0.0
 
<h2>Project:</h2>
C:\Users\flm\Desktop\code\2509\RS485+Modbus_Slave\project\template.uvprojx
Project File Date:  12/23/2025

<h2>Output:</h2>
*** Using Compiler 'V5.06 update 7 (build 960)', folder: 'D:\keil5\ARM\ARMCC\Bin'
Build target 'Target 1'
compiling main.c...
..\user\main.c(77): warning:  #111-D: statement is unreachable
                  printf("功能码解析\r\n");
..\user\main.c(89): warning:  #186-D: pointless comparison of unsigned integer with zero
                      if(addr >= REG_COIL_ADDR_BASE && (addr + reg_num) <= REGX_COIL_ADDR) //判断读取的寄存器是否合法
..\user\main.c(166): warning:  #186-D: pointless comparison of unsigned integer with zero
                      if(addr >= REG_COIL_ADDR_BASE && (addr + reg_num) <= REGX_COIL_ADDR) //判断读取的寄存器是否合法
..\user\main.c: 3 warnings, 0 errors
linking...
Program Size: Code=5600 RO-data=340 RW-data=552 ZI-data=1280  
FromELF: creating hex file...
".\Objects\template.axf" - 0 Error(s), 3 Warning(s).

<h2>Software Packages used:</h2>

Package Vendor: Keil
                http://www.keil.com/pack/Keil.STM32F1xx_DFP.2.1.0.pack
                Keil.STM32F1xx_DFP.2.1.0
                STMicroelectronics STM32F1 Series Device Support, Drivers and Examples

<h2>Collection of Component include folders:</h2>
  D:\keil5\ARM\PACK\Keil\STM32F1xx_DFP\2.1.0\Device\Include

<h2>Collection of Component Files used:</h2>
Build Time Elapsed:  00:00:01
</pre>
</body>
</html>
